
> revlo-app@0.1.0 build
> next build

  Γû▓ Next.js 14.2.5
  - Environments: .env

   Creating an optimized production build ...
 Γ£ô (pwa) Compiling for server...
 Γ£ô (pwa) Compiling for server...
 Γ£ô (pwa) Compiling for client (static)...
 Γùï (pwa) Service worker: C:\Users\OMEN\projects\revlo-vr\public\sw.js
 Γùï (pwa)   URL: /sw.js
 Γùï (pwa)   Scope: /
node.exe :  ΓÜá Compiled with warnings
At line:1 char:1
+ & "C:\Program Files\nodejs/node.exe" "C:\Program 
Files\nodejs/node_mo ...
+ ~~~~~~~~~~~~~~~~~~~~~~~~~~~~~~~~~~~~~~~~~~~~~~~~~~~~~
~~~~~~~~~~~~~~~~
    + CategoryInfo          : NotSpecified: ( ΓÜá Comp 
   iled with warnings:String) [], RemoteException
    + FullyQualifiedErrorId : NativeCommandError
 

./node_modules/@vladmandic/face-api/dist/face-api.esm.j
s
Critical dependency: require function is used in a way 
in which dependencies cannot be statically extracted

Import trace for requested module:
./node_modules/@vladmandic/face-api/dist/face-api.esm.j
s
./components/FaceScanner.tsx
./app/admin/page.tsx

./node_modules/@vladmandic/face-api/dist/face-api.esm.j
s
Critical dependency: require function is used in a way 
in which dependencies cannot be statically extracted

Import trace for requested module:
./node_modules/@vladmandic/face-api/dist/face-api.esm.j
s
./components/FaceScanner.tsx
./app/admin/page.tsx

   Linting and checking validity of types ...

./app/admin/contact-messages/page.tsx
30:6  Warning: React Hook useEffect has a missing dependency: 'fetchMessages'. Either include it or remove the dependency array.  react-hooks/exhaustive-deps

./app/admin/error-logs/page.tsx
55:6  Warning: React Hook useEffect has a missing dependency: 'fetchErrorLogs'. Either include it or remove the dependency array.  react-hooks/exhaustive-deps

./app/admin/fiscal-years/[id]/reports/page.tsx
60:6  Warning: React Hook useEffect has a missing dependency: 'fetchReports'. Either include it or remove the dependency array.  react-hooks/exhaustive-deps

./app/admin/live-transactions/page.tsx
62:6  Warning: React Hook useEffect has a missing dependency: 'fetchLiveData'. Either include it or remove the dependency array.  react-hooks/exhaustive-deps

./app/admin/maintenance/page.tsx
107:6  Warning: React Hook useEffect has a missing dependency: 'fetchMaintenanceData'. Either include it or remove the dependency array.  react-hooks/exhaustive-deps

./app/admin/performance-metrics/page.tsx
66:6  Warning: React Hook useEffect has a missing dependency: 'fetchMetrics'. Either include it or remove the dependency array.  react-hooks/exhaustive-deps

./app/admin/security/page.tsx
104:6  Warning: React Hook useEffect has a missing dependency: 'fetchSecurityData'. Either include it or remove the dependency array.  react-hooks/exhaustive-deps

./app/chat/page.tsx
351:199  Warning: Image elements must have an alt prop, either with meaningful text, or an empty string for decorative images.  jsx-a11y/alt-text

./app/manufacturing/bom/page.tsx
48:8  Warning: React Hook useEffect has a missing dependency: 'router'. Either include it or remove the dependency array.  react-hooks/exhaustive-deps

./app/manufacturing/customers/page.tsx
38:8  Warning: React Hook useEffect has a missing dependency: 'fetchCustomers'. Either include it or remove the dependency array.  react-hooks/exhaustive-deps

./app/manufacturing/customers/[id]/page.tsx
23:8  Warning: React Hook useEffect has a missing dependency: 'fetchCustomer'. Either include it or remove the dependency array.  react-hooks/exhaustive-deps

./app/manufacturing/factories/[id]/page.tsx
61:6  Warning: React Hook useEffect has a missing dependency: 'fetchFactoryDetails'. Either include it or remove the dependency array.  react-hooks/exhaustive-deps

./app/manufacturing/inventory/page.tsx
54:8  Warning: React Hook useEffect has a missing dependency: 'fetchInventory'. Either include it or remove the dependency array.  react-hooks/exhaustive-deps

./app/manufacturing/material-purchases/page.tsx
32:6  Warning: React Hook useEffect has a missing dependency: 'fetchPurchases'. Either include it or remove the dependency array.  react-hooks/exhaustive-deps

./app/manufacturing/production-orders/[id]/page.tsx
75:6  Warning: React Hook useEffect has a missing dependency: 'fetchProductionOrder'. Either include it or remove the dependency array.  react-hooks/exhaustive-deps

./app/manufacturing/products/edit/[id]/page.tsx
34:6  Warning: React Hook useEffect has a missing dependency: 'fetchProduct'. Either include it or remove the dependency array.  react-hooks/exhaustive-deps

./app/manufacturing/products/page.tsx
34:6  Warning: React Hook useEffect has a missing dependency: 'fetchProducts'. Either include it or remove the dependency array.  react-hooks/exhaustive-deps

./app/manufacturing/reports/page.tsx
46:6  Warning: React Hook useEffect has a missing dependency: 'fetchReport'. Either include it or remove the dependency array.  react-hooks/exhaustive-deps

./app/manufacturing/vendors/[id]/page.tsx
129:6  Warning: React Hook useEffect has a missing dependency: 'fetchVendorDetails'. Either include it or remove the dependency array.  react-hooks/exhaustive-deps

./app/projects/accounting/accounts/[id]/page.tsx
94:6  Warning: React Hook useEffect has a missing dependency: 'duration'. Either include it or remove the dependency array.  react-hooks/exhaustive-deps
174:48  Warning: React Hook useEffect has a missing dependency: 'fetchAccount'. Either include it or remove the dependency array.  react-hooks/exhaustive-deps

./app/projects/accounting/receivables/[id]/page.tsx
31:6  Warning: React Hook useEffect has a missing dependency: 'fetchLedger'. Either include it or remove the dependency array.  react-hooks/exhaustive-deps

./app/projects/accounting/transactions/[id]/page.tsx
92:6  Warning: React Hook useEffect has a missing dependency: 'fetchTransactionDetails'. Either include it or remove the dependency array.  react-hooks/exhaustive-deps

./app/projects/customers/payments/page.tsx
80:6  Warning: React Hook useEffect has missing dependencies: 'fetchCustomerPayments' and 'fetchProjectsForCustomer'. Either include them or remove the dependency array.  react-hooks/exhaustive-deps

./app/projects/customers/[id]/page.tsx
79:6  Warning: React Hook useEffect has a missing dependency: 'fetchCustomerDetails'. Either include it or remove the dependency array.  react-hooks/exhaustive-deps
96:6  Warning: React Hook useEffect has a missing dependency: 'fetchCustomerDetails'. Either include it or remove the dependency array.  react-hooks/exhaustive-deps
114:6  Warning: React Hook useEffect has a missing dependency: 'fetchCustomerDetails'. Either include it or remove the dependency array.  react-hooks/exhaustive-deps
138:6  Warning: React Hook useEffect has a missing dependency: 'fetchCustomerDetails'. Either include it or remove the dependency array.  react-hooks/exhaustive-deps

./app/projects/employees/page.tsx
437:6  Warning: React Hook useEffect has a missing dependency: 'refreshData'. Either include it or remove the dependency array.  react-hooks/exhaustive-deps
557:6  Warning: React Hook useEffect has a missing dependency: 'viewMode'. Either include it or remove the dependency array.  react-hooks/exhaustive-deps

./app/projects/employees/[id]/page.tsx
484:6  Warning: React Hook useEffect has a missing dependency: 'refreshData'. Either include it or remove the dependency array.  react-hooks/exhaustive-deps
501:6  Warning: React Hook useEffect has missing dependencies: 'fetchEmployeeDetails', 'fetchSalaryExpenses', and 'fetchSalarySummary'. Either include them or remove the dependency array.  react-hooks/exhaustive-deps

./app/projects/expenses/[id]/page.tsx
196:6  Warning: React Hook useEffect has a missing dependency: 'handlePaste'. Either include it or remove the dependency array.  react-hooks/exhaustive-deps

./app/projects/inventory/manufacturing/page.tsx
180:6  Warning: React Hook useEffect has a missing dependency: 'fetchManufacturingUsed'. Either include it or remove the dependency array.  react-hooks/exhaustive-deps

./app/projects/inventory/projects/page.tsx
156:6  Warning: React Hook useEffect has a missing dependency: 'fetchProjectMaterialUsages'. Either include it or remove the dependency array.  react-hooks/exhaustive-deps
169:6  Warning: React Hook useEffect has a missing dependency: 'fetchProjectMaterialUsages'. Either include it or remove the dependency array.  react-hooks/exhaustive-deps
189:6  Warning: React Hook useEffect has a missing dependency: 'fetchProjectMaterialUsages'. Either include it or remove the dependency array.  react-hooks/exhaustive-deps

./app/projects/main/edit/[id]/page.tsx
145:6  Warning: React Hook useEffect has a missing dependency: 'fetchProject'. Either include it or remove the dependency array.  react-hooks/exhaustive-deps

./app/projects/main/[id]/page.tsx
1305:19  Warning: Using `<img>` could result in slower LCP and higher bandwidth. Consider using `<Image />` from `next/image` to automatically optimize images. This may incur additional usage or cost from your provider. See: https://nextjs.org/docs/messages/no-img-element  @next/next/no-img-element
2082:29  Warning: Using `<img>` could result in slower LCP and higher bandwidth. Consider using `<Image />` from `next/image` to automatically optimize images. This may incur additional usage or cost from your provider. See: https://nextjs.org/docs/messages/no-img-element  @next/next/no-img-element

./app/projects/vendors/[id]/page.tsx
131:6  Warning: React Hook useEffect has a missing dependency: 'fetchVendorDetails'. Either include it or remove the dependency array.  react-hooks/exhaustive-deps

./app/reports/company-report/page.tsx
358:8  Warning: React Hook useEffect has a missing dependency: 'fetchReport'. Either include it or remove the dependency array.  react-hooks/exhaustive-deps

./app/reports/project-reports/page.tsx
476:6  Warning: React Hook useEffect has a missing dependency: 'getDateRange'. Either include it or remove the dependency array.  react-hooks/exhaustive-deps

./app/sales/edit/[id]/page.tsx
43:8  Warning: React Hook useEffect has a missing dependency: 'fetchInitialData'. Either include it or remove the dependency array.  react-hooks/exhaustive-deps

./app/sales/[id]/page.tsx
26:8  Warning: React Hook useEffect has a missing dependency: 'fetchSaleDetails'. Either include it or remove the dependency array.  react-hooks/exhaustive-deps

./app/settings/notifications/page.tsx
145:6  Warning: React Hook useEffect has a missing dependency: 'fetchNotifications'. Either include it or remove the dependency array.  react-hooks/exhaustive-deps

./app/settings/personalization/page.tsx
221:21  Warning: Using `<img>` could result in slower LCP and higher bandwidth. Consider using `<Image />` from `next/image` to automatically optimize images. This may incur additional usage or cost from your provider. See: https://nextjs.org/docs/messages/no-img-element  @next/next/no-img-element

./app/settings/security/page.tsx
80:15  Warning: Using `<img>` could result in slower LCP and higher bandwidth. Consider using `<Image />` from `next/image` to automatically optimize images. This may incur additional usage or cost from your provider. See: https://nextjs.org/docs/messages/no-img-element  @next/next/no-img-element

./app/settings/users/page.tsx
508:53  Warning: React Hook useEffect has a missing dependency: 'fetchUsers'. Either include it or remove the dependency array.  react-hooks/exhaustive-deps

./app/settings/whatsapp/page.tsx
215:37  Warning: Using `<img>` could result in slower LCP and higher bandwidth. Consider using `<Image />` from `next/image` to automatically optimize images. This may incur additional usage or cost from your provider. See: https://nextjs.org/docs/messages/no-img-element  @next/next/no-img-element

./app/shop/accounting/page.tsx
101:8  Warning: React Hook useEffect has a missing dependency: 'fetchData'. Either include it or remove the dependency array.  react-hooks/exhaustive-deps

./app/shop/accounting/transactions/page.tsx
68:8  Warning: React Hook useEffect has a missing dependency: 'fetchTransactions'. Either include it or remove the dependency array.  react-hooks/exhaustive-deps
72:8  Warning: React Hook useEffect has a missing dependency: 'fetchTransactions'. Either include it or remove the dependency array.  react-hooks/exhaustive-deps

./app/shop/customers/page.tsx
40:8  Warning: React Hook useEffect has a missing dependency: 'fetchCustomers'. Either include it or remove the dependency array.  react-hooks/exhaustive-deps

./app/shop/customers/[id]/page.tsx
51:8  Warning: React Hook useEffect has a missing dependency: 'fetchCustomerData'. Either include it or remove the dependency array.  react-hooks/exhaustive-deps

./app/shop/employees/[id]/page.tsx
73:8  Warning: React Hook useEffect has a missing dependency: 'fetchEmployee'. Either include it or remove the dependency array.  react-hooks/exhaustive-deps

./app/shop/inventory/add/page.tsx
141:8  Warning: React Hook useEffect has a missing dependency: 'toast'. Either include it or remove the dependency array.  react-hooks/exhaustive-deps

./app/shop/inventory/page.tsx
49:8  Warning: React Hook useEffect has a missing dependency: 'fetchProducts'. Either include it or remove the dependency array.  react-hooks/exhaustive-deps

./app/shop/pos/page.tsx
298:8  Warning: React Hook useEffect has a missing dependency: 'handleScan'. Either include it or remove the dependency array.  react-hooks/exhaustive-deps

./app/shop/purchases/add/page.tsx
265:8  Warning: React Hook useEffect has a missing dependency: 'processReceiptFile'. Either include it or remove the dependency array.  react-hooks/exhaustive-deps

./app/shop/purchases/page.tsx
80:8  Warning: React Hook useEffect has a missing dependency: 'fetchPurchases'. Either include it or remove the dependency array.  react-hooks/exhaustive-deps

./app/shop/reports/categories/page.tsx
29:8  Warning: React Hook useEffect has a missing dependency: 'fetchData'. Either include it or remove the dependency array.  react-hooks/exhaustive-deps

./app/shop/reports/finance/page.tsx
58:8  Warning: React Hook useEffect has a missing dependency: 'fetchReport'. Either include it or remove the dependency array.  react-hooks/exhaustive-deps

./app/shop/reports/ledger/page.tsx
23:8  Warning: React Hook useEffect has a missing dependency: 'fetchLedger'. Either include it or remove the dependency array.  react-hooks/exhaustive-deps

./app/shop/reports/page.tsx
72:8  Warning: React Hook useEffect has a missing dependency: 'fetchOverviewStats'. Either include it or remove the dependency array.  react-hooks/exhaustive-deps

./app/shop/reports/sales/page.tsx
24:8  Warning: React Hook useEffect has a missing dependency: 'fetchReport'. Either include it or remove the dependency array.  react-hooks/exhaustive-deps

./app/shop/sales/page.tsx
92:8  Warning: React Hook useEffect has a missing dependency: 'fetchSales'. Either include it or remove the dependency array.  react-hooks/exhaustive-deps

./app/shop/settings/whatsapp/page.tsx
215:33  Warning: Using `<img>` could result in slower LCP and higher bandwidth. Consider using `<Image />` from `next/image` to automatically optimize images. This may incur additional usage or cost from your provider. See: https://nextjs.org/docs/messages/no-img-element  @next/next/no-img-element

./app/shop/vendors/page.tsx
38:8  Warning: React Hook useEffect has a missing dependency: 'fetchVendors'. Either include it or remove the dependency array.  react-hooks/exhaustive-deps

./app/shop/vendors/[id]/page.tsx
38:8  Warning: React Hook useEffect has a missing dependency: 'fetchVendorData'. Either include it or remove the dependency array.  react-hooks/exhaustive-deps

./app/telegram-expenses/page.tsx
55:6  Warning: React Hook useEffect has a missing dependency: 'fetchPendingExpenses'. Either include it or remove the dependency array.  react-hooks/exhaustive-deps

./components/common/FloatingChat.tsx
47:6  Warning: React Hook useEffect has a missing dependency: 'fetchChatRoom'. Either include it or remove the dependency array.  react-hooks/exhaustive-deps
354:17  Warning: Image elements must have an alt prop, either with meaningful text, or an empty string for decorative images.  jsx-a11y/alt-text

./components/common/GlobalCalculator.tsx
81:6  Warning: React Hook useEffect has a missing dependency: 'deleteLast'. Either include it or remove the dependency array.  react-hooks/exhaustive-deps

./components/expenses/MaterialExpenseForm.tsx
102:8  Warning: React Hook useEffect has a missing dependency: 'processReceiptFile'. Either include it or remove the dependency array.  react-hooks/exhaustive-deps
319:25  Warning: Using `<img>` could result in slower LCP and higher bandwidth. Consider using `<Image />` from `next/image` to automatically optimize images. This may incur additional usage or cost from your provider. See: https://nextjs.org/docs/messages/no-img-element  @next/next/no-img-element

./components/expenses/VendorSelect.tsx
36:8  Warning: React Hook useEffect has a missing dependency: 'fetchVendors'. Either include it or remove the dependency array.  react-hooks/exhaustive-deps

./components/FaceScanner.tsx
49:6  Warning: React Hook useEffect has a missing dependency: 'onError'. Either include it or remove the dependency array. If 'onError' changes too often, find the parent component that defines it and wrap that definition in useCallback.  react-hooks/exhaustive-deps
56:6  Warning: React Hook useEffect has a missing dependency: 'startCamera'. Either include it or remove the dependency array.  react-hooks/exhaustive-deps

./components/modals/VendorPaymentModal.tsx
67:8  Warning: React Hook useEffect has missing dependencies: 'fetchAccounts' and 'watch'. Either include them or remove the dependency array.  react-hooks/exhaustive-deps

info  - Need to disable some ESLint rules? Learn more here: https://nextjs.org/docs/basic-features/eslint#disabling-rules
   Collecting page data ...
Report Scheduler initialized
[WhatsApp Manager] Module Loaded / Hot Reloaded
[WhatsApp Manager] Module Loaded / Hot Reloaded
[WhatsApp Manager] Module Loaded / Hot Reloaded
[WhatsApp Manager] Module Loaded / Hot Reloaded
[WhatsApp Manager] Module Loaded / Hot Reloaded
[WhatsApp Manager] Module Loaded / Hot Reloaded
[WhatsApp Manager] Module Loaded / Hot Reloaded
[WhatsApp Manager] Module Loaded / Hot Reloaded
[WhatsApp Manager] Module Loaded / Hot Reloaded
[WhatsApp Manager] Module Loaded (Force Fresh v4)
[WhatsApp Manager] Module Loaded / Hot Reloaded
[WhatsApp Manager] Module Loaded (Force Fresh v4)
[WhatsApp Manager] Module Loaded (Force Fresh v4)
[WhatsApp Manager] Module Loaded (Force Fresh v4)
[WhatsApp Manager] Module Loaded / Hot Reloaded
[WhatsApp Manager] Module Loaded (Force Fresh v4)
[WhatsApp Manager] Module Loaded (Force Fresh v4)
[WhatsApp Manager] Module Loaded / Hot Reloaded
[WhatsApp Manager] Module Loaded (Force Fresh v4)
[WhatsApp Manager] Module Loaded (Force Fresh v4)
[WhatsApp Manager] New instance created (Constructor)
[WhatsApp Manager] New instance created (Constructor)
[WhatsApp Manager] Module Loaded (Force Fresh v4)
[WhatsApp Manager] Module Loaded (Force Fresh v4)
[WhatsApp Manager] New instance created (Constructor)
[WhatsApp Manager] New instance created (Constructor)
[WhatsApp Manager] Module Loaded (Force Fresh v4)
[WhatsApp Manager] New instance created (Constructor)
[WhatsApp Manager] New instance created (Constructor)
[WhatsApp Manager] Module Loaded (Force Fresh v4)
[WhatsApp Manager] New instance created (Constructor)
[WhatsApp Manager] New instance created (Constructor)
[WhatsApp Manager] New instance created (Constructor)
[WhatsApp Manager] New instance created (Constructor)
[WhatsApp Manager] New instance created (Constructor)
[WhatsApp Manager] New instance created (Constructor)
   Generating static pages (0/317) ...
Error fetching restore jobs: n [Error]: Dynamic server 
usage: Route /api/admin/restore-jobs couldn't be 
rendered statically because it used `headers`. See 
more info here: 
https://nextjs.org/docs/messages/dynamic-server-error
    at l (C:\Users\OMEN\projects\revlo-vr\.next\server\
chunks\38948.js:1:37251)
    at d (C:\Users\OMEN\projects\revlo-vr\.next\server\
chunks\45609.js:30:26094)
    at s (C:\Users\OMEN\projects\revlo-vr\.next\server\
chunks\45609.js:30:19236)
    at s (C:\Users\OMEN\projects\revlo-vr\.next\server\
app\api\admin\maintenance\tasks\route.js:1:4737)
    at p (C:\Users\OMEN\projects\revlo-vr\.next\server\
app\api\admin\restore-jobs\route.js:1:1270)
    at C:\Users\OMEN\projects\revlo-vr\node_modules\nex
t\dist\compiled\next-server\app-route.runtime.prod.js:6
:36264
    at C:\Users\OMEN\projects\revlo-vr\node_modules\nex
t\dist\server\lib\trace\tracer.js:140:36
    at NoopContextManager.with (C:\Users\OMEN\projects\
revlo-vr\node_modules\next\dist\compiled\@opentelemetry
\api\index.js:1:7062)
    at ContextAPI.with (C:\Users\OMEN\projects\revlo-vr
\node_modules\next\dist\compiled\@opentelemetry\api\ind
ex.js:1:518)
    at NoopTracer.startActiveSpan (C:\Users\OMEN\projec
ts\revlo-vr\node_modules\next\dist\compiled\@openteleme
try\api\index.js:1:18093)
    at ProxyTracer.startActiveSpan (C:\Users\OMEN\proje
cts\revlo-vr\node_modules\next\dist\compiled\@opentelem
etry\api\index.js:1:18854)
    at C:\Users\OMEN\projects\revlo-vr\node_modules\nex
t\dist\server\lib\trace\tracer.js:122:103
    at NoopContextManager.with (C:\Users\OMEN\projects\
revlo-vr\node_modules\next\dist\compiled\@opentelemetry
\api\index.js:1:7062)
    at ContextAPI.with (C:\Users\OMEN\projects\revlo-vr
\node_modules\next\dist\compiled\@opentelemetry\api\ind
ex.js:1:518)
    at NextTracerImpl.trace (C:\Users\OMEN\projects\rev
lo-vr\node_modules\next\dist\server\lib\trace\tracer.js
:122:28)
    at C:\Users\OMEN\projects\revlo-vr\node_modules\nex
t\dist\compiled\next-server\app-route.runtime.prod.js:6
:28919 {
  description: "Route /api/admin/restore-jobs couldn't 
be rendered statically because it used `headers`. See 
more info here: 
https://nextjs.org/docs/messages/dynamic-server-error",
  digest: 'DYNAMIC_SERVER_USAGE'
}
prisma:info Starting a postgresql pool with 33 connections.
Redirect error: q [Error]: Dynamic server usage: Route 
/api/projects/accounting/reports/debts couldn't be 
rendered statically because it used `request.url`. See 
more info here: 
https://nextjs.org/docs/messages/dynamic-server-error
    at W (C:\Users\OMEN\projects\revlo-vr\node_modules\
next\dist\compiled\next-server\app-route.runtime.prod.j
s:6:21106)
    at Object.get (C:\Users\OMEN\projects\revlo-vr\node
_modules\next\dist\compiled\next-server\app-route.runti
me.prod.js:6:28459)
    at i (C:\Users\OMEN\projects\revlo-vr\.next\server\
app\api\projects\accounting\reports\debts\route.js:1:53
4)
    at C:\Users\OMEN\projects\revlo-vr\node_modules\nex
t\dist\compiled\next-server\app-route.runtime.prod.js:6
:36264
    at C:\Users\OMEN\projects\revlo-vr\node_modules\nex
t\dist\server\lib\trace\tracer.js:140:36
    at NoopContextManager.with (C:\Users\OMEN\projects\
revlo-vr\node_modules\next\dist\compiled\@opentelemetry
\api\index.js:1:7062)
    at ContextAPI.with (C:\Users\OMEN\projects\revlo-vr
\node_modules\next\dist\compiled\@opentelemetry\api\ind
ex.js:1:518)
    at NoopTracer.startActiveSpan (C:\Users\OMEN\projec
ts\revlo-vr\node_modules\next\dist\compiled\@openteleme
try\api\index.js:1:18093)
    at ProxyTracer.startActiveSpan (C:\Users\OMEN\proje
cts\revlo-vr\node_modules\next\dist\compiled\@opentelem
etry\api\index.js:1:18854)
    at C:\Users\OMEN\projects\revlo-vr\node_modules\nex
t\dist\server\lib\trace\tracer.js:122:103
    at NoopContextManager.with (C:\Users\OMEN\projects\
revlo-vr\node_modules\next\dist\compiled\@opentelemetry
\api\index.js:1:7062)
    at ContextAPI.with (C:\Users\OMEN\projects\revlo-vr
\node_modules\next\dist\compiled\@opentelemetry\api\ind
ex.js:1:518)
    at NextTracerImpl.trace (C:\Users\OMEN\projects\rev
lo-vr\node_modules\next\dist\server\lib\trace\tracer.js
:122:28)
    at C:\Users\OMEN\projects\revlo-vr\node_modules\nex
t\dist\compiled\next-server\app-route.runtime.prod.js:6
:28919
    at AsyncLocalStorage.run (node:internal/async_local
_storage/async_context_frame:63:14)
    at Object.wrap (C:\Users\OMEN\projects\revlo-vr\nod
e_modules\next\dist\compiled\next-server\app-route.runt
ime.prod.js:6:22491) {
  description: "Route 
/api/projects/accounting/reports/debts couldn't be 
rendered statically because it used `request.url`. See 
more info here: 
https://nextjs.org/docs/messages/dynamic-server-error",
  digest: 'DYNAMIC_SERVER_USAGE'
}
Analytics API error: n [Error]: Dynamic server usage: 
Route /api/admin/analytics couldn't be rendered 
statically because it used `headers`. See more info 
here: 
https://nextjs.org/docs/messages/dynamic-server-error
    at l (C:\Users\OMEN\projects\revlo-vr\.next\server\
chunks\38948.js:1:37251)
    at d (C:\Users\OMEN\projects\revlo-vr\.next\server\
chunks\45609.js:30:26094)
    at s (C:\Users\OMEN\projects\revlo-vr\.next\server\
chunks\45609.js:30:19236)
    at s (C:\Users\OMEN\projects\revlo-vr\.next\server\
app\api\admin\maintenance\tasks\route.js:1:4737)
    at p (C:\Users\OMEN\projects\revlo-vr\.next\server\
app\api\admin\analytics\route.js:1:1286)
    at C:\Users\OMEN\projects\revlo-vr\node_modules\nex
t\dist\compiled\next-server\app-route.runtime.prod.js:6
:36264
    at C:\Users\OMEN\projects\revlo-vr\node_modules\nex
t\dist\server\lib\trace\tracer.js:140:36
    at NoopContextManager.with (C:\Users\OMEN\projects\
revlo-vr\node_modules\next\dist\compiled\@opentelemetry
\api\index.js:1:7062)
    at ContextAPI.with (C:\Users\OMEN\projects\revlo-vr
\node_modules\next\dist\compiled\@opentelemetry\api\ind
ex.js:1:518)
    at NoopTracer.startActiveSpan (C:\Users\OMEN\projec
ts\revlo-vr\node_modules\next\dist\compiled\@openteleme
try\api\index.js:1:18093)
    at ProxyTracer.startActiveSpan (C:\Users\OMEN\proje
cts\revlo-vr\node_modules\next\dist\compiled\@opentelem
etry\api\index.js:1:18854)
    at C:\Users\OMEN\projects\revlo-vr\node_modules\nex
t\dist\server\lib\trace\tracer.js:122:103
    at NoopContextManager.with (C:\Users\OMEN\projects\
revlo-vr\node_modules\next\dist\compiled\@opentelemetry
\api\index.js:1:7062)
    at ContextAPI.with (C:\Users\OMEN\projects\revlo-vr
\node_modules\next\dist\compiled\@opentelemetry\api\ind
ex.js:1:518)
    at NextTracerImpl.trace (C:\Users\OMEN\projects\rev
lo-vr\node_modules\next\dist\server\lib\trace\tracer.js
:122:28)
    at C:\Users\OMEN\projects\revlo-vr\node_modules\nex
t\dist\compiled\next-server\app-route.runtime.prod.js:6
:28919 {
  description: "Route /api/admin/analytics couldn't be 
rendered statically because it used `headers`. See 
more info here: 
https://nextjs.org/docs/messages/dynamic-server-error",
  digest: 'DYNAMIC_SERVER_USAGE'
}
prisma:info Starting a postgresql pool with 33 connections.
Company Operations Report API Error: n [Error]: 
Dynamic server usage: Route 
/api/projects/accounting/reports/company-comprehensive 
couldn't be rendered statically because it used 
`headers`. See more info here: 
https://nextjs.org/docs/messages/dynamic-server-error
    at l (C:\Users\OMEN\projects\revlo-vr\.next\server\
chunks\38948.js:1:37251)
    at d (C:\Users\OMEN\projects\revlo-vr\.next\server\
chunks\45609.js:30:26094)
    at s (C:\Users\OMEN\projects\revlo-vr\.next\server\
chunks\45609.js:30:19236)
    at c (C:\Users\OMEN\projects\revlo-vr\.next\server\
chunks\66454.js:1:3049)
    at p (C:\Users\OMEN\projects\revlo-vr\.next\server\
app\api\projects\accounting\reports\company-comprehensi
ve\route.js:1:1441)
    at C:\Users\OMEN\projects\revlo-vr\node_modules\nex
t\dist\compiled\next-server\app-route.runtime.prod.js:6
:36264
    at C:\Users\OMEN\projects\revlo-vr\node_modules\nex
t\dist\server\lib\trace\tracer.js:140:36
    at NoopContextManager.with (C:\Users\OMEN\projects\
revlo-vr\node_modules\next\dist\compiled\@opentelemetry
\api\index.js:1:7062)
    at ContextAPI.with (C:\Users\OMEN\projects\revlo-vr
\node_modules\next\dist\compiled\@opentelemetry\api\ind
ex.js:1:518)
    at NoopTracer.startActiveSpan (C:\Users\OMEN\projec
ts\revlo-vr\node_modules\next\dist\compiled\@openteleme
try\api\index.js:1:18093)
    at ProxyTracer.startActiveSpan (C:\Users\OMEN\proje
cts\revlo-vr\node_modules\next\dist\compiled\@opentelem
etry\api\index.js:1:18854)
    at C:\Users\OMEN\projects\revlo-vr\node_modules\nex
t\dist\server\lib\trace\tracer.js:122:103
    at NoopContextManager.with (C:\Users\OMEN\projects\
revlo-vr\node_modules\next\dist\compiled\@opentelemetry
\api\index.js:1:7062)
    at ContextAPI.with (C:\Users\OMEN\projects\revlo-vr
\node_modules\next\dist\compiled\@opentelemetry\api\ind
ex.js:1:518)
    at NextTracerImpl.trace (C:\Users\OMEN\projects\rev
lo-vr\node_modules\next\dist\server\lib\trace\tracer.js
:122:28)
    at C:\Users\OMEN\projects\revlo-vr\node_modules\nex
t\dist\compiled\next-server\app-route.runtime.prod.js:6
:28919 {
  description: "Route 
/api/projects/accounting/reports/company-comprehensive 
couldn't be rendered statically because it used 
`headers`. See more info here: 
https://nextjs.org/docs/messages/dynamic-server-error",
  digest: 'DYNAMIC_SERVER_USAGE'
}
Cilad ayaa dhacday marka warbixinta kharashyada la soo 
gelinayay: q [Error]: Dynamic server usage: Route 
/api/projects/accounting/reports/expenses couldn't be 
rendered statically because it used `request.url`. See 
more info here: 
https://nextjs.org/docs/messages/dynamic-server-error
    at W (C:\Users\OMEN\projects\revlo-vr\node_modules\
next\dist\compiled\next-server\app-route.runtime.prod.j
s:6:21106)
    at Object.get (C:\Users\OMEN\projects\revlo-vr\node
_modules\next\dist\compiled\next-server\app-route.runti
me.prod.js:6:28459)
    at u (C:\Users\OMEN\projects\revlo-vr\.next\server\
app\api\projects\accounting\reports\expenses\route.js:1
:603)
    at C:\Users\OMEN\projects\revlo-vr\node_modules\nex
t\dist\compiled\next-server\app-route.runtime.prod.js:6
:36264
    at C:\Users\OMEN\projects\revlo-vr\node_modules\nex
t\dist\server\lib\trace\tracer.js:140:36
    at NoopContextManager.with (C:\Users\OMEN\projects\
revlo-vr\node_modules\next\dist\compiled\@opentelemetry
\api\index.js:1:7062)
    at ContextAPI.with (C:\Users\OMEN\projects\revlo-vr
\node_modules\next\dist\compiled\@opentelemetry\api\ind
ex.js:1:518)
    at NoopTracer.startActiveSpan (C:\Users\OMEN\projec
ts\revlo-vr\node_modules\next\dist\compiled\@openteleme
try\api\index.js:1:18093)
    at ProxyTracer.startActiveSpan (C:\Users\OMEN\proje
cts\revlo-vr\node_modules\next\dist\compiled\@opentelem
etry\api\index.js:1:18854)
    at C:\Users\OMEN\projects\revlo-vr\node_modules\nex
t\dist\server\lib\trace\tracer.js:122:103
    at NoopContextManager.with (C:\Users\OMEN\projects\
revlo-vr\node_modules\next\dist\compiled\@opentelemetry
\api\index.js:1:7062)
    at ContextAPI.with (C:\Users\OMEN\projects\revlo-vr
\node_modules\next\dist\compiled\@opentelemetry\api\ind
ex.js:1:518)
    at NextTracerImpl.trace (C:\Users\OMEN\projects\rev
lo-vr\node_modules\next\dist\server\lib\trace\tracer.js
:122:28)
    at C:\Users\OMEN\projects\revlo-vr\node_modules\nex
t\dist\compiled\next-server\app-route.runtime.prod.js:6
:28919
    at AsyncLocalStorage.run (node:internal/async_local
_storage/async_context_frame:63:14)
    at Object.wrap (C:\Users\OMEN\projects\revlo-vr\nod
e_modules\next\dist\compiled\next-server\app-route.runt
ime.prod.js:6:22491) {
  description: "Route 
/api/projects/accounting/reports/expenses couldn't be 
rendered statically because it used `request.url`. See 
more info here: 
https://nextjs.org/docs/messages/dynamic-server-error",
  digest: 'DYNAMIC_SERVER_USAGE'
}
Cilad ayaa dhacday marka warbixinta inventory-ga la 
soo gelinayay: q [Error]: Dynamic server usage: Route 
/api/projects/accounting/reports/inventory couldn't be 
rendered statically because it used `request.url`. See 
more info here: 
https://nextjs.org/docs/messages/dynamic-server-error
    at W (C:\Users\OMEN\projects\revlo-vr\node_modules\
next\dist\compiled\next-server\app-route.runtime.prod.j
s:6:21106)
    at Object.get (C:\Users\OMEN\projects\revlo-vr\node
_modules\next\dist\compiled\next-server\app-route.runti
me.prod.js:6:28459)
    at u (C:\Users\OMEN\projects\revlo-vr\.next\server\
app\api\projects\accounting\reports\inventory\route.js:
1:605)
    at C:\Users\OMEN\projects\revlo-vr\node_modules\nex
t\dist\compiled\next-server\app-route.runtime.prod.js:6
:36264
    at C:\Users\OMEN\projects\revlo-vr\node_modules\nex
t\dist\server\lib\trace\tracer.js:140:36
    at NoopContextManager.with (C:\Users\OMEN\projects\
revlo-vr\node_modules\next\dist\compiled\@opentelemetry
\api\index.js:1:7062)
    at ContextAPI.with (C:\Users\OMEN\projects\revlo-vr
\node_modules\next\dist\compiled\@opentelemetry\api\ind
ex.js:1:518)
    at NoopTracer.startActiveSpan (C:\Users\OMEN\projec
ts\revlo-vr\node_modules\next\dist\compiled\@openteleme
try\api\index.js:1:18093)
    at ProxyTracer.startActiveSpan (C:\Users\OMEN\proje
cts\revlo-vr\node_modules\next\dist\compiled\@opentelem
etry\api\index.js:1:18854)
    at C:\Users\OMEN\projects\revlo-vr\node_modules\nex
t\dist\server\lib\trace\tracer.js:122:103 {
  description: "Route 
/api/projects/accounting/reports/inventory couldn't be 
rendered statically because it used `request.url`. See 
more info here: 
https://nextjs.org/docs/messages/dynamic-server-error",
  digest: 'DYNAMIC_SERVER_USAGE'
}
Cilad ayaa dhacday marka warbixinta bangiga la soo 
gelinayay: q [Error]: Dynamic server usage: Route 
/api/projects/accounting/reports/bank couldn't be 
rendered statically because it used `request.url`. See 
more info here: 
https://nextjs.org/docs/messages/dynamic-server-error
    at W (C:\Users\OMEN\projects\revlo-vr\node_modules\
next\dist\compiled\next-server\app-route.runtime.prod.j
s:6:21106)
    at Object.get (C:\Users\OMEN\projects\revlo-vr\node
_modules\next\dist\compiled\next-server\app-route.runti
me.prod.js:6:28459)
    at p (C:\Users\OMEN\projects\revlo-vr\.next\server\
app\api\projects\accounting\reports\bank\route.js:1:129
5)
    at C:\Users\OMEN\projects\revlo-vr\node_modules\nex
t\dist\compiled\next-server\app-route.runtime.prod.js:6
:36264
    at C:\Users\OMEN\projects\revlo-vr\node_modules\nex
t\dist\server\lib\trace\tracer.js:140:36
    at NoopContextManager.with (C:\Users\OMEN\projects\
revlo-vr\node_modules\next\dist\compiled\@opentelemetry
\api\index.js:1:7062)
    at ContextAPI.with (C:\Users\OMEN\projects\revlo-vr
\node_modules\next\dist\compiled\@opentelemetry\api\ind
ex.js:1:518)
    at NoopTracer.startActiveSpan (C:\Users\OMEN\projec
ts\revlo-vr\node_modules\next\dist\compiled\@openteleme
try\api\index.js:1:18093)
    at ProxyTracer.startActiveSpan (C:\Users\OMEN\proje
cts\revlo-vr\node_modules\next\dist\compiled\@opentelem
etry\api\index.js:1:18854)
    at C:\Users\OMEN\projects\revlo-vr\node_modules\nex
t\dist\server\lib\trace\tracer.js:122:103 {
  description: "Route 
/api/projects/accounting/reports/bank couldn't be 
rendered statically because it used `request.url`. See 
more info here: 
https://nextjs.org/docs/messages/dynamic-server-error",
  digest: 'DYNAMIC_SERVER_USAGE'
}
BalanceSheet_Error: n [Error]: Dynamic server usage: 
Route /api/projects/accounting/reports/financial-summar
y/balance-sheet couldn't be rendered statically 
because it used `headers`. See more info here: 
https://nextjs.org/docs/messages/dynamic-server-error
    at l (C:\Users\OMEN\projects\revlo-vr\.next\server\
chunks\38948.js:1:37251)
    at d (C:\Users\OMEN\projects\revlo-vr\.next\server\
chunks\45609.js:30:26094)
    at s (C:\Users\OMEN\projects\revlo-vr\.next\server\
chunks\45609.js:30:19236)
    at d (C:\Users\OMEN\projects\revlo-vr\.next\server\
app\api\projects\accounting\reports\financial-summary\b
alance-sheet\route.js:1:1459)
    at C:\Users\OMEN\projects\revlo-vr\node_modules\nex
t\dist\compiled\next-server\app-route.runtime.prod.js:6
:36264
    at C:\Users\OMEN\projects\revlo-vr\node_modules\nex
t\dist\server\lib\trace\tracer.js:140:36
    at NoopContextManager.with (C:\Users\OMEN\projects\
revlo-vr\node_modules\next\dist\compiled\@opentelemetry
\api\index.js:1:7062)
    at ContextAPI.with (C:\Users\OMEN\projects\revlo-vr
\node_modules\next\dist\compiled\@opentelemetry\api\ind
ex.js:1:518)
    at NoopTracer.startActiveSpan (C:\Users\OMEN\projec
ts\revlo-vr\node_modules\next\dist\compiled\@openteleme
try\api\index.js:1:18093)
    at ProxyTracer.startActiveSpan (C:\Users\OMEN\proje
cts\revlo-vr\node_modules\next\dist\compiled\@opentelem
etry\api\index.js:1:18854) {
  description: "Route /api/projects/accounting/reports/
financial-summary/balance-sheet couldn't be rendered 
statically because it used `headers`. See more info 
here: 
https://nextjs.org/docs/messages/dynamic-server-error",
  digest: 'DYNAMIC_SERVER_USAGE'
}
Error fetching company labors: n [Error]: Dynamic 
server usage: Route 
/api/projects/expenses/company-labors couldn't be 
rendered statically because it used `headers`. See 
more info here: 
https://nextjs.org/docs/messages/dynamic-server-error
    at l (C:\Users\OMEN\projects\revlo-vr\.next\server\
chunks\38948.js:1:37251)
    at d (C:\Users\OMEN\projects\revlo-vr\.next\server\
chunks\45609.js:30:26094)
    at s (C:\Users\OMEN\projects\revlo-vr\.next\server\
chunks\45609.js:30:19236)
    at u (C:\Users\OMEN\projects\revlo-vr\.next\server\
app\api\admin\fix-accounting-data\route.js:1:6330)
    at u (C:\Users\OMEN\projects\revlo-vr\.next\server\
app\api\projects\expenses\company-labors\route.js:1:128
7)
    at C:\Users\OMEN\projects\revlo-vr\node_modules\nex
t\dist\compiled\next-server\app-route.runtime.prod.js:6
:36264
    at C:\Users\OMEN\projects\revlo-vr\node_modules\nex
t\dist\server\lib\trace\tracer.js:140:36
    at NoopContextManager.with (C:\Users\OMEN\projects\
revlo-vr\node_modules\next\dist\compiled\@opentelemetry
\api\index.js:1:7062)
    at ContextAPI.with (C:\Users\OMEN\projects\revlo-vr
\node_modules\next\dist\compiled\@opentelemetry\api\ind
ex.js:1:518)
    at NoopTracer.startActiveSpan (C:\Users\OMEN\projec
ts\revlo-vr\node_modules\next\dist\compiled\@openteleme
try\api\index.js:1:18093) {
  description: "Route 
/api/projects/expenses/company-labors couldn't be 
rendered statically because it used `headers`. See 
more info here: 
https://nextjs.org/docs/messages/dynamic-server-error",
  digest: 'DYNAMIC_SERVER_USAGE'
}
Cilad ayaa dhacday marka xogta warbixinada la soo 
gelinayay: n [Error]: Dynamic server usage: Route 
/api/projects/accounting/reports couldn't be rendered 
statically because it used `headers`. See more info 
here: 
https://nextjs.org/docs/messages/dynamic-server-error
    at l (C:\Users\OMEN\projects\revlo-vr\.next\server\
chunks\38948.js:1:37251)
    at d (C:\Users\OMEN\projects\revlo-vr\.next\server\
chunks\45609.js:30:26094)
    at s (C:\Users\OMEN\projects\revlo-vr\.next\server\
chunks\45609.js:30:19236)
    at u (C:\Users\OMEN\projects\revlo-vr\.next\server\
app\api\admin\fix-data\bulk\route.js:12:5625)
    at c (C:\Users\OMEN\projects\revlo-vr\.next\server\
app\api\projects\accounting\reports\route.js:1:1287)
    at C:\Users\OMEN\projects\revlo-vr\node_modules\nex
t\dist\compiled\next-server\app-route.runtime.prod.js:6
:36264
    at C:\Users\OMEN\projects\revlo-vr\node_modules\nex
t\dist\server\lib\trace\tracer.js:140:36
    at NoopContextManager.with (C:\Users\OMEN\projects\
revlo-vr\node_modules\next\dist\compiled\@opentelemetry
\api\index.js:1:7062)
    at ContextAPI.with (C:\Users\OMEN\projects\revlo-vr
\node_modules\next\dist\compiled\@opentelemetry\api\ind
ex.js:1:518)
    at NoopTracer.startActiveSpan (C:\Users\OMEN\projec
ts\revlo-vr\node_modules\next\dist\compiled\@openteleme
try\api\index.js:1:18093)
    at ProxyTracer.startActiveSpan (C:\Users\OMEN\proje
cts\revlo-vr\node_modules\next\dist\compiled\@opentelem
etry\api\index.js:1:18854)
    at C:\Users\OMEN\projects\revlo-vr\node_modules\nex
t\dist\server\lib\trace\tracer.js:122:103
    at NoopContextManager.with (C:\Users\OMEN\projects\
revlo-vr\node_modules\next\dist\compiled\@opentelemetry
\api\index.js:1:7062)
    at ContextAPI.with (C:\Users\OMEN\projects\revlo-vr
\node_modules\next\dist\compiled\@opentelemetry\api\ind
ex.js:1:518)
    at NextTracerImpl.trace (C:\Users\OMEN\projects\rev
lo-vr\node_modules\next\dist\server\lib\trace\tracer.js
:122:28)
    at C:\Users\OMEN\projects\revlo-vr\node_modules\nex
t\dist\compiled\next-server\app-route.runtime.prod.js:6
:28919 {
  description: "Route /api/projects/accounting/reports 
couldn't be rendered statically because it used 
`headers`. See more info here: 
https://nextjs.org/docs/messages/dynamic-server-error",
  digest: 'DYNAMIC_SERVER_USAGE'
}
prisma:info Starting a postgresql pool with 33 connections.
FinancialSummary_Error: n [Error]: Dynamic server 
usage: Route 
/api/projects/accounting/reports/financial-summary 
couldn't be rendered statically because it used 
`headers`. See more info here: 
https://nextjs.org/docs/messages/dynamic-server-error
    at l (C:\Users\OMEN\projects\revlo-vr\.next\server\
chunks\38948.js:1:37251)
    at d (C:\Users\OMEN\projects\revlo-vr\.next\server\
chunks\45609.js:30:26094)
    at s (C:\Users\OMEN\projects\revlo-vr\.next\server\
chunks\45609.js:30:19236)
    at d (C:\Users\OMEN\projects\revlo-vr\.next\server\
app\api\projects\accounting\reports\financial-summary\r
oute.js:1:1459)
    at C:\Users\OMEN\projects\revlo-vr\node_modules\nex
t\dist\compiled\next-server\app-route.runtime.prod.js:6
:36264
    at C:\Users\OMEN\projects\revlo-vr\node_modules\nex
t\dist\server\lib\trace\tracer.js:140:36
    at NoopContextManager.with (C:\Users\OMEN\projects\
revlo-vr\node_modules\next\dist\compiled\@opentelemetry
\api\index.js:1:7062)
    at ContextAPI.with (C:\Users\OMEN\projects\revlo-vr
\node_modules\next\dist\compiled\@opentelemetry\api\ind
ex.js:1:518)
    at NoopTracer.startActiveSpan (C:\Users\OMEN\projec
ts\revlo-vr\node_modules\next\dist\compiled\@openteleme
try\api\index.js:1:18093)
    at ProxyTracer.startActiveSpan (C:\Users\OMEN\proje
cts\revlo-vr\node_modules\next\dist\compiled\@opentelem
etry\api\index.js:1:18854) {
  description: "Route 
/api/projects/accounting/reports/financial-summary 
couldn't be rendered statically because it used 
`headers`. See more info here: 
https://nextjs.org/docs/messages/dynamic-server-error",
  digest: 'DYNAMIC_SERVER_USAGE'
}
Overview API error: n [Error]: Dynamic server usage: 
Route /api/projects/accounting/reports/overview 
couldn't be rendered statically because it used 
`headers`. See more info here: 
https://nextjs.org/docs/messages/dynamic-server-error
    at l (C:\Users\OMEN\projects\revlo-vr\.next\server\
chunks\38948.js:1:37251)
    at d (C:\Users\OMEN\projects\revlo-vr\.next\server\
chunks\45609.js:30:26094)
    at s (C:\Users\OMEN\projects\revlo-vr\.next\server\
chunks\45609.js:30:19236)
    at c (C:\Users\OMEN\projects\revlo-vr\.next\server\
app\api\admin\live-transactions\route.js:1:5597)
    at p (C:\Users\OMEN\projects\revlo-vr\.next\server\
app\api\projects\accounting\reports\overview\route.js:1
:1287)
    at C:\Users\OMEN\projects\revlo-vr\node_modules\nex
t\dist\compiled\next-server\app-route.runtime.prod.js:6
:36264
    at C:\Users\OMEN\projects\revlo-vr\node_modules\nex
t\dist\server\lib\trace\tracer.js:140:36
    at NoopContextManager.with (C:\Users\OMEN\projects\
revlo-vr\node_modules\next\dist\compiled\@opentelemetry
\api\index.js:1:7062)
    at ContextAPI.with (C:\Users\OMEN\projects\revlo-vr
\node_modules\next\dist\compiled\@opentelemetry\api\ind
ex.js:1:518)
    at NoopTracer.startActiveSpan (C:\Users\OMEN\projec
ts\revlo-vr\node_modules\next\dist\compiled\@openteleme
try\api\index.js:1:18093)
    at ProxyTracer.startActiveSpan (C:\Users\OMEN\proje
cts\revlo-vr\node_modules\next\dist\compiled\@opentelem
etry\api\index.js:1:18854)
    at C:\Users\OMEN\projects\revlo-vr\node_modules\nex
t\dist\server\lib\trace\tracer.js:122:103
    at NoopContextManager.with (C:\Users\OMEN\projects\
revlo-vr\node_modules\next\dist\compiled\@opentelemetry
\api\index.js:1:7062)
    at ContextAPI.with (C:\Users\OMEN\projects\revlo-vr
\node_modules\next\dist\compiled\@opentelemetry\api\ind
ex.js:1:518)
    at NextTracerImpl.trace (C:\Users\OMEN\projects\rev
lo-vr\node_modules\next\dist\server\lib\trace\tracer.js
:122:28)
    at C:\Users\OMEN\projects\revlo-vr\node_modules\nex
t\dist\compiled\next-server\app-route.runtime.prod.js:6
:28919 {
  description: "Route 
/api/projects/accounting/reports/overview couldn't be 
rendered statically because it used `headers`. See 
more info here: 
https://nextjs.org/docs/messages/dynamic-server-error",
  digest: 'DYNAMIC_SERVER_USAGE'
}
Profit & Loss API Error: n [Error]: Dynamic server 
usage: Route 
/api/projects/accounting/reports/profit-loss couldn't 
be rendered statically because it used `headers`. See 
more info here: 
https://nextjs.org/docs/messages/dynamic-server-error
    at l (C:\Users\OMEN\projects\revlo-vr\.next\server\
chunks\38948.js:1:37251)
    at d (C:\Users\OMEN\projects\revlo-vr\.next\server\
chunks\45609.js:30:26094)
    at s (C:\Users\OMEN\projects\revlo-vr\.next\server\
chunks\45609.js:30:19236)
    at l (C:\Users\OMEN\projects\revlo-vr\.next\server\
app\api\admin\check-transactions\route.js:1:6411)
    at u (C:\Users\OMEN\projects\revlo-vr\.next\server\
app\api\projects\accounting\reports\profit-loss\route.j
s:1:1287)
    at C:\Users\OMEN\projects\revlo-vr\node_modules\nex
t\dist\compiled\next-server\app-route.runtime.prod.js:6
:36264
    at C:\Users\OMEN\projects\revlo-vr\node_modules\nex
t\dist\server\lib\trace\tracer.js:140:36
    at NoopContextManager.with (C:\Users\OMEN\projects\
revlo-vr\node_modules\next\dist\compiled\@opentelemetry
\api\index.js:1:7062)
    at ContextAPI.with (C:\Users\OMEN\projects\revlo-vr
\node_modules\next\dist\compiled\@opentelemetry\api\ind
ex.js:1:518)
    at NoopTracer.startActiveSpan (C:\Users\OMEN\projec
ts\revlo-vr\node_modules\next\dist\compiled\@openteleme
try\api\index.js:1:18093)
    at ProxyTracer.startActiveSpan (C:\Users\OMEN\proje
cts\revlo-vr\node_modules\next\dist\compiled\@opentelem
etry\api\index.js:1:18854)
    at C:\Users\OMEN\projects\revlo-vr\node_modules\nex
t\dist\server\lib\trace\tracer.js:122:103
    at NoopContextManager.with (C:\Users\OMEN\projects\
revlo-vr\node_modules\next\dist\compiled\@opentelemetry
\api\index.js:1:7062)
    at ContextAPI.with (C:\Users\OMEN\projects\revlo-vr
\node_modules\next\dist\compiled\@opentelemetry\api\ind
ex.js:1:518)
    at NextTracerImpl.trace (C:\Users\OMEN\projects\rev
lo-vr\node_modules\next\dist\server\lib\trace\tracer.js
:122:28)
    at C:\Users\OMEN\projects\revlo-vr\node_modules\nex
t\dist\compiled\next-server\app-route.runtime.prod.js:6
:28919 {
  description: "Route 
/api/projects/accounting/reports/profit-loss couldn't 
be rendered statically because it used `headers`. See 
more info here: 
https://nextjs.org/docs/messages/dynamic-server-error",
  digest: 'DYNAMIC_SERVER_USAGE'
}
Error fetching manufacturing usage data: n [Error]: 
Dynamic server usage: Route 
/api/projects/inventory/manufacturing couldn't be 
rendered statically because it used `headers`. See 
more info here: 
https://nextjs.org/docs/messages/dynamic-server-error
    at l (C:\Users\OMEN\projects\revlo-vr\.next\server\
chunks\38948.js:1:37251)
    at d (C:\Users\OMEN\projects\revlo-vr\.next\server\
chunks\45609.js:30:26094)
    at s (C:\Users\OMEN\projects\revlo-vr\.next\server\
chunks\45609.js:30:19236)
    at c (C:\Users\OMEN\projects\revlo-vr\.next\server\
app\api\projects\inventory\manufacturing\route.js:1:131
2)
    at C:\Users\OMEN\projects\revlo-vr\node_modules\nex
t\dist\compiled\next-server\app-route.runtime.prod.js:6
:36264
    at C:\Users\OMEN\projects\revlo-vr\node_modules\nex
t\dist\server\lib\trace\tracer.js:140:36
    at NoopContextManager.with (C:\Users\OMEN\projects\
revlo-vr\node_modules\next\dist\compiled\@opentelemetry
\api\index.js:1:7062)
    at ContextAPI.with (C:\Users\OMEN\projects\revlo-vr
\node_modules\next\dist\compiled\@opentelemetry\api\ind
ex.js:1:518)
    at NoopTracer.startActiveSpan (C:\Users\OMEN\projec
ts\revlo-vr\node_modules\next\dist\compiled\@openteleme
try\api\index.js:1:18093)
    at ProxyTracer.startActiveSpan (C:\Users\OMEN\proje
cts\revlo-vr\node_modules\next\dist\compiled\@opentelem
etry\api\index.js:1:18854)
    at C:\Users\OMEN\projects\revlo-vr\node_modules\nex
t\dist\server\lib\trace\tracer.js:122:103
    at NoopContextManager.with (C:\Users\OMEN\projects\
revlo-vr\node_modules\next\dist\compiled\@opentelemetry
\api\index.js:1:7062)
    at ContextAPI.with (C:\Users\OMEN\projects\revlo-vr
\node_modules\next\dist\compiled\@opentelemetry\api\ind
ex.js:1:518)
    at NextTracerImpl.trace (C:\Users\OMEN\projects\rev
lo-vr\node_modules\next\dist\server\lib\trace\tracer.js
:122:28)
    at C:\Users\OMEN\projects\revlo-vr\node_modules\nex
t\dist\compiled\next-server\app-route.runtime.prod.js:6
:28919
    at AsyncLocalStorage.run (node:internal/async_local
_storage/async_context_frame:63:14) {
  description: "Route 
/api/projects/inventory/manufacturing couldn't be 
rendered statically because it used `headers`. See 
more info here: 
https://nextjs.org/docs/messages/dynamic-server-error",
  digest: 'DYNAMIC_SERVER_USAGE'
}
Error fetching project labors: n [Error]: Dynamic 
server usage: Route 
/api/projects/expenses/project-labors couldn't be 
rendered statically because it used `headers`. See 
more info here: 
https://nextjs.org/docs/messages/dynamic-server-error
    at l (C:\Users\OMEN\projects\revlo-vr\.next\server\
chunks\38948.js:1:37251)
    at d (C:\Users\OMEN\projects\revlo-vr\.next\server\
chunks\45609.js:30:26094)
    at s (C:\Users\OMEN\projects\revlo-vr\.next\server\
chunks\45609.js:30:19236)
    at p (C:\Users\OMEN\projects\revlo-vr\.next\server\
app\api\admin\error-stats\route.js:1:5151)
    at c (C:\Users\OMEN\projects\revlo-vr\.next\server\
app\api\projects\expenses\project-labors\route.js:1:128
7)
    at C:\Users\OMEN\projects\revlo-vr\node_modules\nex
t\dist\compiled\next-server\app-route.runtime.prod.js:6
:36264
    at C:\Users\OMEN\projects\revlo-vr\node_modules\nex
t\dist\server\lib\trace\tracer.js:140:36
    at NoopContextManager.with (C:\Users\OMEN\projects\
revlo-vr\node_modules\next\dist\compiled\@opentelemetry
\api\index.js:1:7062)
    at ContextAPI.with (C:\Users\OMEN\projects\revlo-vr
\node_modules\next\dist\compiled\@opentelemetry\api\ind
ex.js:1:518)
    at NoopTracer.startActiveSpan (C:\Users\OMEN\projec
ts\revlo-vr\node_modules\next\dist\compiled\@openteleme
try\api\index.js:1:18093)
    at ProxyTracer.startActiveSpan (C:\Users\OMEN\proje
cts\revlo-vr\node_modules\next\dist\compiled\@opentelem
etry\api\index.js:1:18854)
    at C:\Users\OMEN\projects\revlo-vr\node_modules\nex
t\dist\server\lib\trace\tracer.js:122:103
    at NoopContextManager.with (C:\Users\OMEN\projects\
revlo-vr\node_modules\next\dist\compiled\@opentelemetry
\api\index.js:1:7062)
    at ContextAPI.with (C:\Users\OMEN\projects\revlo-vr
\node_modules\next\dist\compiled\@opentelemetry\api\ind
ex.js:1:518)
    at NextTracerImpl.trace (C:\Users\OMEN\projects\rev
lo-vr\node_modules\next\dist\server\lib\trace\tracer.js
:122:28)
    at C:\Users\OMEN\projects\revlo-vr\node_modules\nex
t\dist\compiled\next-server\app-route.runtime.prod.js:6
:28919 {
  description: "Route 
/api/projects/expenses/project-labors couldn't be 
rendered statically because it used `headers`. See 
more info here: 
https://nextjs.org/docs/messages/dynamic-server-error",
  digest: 'DYNAMIC_SERVER_USAGE'
}
Error fetching assets register: n [Error]: Dynamic 
server usage: Route /api/settings/assets-register 
couldn't be rendered statically because it used 
`headers`. See more info here: 
https://nextjs.org/docs/messages/dynamic-server-error
    at l (C:\Users\OMEN\projects\revlo-vr\.next\server\
chunks\38948.js:1:37251)
    at d (C:\Users\OMEN\projects\revlo-vr\.next\server\
chunks\45609.js:30:26094)
    at s (C:\Users\OMEN\projects\revlo-vr\.next\server\
chunks\45609.js:30:19236)
    at u (C:\Users\OMEN\projects\revlo-vr\.next\server\
app\api\admin\fix-data\bulk\route.js:12:5625)
    at u (C:\Users\OMEN\projects\revlo-vr\.next\server\
app\api\settings\assets-register\route.js:1:1286)
    at C:\Users\OMEN\projects\revlo-vr\node_modules\nex
t\dist\compiled\next-server\app-route.runtime.prod.js:6
:36264
    at C:\Users\OMEN\projects\revlo-vr\node_modules\nex
t\dist\server\lib\trace\tracer.js:140:36
    at NoopContextManager.with (C:\Users\OMEN\projects\
revlo-vr\node_modules\next\dist\compiled\@opentelemetry
\api\index.js:1:7062)
    at ContextAPI.with (C:\Users\OMEN\projects\revlo-vr
\node_modules\next\dist\compiled\@opentelemetry\api\ind
ex.js:1:518)
    at NoopTracer.startActiveSpan (C:\Users\OMEN\projec
ts\revlo-vr\node_modules\next\dist\compiled\@openteleme
try\api\index.js:1:18093)
    at ProxyTracer.startActiveSpan (C:\Users\OMEN\proje
cts\revlo-vr\node_modules\next\dist\compiled\@opentelem
etry\api\index.js:1:18854)
    at C:\Users\OMEN\projects\revlo-vr\node_modules\nex
t\dist\server\lib\trace\tracer.js:122:103
    at NoopContextManager.with (C:\Users\OMEN\projects\
revlo-vr\node_modules\next\dist\compiled\@opentelemetry
\api\index.js:1:7062)
    at ContextAPI.with (C:\Users\OMEN\projects\revlo-vr
\node_modules\next\dist\compiled\@opentelemetry\api\ind
ex.js:1:518)
    at NextTracerImpl.trace (C:\Users\OMEN\projects\rev
lo-vr\node_modules\next\dist\server\lib\trace\tracer.js
:122:28)
    at C:\Users\OMEN\projects\revlo-vr\node_modules\nex
t\dist\compiled\next-server\app-route.runtime.prod.js:6
:28919 {
  description: "Route /api/settings/assets-register 
couldn't be rendered statically because it used 
`headers`. See more info here: 
https://nextjs.org/docs/messages/dynamic-server-error",
  digest: 'DYNAMIC_SERVER_USAGE'
}
prisma:info Starting a postgresql pool with 33 connections.
prisma:query SELECT 1
Found 0 expenses to fix.
prisma:query SELECT "public"."shop_vendors"."_id" FROM "public"."shop_vendors" WHERE 1=1 OFFSET $1
Error fetching personalization settings: n [Error]: 
Dynamic server usage: Route 
/api/settings/personalization couldn't be rendered 
statically because it used `headers`. See more info 
here: 
https://nextjs.org/docs/messages/dynamic-server-error
    at l (C:\Users\OMEN\projects\revlo-vr\.next\server\
chunks\38948.js:1:37251)
    at d (C:\Users\OMEN\projects\revlo-vr\.next\server\
chunks\45609.js:30:26094)
    at s (C:\Users\OMEN\projects\revlo-vr\.next\server\
chunks\45609.js:30:19236)
    at c (C:\Users\OMEN\projects\revlo-vr\.next\server\
app\api\admin\maintenance\tasks\route.js:1:7599)
    at u (C:\Users\OMEN\projects\revlo-vr\.next\server\
app\api\settings\personalization\route.js:1:1296)
    at C:\Users\OMEN\projects\revlo-vr\node_modules\nex
t\dist\compiled\next-server\app-route.runtime.prod.js:6
:36264
    at C:\Users\OMEN\projects\revlo-vr\node_modules\nex
t\dist\server\lib\trace\tracer.js:140:36
    at NoopContextManager.with (C:\Users\OMEN\projects\
revlo-vr\node_modules\next\dist\compiled\@opentelemetry
\api\index.js:1:7062)
    at ContextAPI.with (C:\Users\OMEN\projects\revlo-vr
\node_modules\next\dist\compiled\@opentelemetry\api\ind
ex.js:1:518)
    at NoopTracer.startActiveSpan (C:\Users\OMEN\projec
ts\revlo-vr\node_modules\next\dist\compiled\@openteleme
try\api\index.js:1:18093)
    at ProxyTracer.startActiveSpan (C:\Users\OMEN\proje
cts\revlo-vr\node_modules\next\dist\compiled\@opentelem
etry\api\index.js:1:18854)
    at C:\Users\OMEN\projects\revlo-vr\node_modules\nex
t\dist\server\lib\trace\tracer.js:122:103
    at NoopContextManager.with (C:\Users\OMEN\projects\
revlo-vr\node_modules\next\dist\compiled\@opentelemetry
\api\index.js:1:7062)
    at ContextAPI.with (C:\Users\OMEN\projects\revlo-vr
\node_modules\next\dist\compiled\@opentelemetry\api\ind
ex.js:1:518)
    at NextTracerImpl.trace (C:\Users\OMEN\projects\rev
lo-vr\node_modules\next\dist\server\lib\trace\tracer.js
:122:28)
    at C:\Users\OMEN\projects\revlo-vr\node_modules\nex
t\dist\compiled\next-server\app-route.runtime.prod.js:6
:28919 {
  description: "Route /api/settings/personalization 
couldn't be rendered statically because it used 
`headers`. See more info here: 
https://nextjs.org/docs/messages/dynamic-server-error",
  digest: 'DYNAMIC_SERVER_USAGE'
}
   Generating static pages (79/317) 
Cilad ayaa dhacday marka profile-ka shirkadda la soo 
gelinayay: n [Error]: Dynamic server usage: Route 
/api/settings/company couldn't be rendered statically 
because it used `headers`. See more info here: 
https://nextjs.org/docs/messages/dynamic-server-error
    at l (C:\Users\OMEN\projects\revlo-vr\.next\server\
chunks\38948.js:1:37251)
    at d (C:\Users\OMEN\projects\revlo-vr\.next\server\
chunks\45609.js:30:26094)
    at s (C:\Users\OMEN\projects\revlo-vr\.next\server\
chunks\45609.js:30:19236)
    at c (C:\Users\OMEN\projects\revlo-vr\.next\server\
app\api\settings\company\route.js:1:1328)
    at m (C:\Users\OMEN\projects\revlo-vr\.next\server\
app\api\settings\company\route.js:1:1483)
    at C:\Users\OMEN\projects\revlo-vr\node_modules\nex
t\dist\compiled\next-server\app-route.runtime.prod.js:6
:36264
    at C:\Users\OMEN\projects\revlo-vr\node_modules\nex
t\dist\server\lib\trace\tracer.js:140:36
    at NoopContextManager.with (C:\Users\OMEN\projects\
revlo-vr\node_modules\next\dist\compiled\@opentelemetry
\api\index.js:1:7062)
    at ContextAPI.with (C:\Users\OMEN\projects\revlo-vr
\node_modules\next\dist\compiled\@opentelemetry\api\ind
ex.js:1:518)
    at NoopTracer.startActiveSpan (C:\Users\OMEN\projec
ts\revlo-vr\node_modules\next\dist\compiled\@openteleme
try\api\index.js:1:18093) {
  description: "Route /api/settings/company couldn't 
be rendered statically because it used `headers`. See 
more info here: 
https://nextjs.org/docs/messages/dynamic-server-error",
  digest: 'DYNAMIC_SERVER_USAGE'
}
prisma:info Starting a postgresql pool with 33 connections.
Error fetching payables: n [Error]: Dynamic server 
usage: Route /api/shop/accounting/payables couldn't be 
rendered statically because it used `headers`. See 
more info here: 
https://nextjs.org/docs/messages/dynamic-server-error
    at l (C:\Users\OMEN\projects\revlo-vr\.next\server\
chunks\38948.js:1:37251)
    at d (C:\Users\OMEN\projects\revlo-vr\.next\server\
chunks\45609.js:30:26094)
    at s (C:\Users\OMEN\projects\revlo-vr\.next\server\
chunks\45609.js:30:19236)
    at d (C:\Users\OMEN\projects\revlo-vr\.next\server\
app\api\shop\accounting\payables\route.js:1:1313)
    at C:\Users\OMEN\projects\revlo-vr\node_modules\nex
t\dist\compiled\next-server\app-route.runtime.prod.js:6
:36264
    at C:\Users\OMEN\projects\revlo-vr\node_modules\nex
t\dist\server\lib\trace\tracer.js:140:36
    at NoopContextManager.with (C:\Users\OMEN\projects\
revlo-vr\node_modules\next\dist\compiled\@opentelemetry
\api\index.js:1:7062)
    at ContextAPI.with (C:\Users\OMEN\projects\revlo-vr
\node_modules\next\dist\compiled\@opentelemetry\api\ind
ex.js:1:518)
    at NoopTracer.startActiveSpan (C:\Users\OMEN\projec
ts\revlo-vr\node_modules\next\dist\compiled\@openteleme
try\api\index.js:1:18093)
    at ProxyTracer.startActiveSpan (C:\Users\OMEN\proje
cts\revlo-vr\node_modules\next\dist\compiled\@opentelem
etry\api\index.js:1:18854)
    at C:\Users\OMEN\projects\revlo-vr\node_modules\nex
t\dist\server\lib\trace\tracer.js:122:103
    at NoopContextManager.with (C:\Users\OMEN\projects\
revlo-vr\node_modules\next\dist\compiled\@opentelemetry
\api\index.js:1:7062)
    at ContextAPI.with (C:\Users\OMEN\projects\revlo-vr
\node_modules\next\dist\compiled\@opentelemetry\api\ind
ex.js:1:518)
    at NextTracerImpl.trace (C:\Users\OMEN\projects\rev
lo-vr\node_modules\next\dist\server\lib\trace\tracer.js
:122:28)
    at C:\Users\OMEN\projects\revlo-vr\node_modules\nex
t\dist\compiled\next-server\app-route.runtime.prod.js:6
:28919
    at AsyncLocalStorage.run (node:internal/async_local
_storage/async_context_frame:63:14) {
  description: "Route /api/shop/accounting/payables 
couldn't be rendered statically because it used 
`headers`. See more info here: 
https://nextjs.org/docs/messages/dynamic-server-error",
  digest: 'DYNAMIC_SERVER_USAGE'
}
Error fetching tax data: n [Error]: Dynamic server 
usage: Route /api/shop/accounting/tax couldn't be 
rendered statically because it used `headers`. See 
more info here: 
https://nextjs.org/docs/messages/dynamic-server-error
    at l (C:\Users\OMEN\projects\revlo-vr\.next\server\
chunks\38948.js:1:37251)
    at d (C:\Users\OMEN\projects\revlo-vr\.next\server\
chunks\45609.js:30:26094)
    at s (C:\Users\OMEN\projects\revlo-vr\.next\server\
chunks\45609.js:30:19236)
    at d (C:\Users\OMEN\projects\revlo-vr\.next\server\
app\api\shop\accounting\tax\route.js:1:1313)
    at C:\Users\OMEN\projects\revlo-vr\node_modules\nex
t\dist\compiled\next-server\app-route.runtime.prod.js:6
:36264
    at C:\Users\OMEN\projects\revlo-vr\node_modules\nex
t\dist\server\lib\trace\tracer.js:140:36
    at NoopContextManager.with (C:\Users\OMEN\projects\
revlo-vr\node_modules\next\dist\compiled\@opentelemetry
\api\index.js:1:7062)
    at ContextAPI.with (C:\Users\OMEN\projects\revlo-vr
\node_modules\next\dist\compiled\@opentelemetry\api\ind
ex.js:1:518)
    at NoopTracer.startActiveSpan (C:\Users\OMEN\projec
ts\revlo-vr\node_modules\next\dist\compiled\@openteleme
try\api\index.js:1:18093)
    at ProxyTracer.startActiveSpan (C:\Users\OMEN\proje
cts\revlo-vr\node_modules\next\dist\compiled\@opentelem
etry\api\index.js:1:18854)
    at C:\Users\OMEN\projects\revlo-vr\node_modules\nex
t\dist\server\lib\trace\tracer.js:122:103
    at NoopContextManager.with (C:\Users\OMEN\projects\
revlo-vr\node_modules\next\dist\compiled\@opentelemetry
\api\index.js:1:7062)
    at ContextAPI.with (C:\Users\OMEN\projects\revlo-vr
\node_modules\next\dist\compiled\@opentelemetry\api\ind
ex.js:1:518)
    at NextTracerImpl.trace (C:\Users\OMEN\projects\rev
lo-vr\node_modules\next\dist\server\lib\trace\tracer.js
:122:28)
    at C:\Users\OMEN\projects\revlo-vr\node_modules\nex
t\dist\compiled\next-server\app-route.runtime.prod.js:6
:28919
    at AsyncLocalStorage.run (node:internal/async_local
_storage/async_context_frame:63:14) {
  description: "Route /api/shop/accounting/tax 
couldn't be rendered statically because it used 
`headers`. See more info here: 
https://nextjs.org/docs/messages/dynamic-server-error",
  digest: 'DYNAMIC_SERVER_USAGE'
}
prisma:query SELECT "public"."expenses"."_id", "public"."expenses"."vendorId" FROM "public"."expenses" WHERE "public"."expenses"."vendorId" IS NOT NULL OFFSET $1
prisma:query SELECT "public"."projects"."_id", "public"."projects"."createdAt" FROM "public"."projects" WHERE 1=1 OFFSET $1
prisma:query SELECT "public"."projects"."_id", "public"."projects"."actualCompletionDate" FROM "public"."projects" WHERE "public"."projects"."status" = $1 OFFSET $2
Error fetching receivables: n [Error]: Dynamic server 
usage: Route /api/shop/accounting/receivables couldn't 
be rendered statically because it used `headers`. See 
more info here: 
https://nextjs.org/docs/messages/dynamic-server-error
    at l (C:\Users\OMEN\projects\revlo-vr\.next\server\
chunks\38948.js:1:37251)
    at d (C:\Users\OMEN\projects\revlo-vr\.next\server\
chunks\45609.js:30:26094)
    at s (C:\Users\OMEN\projects\revlo-vr\.next\server\
chunks\45609.js:30:19236)
    at c (C:\Users\OMEN\projects\revlo-vr\.next\server\
app\api\shop\accounting\receivables\route.js:1:1313)
    at C:\Users\OMEN\projects\revlo-vr\node_modules\nex
t\dist\compiled\next-server\app-route.runtime.prod.js:6
:36264
    at C:\Users\OMEN\projects\revlo-vr\node_modules\nex
t\dist\server\lib\trace\tracer.js:140:36
    at NoopContextManager.with (C:\Users\OMEN\projects\
revlo-vr\node_modules\next\dist\compiled\@opentelemetry
\api\index.js:1:7062)
    at ContextAPI.with (C:\Users\OMEN\projects\revlo-vr
\node_modules\next\dist\compiled\@opentelemetry\api\ind
ex.js:1:518)
    at NoopTracer.startActiveSpan (C:\Users\OMEN\projec
ts\revlo-vr\node_modules\next\dist\compiled\@openteleme
try\api\index.js:1:18093)
    at ProxyTracer.startActiveSpan (C:\Users\OMEN\proje
cts\revlo-vr\node_modules\next\dist\compiled\@opentelem
etry\api\index.js:1:18854) {
  description: "Route /api/shop/accounting/receivables 
couldn't be rendered statically because it used 
`headers`. See more info here: 
https://nextjs.org/docs/messages/dynamic-server-error",
  digest: 'DYNAMIC_SERVER_USAGE'
}
Error fetching accounting chart: n [Error]: Dynamic 
server usage: Route /api/shop/accounting/chart 
couldn't be rendered statically because it used 
`headers`. See more info here: 
https://nextjs.org/docs/messages/dynamic-server-error
    at l (C:\Users\OMEN\projects\revlo-vr\.next\server\
chunks\38948.js:1:37251)
    at d (C:\Users\OMEN\projects\revlo-vr\.next\server\
chunks\45609.js:30:26094)
    at s (C:\Users\OMEN\projects\revlo-vr\.next\server\
chunks\45609.js:30:19236)
    at m (C:\Users\OMEN\projects\revlo-vr\.next\server\
app\api\shop\accounting\chart\route.js:1:1338)
    at C:\Users\OMEN\projects\revlo-vr\node_modules\nex
t\dist\compiled\next-server\app-route.runtime.prod.js:6
:36264
    at C:\Users\OMEN\projects\revlo-vr\node_modules\nex
t\dist\server\lib\trace\tracer.js:140:36
    at NoopContextManager.with (C:\Users\OMEN\projects\
revlo-vr\node_modules\next\dist\compiled\@opentelemetry
\api\index.js:1:7062)
    at ContextAPI.with (C:\Users\OMEN\projects\revlo-vr
\node_modules\next\dist\compiled\@opentelemetry\api\ind
ex.js:1:518)
    at NoopTracer.startActiveSpan (C:\Users\OMEN\projec
ts\revlo-vr\node_modules\next\dist\compiled\@openteleme
try\api\index.js:1:18093)
    at ProxyTracer.startActiveSpan (C:\Users\OMEN\proje
cts\revlo-vr\node_modules\next\dist\compiled\@opentelem
etry\api\index.js:1:18854) {
  description: "Route /api/shop/accounting/chart 
couldn't be rendered statically because it used 
`headers`. See more info here: 
https://nextjs.org/docs/messages/dynamic-server-error",
  digest: 'DYNAMIC_SERVER_USAGE'
}
prisma:query SELECT COUNT(*) AS "_count$_all" FROM (SELECT "public"."audit_logs"."_id" FROM "public"."audit_logs" WHERE 1=1 OFFSET $1) AS "sub"
prisma:query SELECT COUNT(*) AS "_count$_all" FROM (SELECT "public"."users"."_id" FROM "public"."users" WHERE 1=1 OFFSET $1) AS "sub"
prisma:query SELECT COUNT(*) AS "_count$_all" FROM (SELECT "public"."transactions"."_id" FROM "public"."transactions" WHERE 1=1 OFFSET $1) AS "sub"
Error fetching products: n [Error]: Dynamic server 
usage: Route /api/shop/products couldn't be rendered 
statically because it used `headers`. See more info 
here: 
https://nextjs.org/docs/messages/dynamic-server-error
    at l (C:\Users\OMEN\projects\revlo-vr\.next\server\
chunks\38948.js:1:37251)
    at d (C:\Users\OMEN\projects\revlo-vr\.next\server\
chunks\45609.js:30:26094)
    at s (C:\Users\OMEN\projects\revlo-vr\.next\server\
chunks\45609.js:30:19236)
    at c (C:\Users\OMEN\projects\revlo-vr\.next\server\
app\api\shop\products\route.js:1:1313)
    at C:\Users\OMEN\projects\revlo-vr\node_modules\nex
t\dist\compiled\next-server\app-route.runtime.prod.js:6
:36264
    at C:\Users\OMEN\projects\revlo-vr\node_modules\nex
t\dist\server\lib\trace\tracer.js:140:36
    at NoopContextManager.with (C:\Users\OMEN\projects\
revlo-vr\node_modules\next\dist\compiled\@opentelemetry
\api\index.js:1:7062)
    at ContextAPI.with (C:\Users\OMEN\projects\revlo-vr
\node_modules\next\dist\compiled\@opentelemetry\api\ind
ex.js:1:518)
    at NoopTracer.startActiveSpan (C:\Users\OMEN\projec
ts\revlo-vr\node_modules\next\dist\compiled\@openteleme
try\api\index.js:1:18093)
    at ProxyTracer.startActiveSpan (C:\Users\OMEN\proje
cts\revlo-vr\node_modules\next\dist\compiled\@opentelem
etry\api\index.js:1:18854)
    at C:\Users\OMEN\projects\revlo-vr\node_modules\nex
t\dist\server\lib\trace\tracer.js:122:103
    at NoopContextManager.with (C:\Users\OMEN\projects\
revlo-vr\node_modules\next\dist\compiled\@opentelemetry
\api\index.js:1:7062)
    at ContextAPI.with (C:\Users\OMEN\projects\revlo-vr
\node_modules\next\dist\compiled\@opentelemetry\api\ind
ex.js:1:518)
    at NextTracerImpl.trace (C:\Users\OMEN\projects\rev
lo-vr\node_modules\next\dist\server\lib\trace\tracer.js
:122:28)
    at C:\Users\OMEN\projects\revlo-vr\node_modules\nex
t\dist\compiled\next-server\app-route.runtime.prod.js:6
:28919
    at AsyncLocalStorage.run (node:internal/async_local
_storage/async_context_frame:63:14) {
  description: "Route /api/shop/products couldn't be 
rendered statically because it used `headers`. See 
more info here: 
https://nextjs.org/docs/messages/dynamic-server-error",
  digest: 'DYNAMIC_SERVER_USAGE'
}
Error fetching categories: n [Error]: Dynamic server 
usage: Route /api/shop/categories couldn't be rendered 
statically because it used `headers`. See more info 
here: 
https://nextjs.org/docs/messages/dynamic-server-error
    at l (C:\Users\OMEN\projects\revlo-vr\.next\server\
chunks\38948.js:1:37251)
    at d (C:\Users\OMEN\projects\revlo-vr\.next\server\
chunks\45609.js:30:26094)
    at s (C:\Users\OMEN\projects\revlo-vr\.next\server\
chunks\45609.js:30:19236)
    at c (C:\Users\OMEN\projects\revlo-vr\.next\server\
app\api\shop\categories\route.js:1:1312)
    at C:\Users\OMEN\projects\revlo-vr\node_modules\nex
t\dist\compiled\next-server\app-route.runtime.prod.js:6
:36264
    at C:\Users\OMEN\projects\revlo-vr\node_modules\nex
t\dist\server\lib\trace\tracer.js:140:36
    at NoopContextManager.with (C:\Users\OMEN\projects\
revlo-vr\node_modules\next\dist\compiled\@opentelemetry
\api\index.js:1:7062)
    at ContextAPI.with (C:\Users\OMEN\projects\revlo-vr
\node_modules\next\dist\compiled\@opentelemetry\api\ind
ex.js:1:518)
    at NoopTracer.startActiveSpan (C:\Users\OMEN\projec
ts\revlo-vr\node_modules\next\dist\compiled\@openteleme
try\api\index.js:1:18093)
    at ProxyTracer.startActiveSpan (C:\Users\OMEN\proje
cts\revlo-vr\node_modules\next\dist\compiled\@opentelem
etry\api\index.js:1:18854) {
  description: "Route /api/shop/categories couldn't be 
rendered statically because it used `headers`. See 
more info here: 
https://nextjs.org/docs/messages/dynamic-server-error",
  digest: 'DYNAMIC_SERVER_USAGE'
}
Cilad ayaa dhacday marka jadwalka lacagaha la soo 
gelinayay: q [Error]: Dynamic server usage: Route 
/api/projects/accounting/reports/payment-schedule 
couldn't be rendered statically because it used 
`request.url`. See more info here: 
https://nextjs.org/docs/messages/dynamic-server-error
    at W (C:\Users\OMEN\projects\revlo-vr\node_modules\
next\dist\compiled\next-server\app-route.runtime.prod.j
s:6:21106)
    at Object.get (C:\Users\OMEN\projects\revlo-vr\node
_modules\next\dist\compiled\next-server\app-route.runti
me.prod.js:6:28459)
    at p (C:\Users\OMEN\projects\revlo-vr\.next\server\
app\api\projects\accounting\reports\payment-schedule\ro
ute.js:1:605)
    at C:\Users\OMEN\projects\revlo-vr\node_modules\nex
t\dist\compiled\next-server\app-route.runtime.prod.js:6
:36264
    at C:\Users\OMEN\projects\revlo-vr\node_modules\nex
t\dist\server\lib\trace\tracer.js:140:36
    at NoopContextManager.with (C:\Users\OMEN\projects\
revlo-vr\node_modules\next\dist\compiled\@opentelemetry
\api\index.js:1:7062)
    at ContextAPI.with (C:\Users\OMEN\projects\revlo-vr
\node_modules\next\dist\compiled\@opentelemetry\api\ind
ex.js:1:518)
    at NoopTracer.startActiveSpan (C:\Users\OMEN\projec
ts\revlo-vr\node_modules\next\dist\compiled\@openteleme
try\api\index.js:1:18093)
    at ProxyTracer.startActiveSpan (C:\Users\OMEN\proje
cts\revlo-vr\node_modules\next\dist\compiled\@opentelem
etry\api\index.js:1:18854)
    at C:\Users\OMEN\projects\revlo-vr\node_modules\nex
t\dist\server\lib\trace\tracer.js:122:103 {
  description: "Route 
/api/projects/accounting/reports/payment-schedule 
couldn't be rendered statically because it used 
`request.url`. See more info here: 
https://nextjs.org/docs/messages/dynamic-server-error",
  digest: 'DYNAMIC_SERVER_USAGE'
}
Error fetching transactions: n [Error]: Dynamic server 
usage: Route /api/shop/accounting/transactions 
couldn't be rendered statically because it used 
`headers`. See more info here: 
https://nextjs.org/docs/messages/dynamic-server-error
    at l (C:\Users\OMEN\projects\revlo-vr\.next\server\
chunks\38948.js:1:37251)
    at d (C:\Users\OMEN\projects\revlo-vr\.next\server\
chunks\45609.js:30:26094)
    at s (C:\Users\OMEN\projects\revlo-vr\.next\server\
chunks\45609.js:30:19236)
    at u (C:\Users\OMEN\projects\revlo-vr\.next\server\
app\api\shop\accounting\transactions\route.js:1:1313)
    at C:\Users\OMEN\projects\revlo-vr\node_modules\nex
t\dist\compiled\next-server\app-route.runtime.prod.js:6
:36264
    at C:\Users\OMEN\projects\revlo-vr\node_modules\nex
t\dist\server\lib\trace\tracer.js:140:36
    at NoopContextManager.with (C:\Users\OMEN\projects\
revlo-vr\node_modules\next\dist\compiled\@opentelemetry
\api\index.js:1:7062)
    at ContextAPI.with (C:\Users\OMEN\projects\revlo-vr
\node_modules\next\dist\compiled\@opentelemetry\api\ind
ex.js:1:518)
    at NoopTracer.startActiveSpan (C:\Users\OMEN\projec
ts\revlo-vr\node_modules\next\dist\compiled\@openteleme
try\api\index.js:1:18093)
    at ProxyTracer.startActiveSpan (C:\Users\OMEN\proje
cts\revlo-vr\node_modules\next\dist\compiled\@opentelem
etry\api\index.js:1:18854) {
  description: "Route 
/api/shop/accounting/transactions couldn't be rendered 
statically because it used `headers`. See more info 
here: 
https://nextjs.org/docs/messages/dynamic-server-error",
  digest: 'DYNAMIC_SERVER_USAGE'
}
History Fetch Error: n [Error]: Dynamic server usage: 
Route /api/shop/inventory/%5Bid%5D/history couldn't be 
rendered statically because it used `headers`. See 
more info here: 
https://nextjs.org/docs/messages/dynamic-server-error
    at l (C:\Users\OMEN\projects\revlo-vr\.next\server\
chunks\38948.js:1:37251)
    at d (C:\Users\OMEN\projects\revlo-vr\.next\server\
chunks\45609.js:30:26094)
    at s (C:\Users\OMEN\projects\revlo-vr\.next\server\
chunks\45609.js:30:19236)
    at c (C:\Users\OMEN\projects\revlo-vr\.next\server\
app\api\shop\inventory\%5Bid%5D\history\route.js:1:1324
)
    at C:\Users\OMEN\projects\revlo-vr\node_modules\nex
t\dist\compiled\next-server\app-route.runtime.prod.js:6
:36264
    at C:\Users\OMEN\projects\revlo-vr\node_modules\nex
t\dist\server\lib\trace\tracer.js:140:36
    at NoopContextManager.with (C:\Users\OMEN\projects\
revlo-vr\node_modules\next\dist\compiled\@opentelemetry
\api\index.js:1:7062)
    at ContextAPI.with (C:\Users\OMEN\projects\revlo-vr
\node_modules\next\dist\compiled\@opentelemetry\api\ind
ex.js:1:518)
    at NoopTracer.startActiveSpan (C:\Users\OMEN\projec
ts\revlo-vr\node_modules\next\dist\compiled\@openteleme
try\api\index.js:1:18093)
    at ProxyTracer.startActiveSpan (C:\Users\OMEN\proje
cts\revlo-vr\node_modules\next\dist\compiled\@opentelem
etry\api\index.js:1:18854)
    at C:\Users\OMEN\projects\revlo-vr\node_modules\nex
t\dist\server\lib\trace\tracer.js:122:103
    at NoopContextManager.with (C:\Users\OMEN\projects\
revlo-vr\node_modules\next\dist\compiled\@opentelemetry
\api\index.js:1:7062)
    at ContextAPI.with (C:\Users\OMEN\projects\revlo-vr
\node_modules\next\dist\compiled\@opentelemetry\api\ind
ex.js:1:518)
    at NextTracerImpl.trace (C:\Users\OMEN\projects\rev
lo-vr\node_modules\next\dist\server\lib\trace\tracer.js
:122:28)
    at C:\Users\OMEN\projects\revlo-vr\node_modules\nex
t\dist\compiled\next-server\app-route.runtime.prod.js:6
:28919
    at AsyncLocalStorage.run (node:internal/async_local
_storage/async_context_frame:63:14) {
  description: "Route 
/api/shop/inventory/%5Bid%5D/history couldn't be 
rendered statically because it used `headers`. See 
more info here: 
https://nextjs.org/docs/messages/dynamic-server-error",
  digest: 'DYNAMIC_SERVER_USAGE'
}
Error fetching dashboard analytics: n [Error]: Dynamic 
server usage: Route /api/shop/analytics/dashboard 
couldn't be rendered statically because it used 
`headers`. See more info here: 
https://nextjs.org/docs/messages/dynamic-server-error
    at l (C:\Users\OMEN\projects\revlo-vr\.next\server\
chunks\38948.js:1:37251)
    at d (C:\Users\OMEN\projects\revlo-vr\.next\server\
chunks\45609.js:30:26094)
    at s (C:\Users\OMEN\projects\revlo-vr\.next\server\
chunks\45609.js:30:19236)
    at m (C:\Users\OMEN\projects\revlo-vr\.next\server\
app\api\shop\analytics\dashboard\route.js:1:1328)
    at C:\Users\OMEN\projects\revlo-vr\node_modules\nex
t\dist\compiled\next-server\app-route.runtime.prod.js:6
:36264
    at C:\Users\OMEN\projects\revlo-vr\node_modules\nex
t\dist\server\lib\trace\tracer.js:140:36
    at NoopContextManager.with (C:\Users\OMEN\projects\
revlo-vr\node_modules\next\dist\compiled\@opentelemetry
\api\index.js:1:7062)
    at ContextAPI.with (C:\Users\OMEN\projects\revlo-vr
\node_modules\next\dist\compiled\@opentelemetry\api\ind
ex.js:1:518)
    at NoopTracer.startActiveSpan (C:\Users\OMEN\projec
ts\revlo-vr\node_modules\next\dist\compiled\@openteleme
try\api\index.js:1:18093)
    at ProxyTracer.startActiveSpan (C:\Users\OMEN\proje
cts\revlo-vr\node_modules\next\dist\compiled\@opentelem
etry\api\index.js:1:18854) {
  description: "Route /api/shop/analytics/dashboard 
couldn't be rendered statically because it used 
`headers`. See more info here: 
https://nextjs.org/docs/messages/dynamic-server-error",
  digest: 'DYNAMIC_SERVER_USAGE'
}
Error checking till status: n [Error]: Dynamic server 
usage: Route /api/shop/till/status couldn't be 
rendered statically because it used `headers`. See 
more info here: 
https://nextjs.org/docs/messages/dynamic-server-error
    at l (C:\Users\OMEN\projects\revlo-vr\.next\server\
chunks\38948.js:1:37251)
    at d (C:\Users\OMEN\projects\revlo-vr\.next\server\
chunks\45609.js:30:26094)
    at s (C:\Users\OMEN\projects\revlo-vr\.next\server\
chunks\45609.js:30:19236)
    at c (C:\Users\OMEN\projects\revlo-vr\.next\server\
app\api\shop\till\status\route.js:1:1311)
    at C:\Users\OMEN\projects\revlo-vr\node_modules\nex
t\dist\compiled\next-server\app-route.runtime.prod.js:6
:36264
    at C:\Users\OMEN\projects\revlo-vr\node_modules\nex
t\dist\server\lib\trace\tracer.js:140:36
    at NoopContextManager.with (C:\Users\OMEN\projects\
revlo-vr\node_modules\next\dist\compiled\@opentelemetry
\api\index.js:1:7062)
    at ContextAPI.with (C:\Users\OMEN\projects\revlo-vr
\node_modules\next\dist\compiled\@opentelemetry\api\ind
ex.js:1:518)
    at NoopTracer.startActiveSpan (C:\Users\OMEN\projec
ts\revlo-vr\node_modules\next\dist\compiled\@openteleme
try\api\index.js:1:18093)
    at ProxyTracer.startActiveSpan (C:\Users\OMEN\proje
cts\revlo-vr\node_modules\next\dist\compiled\@opentelem
etry\api\index.js:1:18854) {
  description: "Route /api/shop/till/status couldn't 
be rendered statically because it used `headers`. See 
more info here: 
https://nextjs.org/docs/messages/dynamic-server-error",
  digest: 'DYNAMIC_SERVER_USAGE'
}
Error fetching receivables: n [Error]: Dynamic server 
usage: Route /api/shop/receivables couldn't be 
rendered statically because it used `headers`. See 
more info here: 
https://nextjs.org/docs/messages/dynamic-server-error
    at l (C:\Users\OMEN\projects\revlo-vr\.next\server\
chunks\38948.js:1:37251)
    at d (C:\Users\OMEN\projects\revlo-vr\.next\server\
chunks\45609.js:30:26094)
    at s (C:\Users\OMEN\projects\revlo-vr\.next\server\
chunks\45609.js:30:19236)
    at c (C:\Users\OMEN\projects\revlo-vr\.next\server\
app\api\shop\receivables\route.js:1:1313)
    at C:\Users\OMEN\projects\revlo-vr\node_modules\nex
t\dist\compiled\next-server\app-route.runtime.prod.js:6
:36264
    at C:\Users\OMEN\projects\revlo-vr\node_modules\nex
t\dist\server\lib\trace\tracer.js:140:36
    at NoopContextManager.with (C:\Users\OMEN\projects\
revlo-vr\node_modules\next\dist\compiled\@opentelemetry
\api\index.js:1:7062)
    at ContextAPI.with (C:\Users\OMEN\projects\revlo-vr
\node_modules\next\dist\compiled\@opentelemetry\api\ind
ex.js:1:518)
    at NoopTracer.startActiveSpan (C:\Users\OMEN\projec
ts\revlo-vr\node_modules\next\dist\compiled\@openteleme
try\api\index.js:1:18093)
    at ProxyTracer.startActiveSpan (C:\Users\OMEN\proje
cts\revlo-vr\node_modules\next\dist\compiled\@opentelem
etry\api\index.js:1:18854)
    at C:\Users\OMEN\projects\revlo-vr\node_modules\nex
t\dist\server\lib\trace\tracer.js:122:103
    at NoopContextManager.with (C:\Users\OMEN\projects\
revlo-vr\node_modules\next\dist\compiled\@opentelemetry
\api\index.js:1:7062)
    at ContextAPI.with (C:\Users\OMEN\projects\revlo-vr
\node_modules\next\dist\compiled\@opentelemetry\api\ind
ex.js:1:518)
    at NextTracerImpl.trace (C:\Users\OMEN\projects\rev
lo-vr\node_modules\next\dist\server\lib\trace\tracer.js
:122:28)
    at C:\Users\OMEN\projects\revlo-vr\node_modules\nex
t\dist\compiled\next-server\app-route.runtime.prod.js:6
:28919
    at AsyncLocalStorage.run (node:internal/async_local
_storage/async_context_frame:63:14) {
  description: "Route /api/shop/receivables couldn't 
be rendered statically because it used `headers`. See 
more info here: 
https://nextjs.org/docs/messages/dynamic-server-error",
  digest: 'DYNAMIC_SERVER_USAGE'
}
Error fetching telegram user links n [Error]: Dynamic 
server usage: Route /api/telegram/users couldn't be 
rendered statically because it used `headers`. See 
more info here: 
https://nextjs.org/docs/messages/dynamic-server-error
    at l (C:\Users\OMEN\projects\revlo-vr\.next\server\
chunks\38948.js:1:37251)
    at d (C:\Users\OMEN\projects\revlo-vr\.next\server\
chunks\45609.js:30:26094)
    at s (C:\Users\OMEN\projects\revlo-vr\.next\server\
chunks\45609.js:30:19236)
    at l (C:\Users\OMEN\projects\revlo-vr\.next\server\
app\api\admin\check-transactions\route.js:1:6411)
    at u (C:\Users\OMEN\projects\revlo-vr\.next\server\
app\api\telegram\users\route.js:1:1286)
    at C:\Users\OMEN\projects\revlo-vr\node_modules\nex
t\dist\compiled\next-server\app-route.runtime.prod.js:6
:36264
    at C:\Users\OMEN\projects\revlo-vr\node_modules\nex
t\dist\server\lib\trace\tracer.js:140:36
    at NoopContextManager.with (C:\Users\OMEN\projects\
revlo-vr\node_modules\next\dist\compiled\@opentelemetry
\api\index.js:1:7062)
    at ContextAPI.with (C:\Users\OMEN\projects\revlo-vr
\node_modules\next\dist\compiled\@opentelemetry\api\ind
ex.js:1:518)
    at NoopTracer.startActiveSpan (C:\Users\OMEN\projec
ts\revlo-vr\node_modules\next\dist\compiled\@openteleme
try\api\index.js:1:18093)
    at ProxyTracer.startActiveSpan (C:\Users\OMEN\proje
cts\revlo-vr\node_modules\next\dist\compiled\@opentelem
etry\api\index.js:1:18854)
    at C:\Users\OMEN\projects\revlo-vr\node_modules\nex
t\dist\server\lib\trace\tracer.js:122:103
    at NoopContextManager.with (C:\Users\OMEN\projects\
revlo-vr\node_modules\next\dist\compiled\@opentelemetry
\api\index.js:1:7062)
    at ContextAPI.with (C:\Users\OMEN\projects\revlo-vr
\node_modules\next\dist\compiled\@opentelemetry\api\ind
ex.js:1:518)
    at NextTracerImpl.trace (C:\Users\OMEN\projects\rev
lo-vr\node_modules\next\dist\server\lib\trace\tracer.js
:122:28)
    at C:\Users\OMEN\projects\revlo-vr\node_modules\nex
t\dist\compiled\next-server\app-route.runtime.prod.js:6
:28919 {
  description: "Route /api/telegram/users couldn't be 
rendered statically because it used `headers`. See 
more info here: 
https://nextjs.org/docs/messages/dynamic-server-error",
  digest: 'DYNAMIC_SERVER_USAGE'
}
prisma:query SELECT "public"."transactions"."_id", "public"."transactions"."description", "public"."transactions"."amount", "public"."transactions"."type"::text, "public"."transactions"."transactionDate", "public"."transactions"."note", "public"."transactions"."createdAt", "public"."transactions"."updatedAt", "public"."transactions"."accountId", "public"."transactions"."fromAccountId", "public"."transactions"."toAccountId", "public"."transactions"."projectId", "public"."transactions"."expenseId", "public"."transactions"."customerId", "public"."transactions"."vendorId", "public"."transactions"."userId", "public"."transactions"."employeeId", "public"."transactions"."category", "public"."transactions"."receiptUrl", "public"."transactions"."companyId", "public"."transactions"."fiscalYearId", "public"."transactions"."shareholderId", "public"."transactions"."fixedAssetId" FROM "public"."transactions" WHERE ("public"."transactions"."transactionDate" >= $1 AND "public"."transactions"."transactionDate" < $2) OFFSET $3
 Γ¿» useSearchParams() should be wrapped in a suspense 
boundary at page "/admin/error-logs". Read more: https:
//nextjs.org/docs/messages/missing-suspense-with-csr-ba
ilout
    at o (C:\Users\OMEN\projects\revlo-vr\.next\server\
chunks\55112.js:61:31102)
    at c (C:\Users\OMEN\projects\revlo-vr\.next\server\
chunks\55112.js:61:42099)
    at o (C:\Users\OMEN\projects\revlo-vr\.next\server\
chunks\30443.js:1:1189)
    at nj (C:\Users\OMEN\projects\revlo-vr\node_modules
\next\dist\compiled\next-server\app-page.runtime.prod.j
s:12:46251)
    at nM (C:\Users\OMEN\projects\revlo-vr\node_modules
\next\dist\compiled\next-server\app-page.runtime.prod.j
s:12:47571)
    at nM (C:\Users\OMEN\projects\revlo-vr\node_modules
\next\dist\compiled\next-server\app-page.runtime.prod.j
s:12:61546)
    at nN (C:\Users\OMEN\projects\revlo-vr\node_modules
\next\dist\compiled\next-server\app-page.runtime.prod.j
s:12:64546)
    at nB (C:\Users\OMEN\projects\revlo-vr\node_modules
\next\dist\compiled\next-server\app-page.runtime.prod.j
s:12:67538)
    at nD (C:\Users\OMEN\projects\revlo-vr\node_modules
\next\dist\compiled\next-server\app-page.runtime.prod.j
s:12:66680)
    at nN (C:\Users\OMEN\projects\revlo-vr\node_modules
\next\dist\compiled\next-server\app-page.runtime.prod.j
s:12:64853)

Error occurred prerendering page "/admin/error-logs". 
Read more: 
https://nextjs.org/docs/messages/prerender-error

 Γ¿» useSearchParams() should be wrapped in a suspense 
boundary at page "/about". Read more: https://nextjs.or
g/docs/messages/missing-suspense-with-csr-bailout
    at o (C:\Users\OMEN\projects\revlo-vr\.next\server\
chunks\55112.js:61:31102)
    at c (C:\Users\OMEN\projects\revlo-vr\.next\server\
chunks\55112.js:61:42099)
    at o (C:\Users\OMEN\projects\revlo-vr\.next\server\
chunks\30443.js:1:1189)
    at nj (C:\Users\OMEN\projects\revlo-vr\node_modules
\next\dist\compiled\next-server\app-page.runtime.prod.j
s:12:46251)
    at nM (C:\Users\OMEN\projects\revlo-vr\node_modules
\next\dist\compiled\next-server\app-page.runtime.prod.j
s:12:47571)
    at nM (C:\Users\OMEN\projects\revlo-vr\node_modules
\next\dist\compiled\next-server\app-page.runtime.prod.j
s:12:61546)
    at nN (C:\Users\OMEN\projects\revlo-vr\node_modules
\next\dist\compiled\next-server\app-page.runtime.prod.j
s:12:64546)
    at nB (C:\Users\OMEN\projects\revlo-vr\node_modules
\next\dist\compiled\next-server\app-page.runtime.prod.j
s:12:67538)
    at nD (C:\Users\OMEN\projects\revlo-vr\node_modules
\next\dist\compiled\next-server\app-page.runtime.prod.j
s:12:66680)
    at nN (C:\Users\OMEN\projects\revlo-vr\node_modules
\next\dist\compiled\next-server\app-page.runtime.prod.j
s:12:64853)

Error occurred prerendering page "/about". Read more: 
https://nextjs.org/docs/messages/prerender-error

 Γ¿» useSearchParams() should be wrapped in a suspense 
boundary at page "/admin/backup-restore". Read more: ht
tps://nextjs.org/docs/messages/missing-suspense-with-cs
r-bailout
    at o (C:\Users\OMEN\projects\revlo-vr\.next\server\
chunks\55112.js:61:31102)
    at c (C:\Users\OMEN\projects\revlo-vr\.next\server\
chunks\55112.js:61:42099)
    at o (C:\Users\OMEN\projects\revlo-vr\.next\server\
chunks\30443.js:1:1189)
    at nj (C:\Users\OMEN\projects\revlo-vr\node_modules
\next\dist\compiled\next-server\app-page.runtime.prod.j
s:12:46251)
    at nM (C:\Users\OMEN\projects\revlo-vr\node_modules
\next\dist\compiled\next-server\app-page.runtime.prod.j
s:12:47571)
    at nM (C:\Users\OMEN\projects\revlo-vr\node_modules
\next\dist\compiled\next-server\app-page.runtime.prod.j
s:12:61546)
    at nN (C:\Users\OMEN\projects\revlo-vr\node_modules
\next\dist\compiled\next-server\app-page.runtime.prod.j
s:12:64546)
    at nB (C:\Users\OMEN\projects\revlo-vr\node_modules
\next\dist\compiled\next-server\app-page.runtime.prod.j
s:12:67538)
    at nD (C:\Users\OMEN\projects\revlo-vr\node_modules
\next\dist\compiled\next-server\app-page.runtime.prod.j
s:12:66680)
    at nN (C:\Users\OMEN\projects\revlo-vr\node_modules
\next\dist\compiled\next-server\app-page.runtime.prod.j
s:12:64853)

Error occurred prerendering page 
"/admin/backup-restore". Read more: 
https://nextjs.org/docs/messages/prerender-error

 Γ¿» useSearchParams() should be wrapped in a suspense 
boundary at page "/admin/check-transactions". Read 
more: https://nextjs.org/docs/messages/missing-suspense
-with-csr-bailout
    at o (C:\Users\OMEN\projects\revlo-vr\.next\server\
chunks\55112.js:61:31102)
    at c (C:\Users\OMEN\projects\revlo-vr\.next\server\
chunks\55112.js:61:42099)
    at o (C:\Users\OMEN\projects\revlo-vr\.next\server\
chunks\30443.js:1:1189)
    at nj (C:\Users\OMEN\projects\revlo-vr\node_modules
\next\dist\compiled\next-server\app-page.runtime.prod.j
s:12:46251)
    at nM (C:\Users\OMEN\projects\revlo-vr\node_modules
\next\dist\compiled\next-server\app-page.runtime.prod.j
s:12:47571)
    at nM (C:\Users\OMEN\projects\revlo-vr\node_modules
\next\dist\compiled\next-server\app-page.runtime.prod.j
s:12:61546)
    at nN (C:\Users\OMEN\projects\revlo-vr\node_modules
\next\dist\compiled\next-server\app-page.runtime.prod.j
s:12:64546)
    at nB (C:\Users\OMEN\projects\revlo-vr\node_modules
\next\dist\compiled\next-server\app-page.runtime.prod.j
s:12:67538)
    at nD (C:\Users\OMEN\projects\revlo-vr\node_modules
\next\dist\compiled\next-server\app-page.runtime.prod.j
s:12:66680)
    at nN (C:\Users\OMEN\projects\revlo-vr\node_modules
\next\dist\compiled\next-server\app-page.runtime.prod.j
s:12:64853)

Error occurred prerendering page 
"/admin/check-transactions". Read more: 
https://nextjs.org/docs/messages/prerender-error

 Γ¿» useSearchParams() should be wrapped in a suspense 
boundary at page "/admin/contact-messages". Read more: 
https://nextjs.org/docs/messages/missing-suspense-with-
csr-bailout
    at o (C:\Users\OMEN\projects\revlo-vr\.next\server\
chunks\55112.js:61:31102)
    at c (C:\Users\OMEN\projects\revlo-vr\.next\server\
chunks\55112.js:61:42099)
    at o (C:\Users\OMEN\projects\revlo-vr\.next\server\
chunks\30443.js:1:1189)
    at nj (C:\Users\OMEN\projects\revlo-vr\node_modules
\next\dist\compiled\next-server\app-page.runtime.prod.j
s:12:46251)
    at nM (C:\Users\OMEN\projects\revlo-vr\node_modules
\next\dist\compiled\next-server\app-page.runtime.prod.j
s:12:47571)
    at nM (C:\Users\OMEN\projects\revlo-vr\node_modules
\next\dist\compiled\next-server\app-page.runtime.prod.j
s:12:61546)
    at nN (C:\Users\OMEN\projects\revlo-vr\node_modules
\next\dist\compiled\next-server\app-page.runtime.prod.j
s:12:64546)
    at nB (C:\Users\OMEN\projects\revlo-vr\node_modules
\next\dist\compiled\next-server\app-page.runtime.prod.j
s:12:67538)
    at nD (C:\Users\OMEN\projects\revlo-vr\node_modules
\next\dist\compiled\next-server\app-page.runtime.prod.j
s:12:66680)
    at nN (C:\Users\OMEN\projects\revlo-vr\node_modules
\next\dist\compiled\next-server\app-page.runtime.prod.j
s:12:64853)

Error occurred prerendering page 
"/admin/contact-messages". Read more: 
https://nextjs.org/docs/messages/prerender-error

 Γ¿» useSearchParams() should be wrapped in a suspense 
boundary at page "/404". Read more: https://nextjs.org/
docs/messages/missing-suspense-with-csr-bailout
    at o (C:\Users\OMEN\projects\revlo-vr\.next\server\
chunks\55112.js:61:31102)
    at c (C:\Users\OMEN\projects\revlo-vr\.next\server\
chunks\55112.js:61:42099)
    at o (C:\Users\OMEN\projects\revlo-vr\.next\server\
chunks\30443.js:1:1189)
    at nj (C:\Users\OMEN\projects\revlo-vr\node_modules
\next\dist\compiled\next-server\app-page.runtime.prod.j
s:12:46251)
    at nM (C:\Users\OMEN\projects\revlo-vr\node_modules
\next\dist\compiled\next-server\app-page.runtime.prod.j
s:12:47571)
    at nM (C:\Users\OMEN\projects\revlo-vr\node_modules
\next\dist\compiled\next-server\app-page.runtime.prod.j
s:12:61546)
    at nN (C:\Users\OMEN\projects\revlo-vr\node_modules
\next\dist\compiled\next-server\app-page.runtime.prod.j
s:12:64546)
    at nB (C:\Users\OMEN\projects\revlo-vr\node_modules
\next\dist\compiled\next-server\app-page.runtime.prod.j
s:12:67538)
    at nD (C:\Users\OMEN\projects\revlo-vr\node_modules
\next\dist\compiled\next-server\app-page.runtime.prod.j
s:12:66680)
    at nN (C:\Users\OMEN\projects\revlo-vr\node_modules
\next\dist\compiled\next-server\app-page.runtime.prod.j
s:12:64853)
    at nB (C:\Users\OMEN\projects\revlo-vr\node_modules
\next\dist\compiled\next-server\app-page.runtime.prod.j
s:12:67538)
    at nD (C:\Users\OMEN\projects\revlo-vr\node_modules
\next\dist\compiled\next-server\app-page.runtime.prod.j
s:12:66680)
    at nN (C:\Users\OMEN\projects\revlo-vr\node_modules
\next\dist\compiled\next-server\app-page.runtime.prod.j
s:12:64853)
    at nB (C:\Users\OMEN\projects\revlo-vr\node_modules
\next\dist\compiled\next-server\app-page.runtime.prod.j
s:12:67538)
    at nD (C:\Users\OMEN\projects\revlo-vr\node_modules
\next\dist\compiled\next-server\app-page.runtime.prod.j
s:12:66680)
    at nN (C:\Users\OMEN\projects\revlo-vr\node_modules
\next\dist\compiled\next-server\app-page.runtime.prod.j
s:12:64853)

Error occurred prerendering page "/_not-found". Read 
more: https://nextjs.org/docs/messages/prerender-error

 Γ¿» useSearchParams() should be wrapped in a suspense 
boundary at page "/admin/live-transactions". Read 
more: https://nextjs.org/docs/messages/missing-suspense
-with-csr-bailout
    at o (C:\Users\OMEN\projects\revlo-vr\.next\server\
chunks\55112.js:61:31102)
    at c (C:\Users\OMEN\projects\revlo-vr\.next\server\
chunks\55112.js:61:42099)
    at o (C:\Users\OMEN\projects\revlo-vr\.next\server\
chunks\30443.js:1:1189)
    at nj (C:\Users\OMEN\projects\revlo-vr\node_modules
\next\dist\compiled\next-server\app-page.runtime.prod.j
s:12:46251)
    at nM (C:\Users\OMEN\projects\revlo-vr\node_modules
\next\dist\compiled\next-server\app-page.runtime.prod.j
s:12:47571)
    at nM (C:\Users\OMEN\projects\revlo-vr\node_modules
\next\dist\compiled\next-server\app-page.runtime.prod.j
s:12:61546)
    at nN (C:\Users\OMEN\projects\revlo-vr\node_modules
\next\dist\compiled\next-server\app-page.runtime.prod.j
s:12:64546)
    at nB (C:\Users\OMEN\projects\revlo-vr\node_modules
\next\dist\compiled\next-server\app-page.runtime.prod.j
s:12:67538)
    at nD (C:\Users\OMEN\projects\revlo-vr\node_modules
\next\dist\compiled\next-server\app-page.runtime.prod.j
s:12:66680)
    at nN (C:\Users\OMEN\projects\revlo-vr\node_modules
\next\dist\compiled\next-server\app-page.runtime.prod.j
s:12:64853)
    at nB (C:\Users\OMEN\projects\revlo-vr\node_modules
\next\dist\compiled\next-server\app-page.runtime.prod.j
s:12:67538)
    at nD (C:\Users\OMEN\projects\revlo-vr\node_modules
\next\dist\compiled\next-server\app-page.runtime.prod.j
s:12:66680)
    at nN (C:\Users\OMEN\projects\revlo-vr\node_modules
\next\dist\compiled\next-server\app-page.runtime.prod.j
s:12:64853)
    at nB (C:\Users\OMEN\projects\revlo-vr\node_modules
\next\dist\compiled\next-server\app-page.runtime.prod.j
s:12:67538)
    at nD (C:\Users\OMEN\projects\revlo-vr\node_modules
\next\dist\compiled\next-server\app-page.runtime.prod.j
s:12:66680)
    at nN (C:\Users\OMEN\projects\revlo-vr\node_modules
\next\dist\compiled\next-server\app-page.runtime.prod.j
s:12:64853)

Error occurred prerendering page 
"/admin/live-transactions". Read more: 
https://nextjs.org/docs/messages/prerender-error

 Γ¿» useSearchParams() should be wrapped in a suspense 
boundary at page "/accounting/receivables". Read more: 
https://nextjs.org/docs/messages/missing-suspense-with-
csr-bailout
    at o (C:\Users\OMEN\projects\revlo-vr\.next\server\
chunks\55112.js:61:31102)
    at c (C:\Users\OMEN\projects\revlo-vr\.next\server\
chunks\55112.js:61:42099)
    at o (C:\Users\OMEN\projects\revlo-vr\.next\server\
chunks\30443.js:1:1189)
    at nj (C:\Users\OMEN\projects\revlo-vr\node_modules
\next\dist\compiled\next-server\app-page.runtime.prod.j
s:12:46251)
    at nM (C:\Users\OMEN\projects\revlo-vr\node_modules
\next\dist\compiled\next-server\app-page.runtime.prod.j
s:12:47571)
    at nM (C:\Users\OMEN\projects\revlo-vr\node_modules
\next\dist\compiled\next-server\app-page.runtime.prod.j
s:12:61546)
    at nN (C:\Users\OMEN\projects\revlo-vr\node_modules
\next\dist\compiled\next-server\app-page.runtime.prod.j
s:12:64546)
    at nB (C:\Users\OMEN\projects\revlo-vr\node_modules
\next\dist\compiled\next-server\app-page.runtime.prod.j
s:12:67538)
    at nD (C:\Users\OMEN\projects\revlo-vr\node_modules
\next\dist\compiled\next-server\app-page.runtime.prod.j
s:12:66680)
    at nN (C:\Users\OMEN\projects\revlo-vr\node_modules
\next\dist\compiled\next-server\app-page.runtime.prod.j
s:12:64853)
    at nB (C:\Users\OMEN\projects\revlo-vr\node_modules
\next\dist\compiled\next-server\app-page.runtime.prod.j
s:12:67538)
    at nD (C:\Users\OMEN\projects\revlo-vr\node_modules
\next\dist\compiled\next-server\app-page.runtime.prod.j
s:12:66680)
    at nN (C:\Users\OMEN\projects\revlo-vr\node_modules
\next\dist\compiled\next-server\app-page.runtime.prod.j
s:12:64853)
    at nB (C:\Users\OMEN\projects\revlo-vr\node_modules
\next\dist\compiled\next-server\app-page.runtime.prod.j
s:12:67538)
    at nD (C:\Users\OMEN\projects\revlo-vr\node_modules
\next\dist\compiled\next-server\app-page.runtime.prod.j
s:12:66680)
    at nN (C:\Users\OMEN\projects\revlo-vr\node_modules
\next\dist\compiled\next-server\app-page.runtime.prod.j
s:12:64853)

Error occurred prerendering page 
"/accounting/receivables". Read more: 
https://nextjs.org/docs/messages/prerender-error

 Γ¿» useSearchParams() should be wrapped in a suspense 
boundary at page "/demo". Read more: https://nextjs.org
/docs/messages/missing-suspense-with-csr-bailout
    at o (C:\Users\OMEN\projects\revlo-vr\.next\server\
chunks\55112.js:61:31102)
    at c (C:\Users\OMEN\projects\revlo-vr\.next\server\
chunks\55112.js:61:42099)
    at o (C:\Users\OMEN\projects\revlo-vr\.next\server\
chunks\30443.js:1:1189)
    at nj (C:\Users\OMEN\projects\revlo-vr\node_modules
\next\dist\compiled\next-server\app-page.runtime.prod.j
s:12:46251)
    at nM (C:\Users\OMEN\projects\revlo-vr\node_modules
\next\dist\compiled\next-server\app-page.runtime.prod.j
s:12:47571)
    at nM (C:\Users\OMEN\projects\revlo-vr\node_modules
\next\dist\compiled\next-server\app-page.runtime.prod.j
s:12:61546)
    at nN (C:\Users\OMEN\projects\revlo-vr\node_modules
\next\dist\compiled\next-server\app-page.runtime.prod.j
s:12:64546)
    at nB (C:\Users\OMEN\projects\revlo-vr\node_modules
\next\dist\compiled\next-server\app-page.runtime.prod.j
s:12:67538)
    at nD (C:\Users\OMEN\projects\revlo-vr\node_modules
\next\dist\compiled\next-server\app-page.runtime.prod.j
s:12:66680)
    at nN (C:\Users\OMEN\projects\revlo-vr\node_modules
\next\dist\compiled\next-server\app-page.runtime.prod.j
s:12:64853)

Error occurred prerendering page "/demo". Read more: 
https://nextjs.org/docs/messages/prerender-error

 Γ¿» useSearchParams() should be wrapped in a suspense 
boundary at page "/admin/fiscal-years". Read more: http
s://nextjs.org/docs/messages/missing-suspense-with-csr-
bailout
    at o (C:\Users\OMEN\projects\revlo-vr\.next\server\
chunks\55112.js:61:31102)
    at c (C:\Users\OMEN\projects\revlo-vr\.next\server\
chunks\55112.js:61:42099)
    at o (C:\Users\OMEN\projects\revlo-vr\.next\server\
chunks\30443.js:1:1189)
    at nj (C:\Users\OMEN\projects\revlo-vr\node_modules
\next\dist\compiled\next-server\app-page.runtime.prod.j
s:12:46251)
    at nM (C:\Users\OMEN\projects\revlo-vr\node_modules
\next\dist\compiled\next-server\app-page.runtime.prod.j
s:12:47571)
    at nM (C:\Users\OMEN\projects\revlo-vr\node_modules
\next\dist\compiled\next-server\app-page.runtime.prod.j
s:12:61546)
    at nN (C:\Users\OMEN\projects\revlo-vr\node_modules
\next\dist\compiled\next-server\app-page.runtime.prod.j
s:12:64546)
    at nB (C:\Users\OMEN\projects\revlo-vr\node_modules
\next\dist\compiled\next-server\app-page.runtime.prod.j
s:12:67538)
    at nD (C:\Users\OMEN\projects\revlo-vr\node_modules
\next\dist\compiled\next-server\app-page.runtime.prod.j
s:12:66680)
    at nN (C:\Users\OMEN\projects\revlo-vr\node_modules
\next\dist\compiled\next-server\app-page.runtime.prod.j
s:12:64853)

Error occurred prerendering page 
"/admin/fiscal-years". Read more: 
https://nextjs.org/docs/messages/prerender-error

 Γ¿» useSearchParams() should be wrapped in a suspense 
boundary at page "/admin/performance-metrics". Read 
more: https://nextjs.org/docs/messages/missing-suspense
-with-csr-bailout
    at o (C:\Users\OMEN\projects\revlo-vr\.next\server\
chunks\55112.js:61:31102)
    at c (C:\Users\OMEN\projects\revlo-vr\.next\server\
chunks\55112.js:61:42099)
    at o (C:\Users\OMEN\projects\revlo-vr\.next\server\
chunks\30443.js:1:1189)
    at nj (C:\Users\OMEN\projects\revlo-vr\node_modules
\next\dist\compiled\next-server\app-page.runtime.prod.j
s:12:46251)
    at nM (C:\Users\OMEN\projects\revlo-vr\node_modules
\next\dist\compiled\next-server\app-page.runtime.prod.j
s:12:47571)
    at nM (C:\Users\OMEN\projects\revlo-vr\node_modules
\next\dist\compiled\next-server\app-page.runtime.prod.j
s:12:61546)
    at nN (C:\Users\OMEN\projects\revlo-vr\node_modules
\next\dist\compiled\next-server\app-page.runtime.prod.j
s:12:64546)
    at nB (C:\Users\OMEN\projects\revlo-vr\node_modules
\next\dist\compiled\next-server\app-page.runtime.prod.j
s:12:67538)
    at nD (C:\Users\OMEN\projects\revlo-vr\node_modules
\next\dist\compiled\next-server\app-page.runtime.prod.j
s:12:66680)
    at nN (C:\Users\OMEN\projects\revlo-vr\node_modules
\next\dist\compiled\next-server\app-page.runtime.prod.j
s:12:64853)

Error occurred prerendering page 
"/admin/performance-metrics". Read more: 
https://nextjs.org/docs/messages/prerender-error

 Γ¿» useSearchParams() should be wrapped in a suspense 
boundary at page "/forgot-password". Read more: https:/
/nextjs.org/docs/messages/missing-suspense-with-csr-bai
lout
    at o (C:\Users\OMEN\projects\revlo-vr\.next\server\
chunks\55112.js:61:31102)
    at c (C:\Users\OMEN\projects\revlo-vr\.next\server\
chunks\55112.js:61:42099)
    at o (C:\Users\OMEN\projects\revlo-vr\.next\server\
chunks\30443.js:1:1189)
    at nj (C:\Users\OMEN\projects\revlo-vr\node_modules
\next\dist\compiled\next-server\app-page.runtime.prod.j
s:12:46251)
    at nM (C:\Users\OMEN\projects\revlo-vr\node_modules
\next\dist\compiled\next-server\app-page.runtime.prod.j
s:12:47571)
    at nM (C:\Users\OMEN\projects\revlo-vr\node_modules
\next\dist\compiled\next-server\app-page.runtime.prod.j
s:12:61546)
    at nN (C:\Users\OMEN\projects\revlo-vr\node_modules
\next\dist\compiled\next-server\app-page.runtime.prod.j
s:12:64546)
    at nB (C:\Users\OMEN\projects\revlo-vr\node_modules
\next\dist\compiled\next-server\app-page.runtime.prod.j
s:12:67538)
    at nD (C:\Users\OMEN\projects\revlo-vr\node_modules
\next\dist\compiled\next-server\app-page.runtime.prod.j
s:12:66680)
    at nN (C:\Users\OMEN\projects\revlo-vr\node_modules
\next\dist\compiled\next-server\app-page.runtime.prod.j
s:12:64853)

Error occurred prerendering page "/forgot-password". 
Read more: 
https://nextjs.org/docs/messages/prerender-error

 Γ¿» useSearchParams() should be wrapped in a suspense 
boundary at page "/download". Read more: https://nextjs
.org/docs/messages/missing-suspense-with-csr-bailout
    at o (C:\Users\OMEN\projects\revlo-vr\.next\server\
chunks\55112.js:61:31102)
    at c (C:\Users\OMEN\projects\revlo-vr\.next\server\
chunks\55112.js:61:42099)
    at o (C:\Users\OMEN\projects\revlo-vr\.next\server\
chunks\30443.js:1:1189)
    at nj (C:\Users\OMEN\projects\revlo-vr\node_modules
\next\dist\compiled\next-server\app-page.runtime.prod.j
s:12:46251)
    at nM (C:\Users\OMEN\projects\revlo-vr\node_modules
\next\dist\compiled\next-server\app-page.runtime.prod.j
s:12:47571)
    at nM (C:\Users\OMEN\projects\revlo-vr\node_modules
\next\dist\compiled\next-server\app-page.runtime.prod.j
s:12:61546)
    at nN (C:\Users\OMEN\projects\revlo-vr\node_modules
\next\dist\compiled\next-server\app-page.runtime.prod.j
s:12:64546)
    at nB (C:\Users\OMEN\projects\revlo-vr\node_modules
\next\dist\compiled\next-server\app-page.runtime.prod.j
s:12:67538)
    at nD (C:\Users\OMEN\projects\revlo-vr\node_modules
\next\dist\compiled\next-server\app-page.runtime.prod.j
s:12:66680)
    at nN (C:\Users\OMEN\projects\revlo-vr\node_modules
\next\dist\compiled\next-server\app-page.runtime.prod.j
s:12:64853)

Error occurred prerendering page "/download". Read 
more: https://nextjs.org/docs/messages/prerender-error

 Γ¿» useSearchParams() should be wrapped in a suspense 
boundary at page "/admin/security". Read more: https://
nextjs.org/docs/messages/missing-suspense-with-csr-bail
out
    at o (C:\Users\OMEN\projects\revlo-vr\.next\server\
chunks\55112.js:61:31102)
    at c (C:\Users\OMEN\projects\revlo-vr\.next\server\
chunks\55112.js:61:42099)
    at o (C:\Users\OMEN\projects\revlo-vr\.next\server\
chunks\30443.js:1:1189)
    at nj (C:\Users\OMEN\projects\revlo-vr\node_modules
\next\dist\compiled\next-server\app-page.runtime.prod.j
s:12:46251)
    at nM (C:\Users\OMEN\projects\revlo-vr\node_modules
\next\dist\compiled\next-server\app-page.runtime.prod.j
s:12:47571)
    at nM (C:\Users\OMEN\projects\revlo-vr\node_modules
\next\dist\compiled\next-server\app-page.runtime.prod.j
s:12:61546)
    at nN (C:\Users\OMEN\projects\revlo-vr\node_modules
\next\dist\compiled\next-server\app-page.runtime.prod.j
s:12:64546)
    at nB (C:\Users\OMEN\projects\revlo-vr\node_modules
\next\dist\compiled\next-server\app-page.runtime.prod.j
s:12:67538)
    at nD (C:\Users\OMEN\projects\revlo-vr\node_modules
\next\dist\compiled\next-server\app-page.runtime.prod.j
s:12:66680)
    at nN (C:\Users\OMEN\projects\revlo-vr\node_modules
\next\dist\compiled\next-server\app-page.runtime.prod.j
s:12:64853)

Error occurred prerendering page "/admin/security". 
Read more: 
https://nextjs.org/docs/messages/prerender-error

 Γ¿» useSearchParams() should be wrapped in a suspense 
boundary at page "/contact". Read more: https://nextjs.
org/docs/messages/missing-suspense-with-csr-bailout
    at o (C:\Users\OMEN\projects\revlo-vr\.next\server\
chunks\55112.js:61:31102)
    at c (C:\Users\OMEN\projects\revlo-vr\.next\server\
chunks\55112.js:61:42099)
    at o (C:\Users\OMEN\projects\revlo-vr\.next\server\
chunks\30443.js:1:1189)
    at nj (C:\Users\OMEN\projects\revlo-vr\node_modules
\next\dist\compiled\next-server\app-page.runtime.prod.j
s:12:46251)
    at nM (C:\Users\OMEN\projects\revlo-vr\node_modules
\next\dist\compiled\next-server\app-page.runtime.prod.j
s:12:47571)
    at nM (C:\Users\OMEN\projects\revlo-vr\node_modules
\next\dist\compiled\next-server\app-page.runtime.prod.j
s:12:61546)
    at nN (C:\Users\OMEN\projects\revlo-vr\node_modules
\next\dist\compiled\next-server\app-page.runtime.prod.j
s:12:64546)
    at nB (C:\Users\OMEN\projects\revlo-vr\node_modules
\next\dist\compiled\next-server\app-page.runtime.prod.j
s:12:67538)
    at nD (C:\Users\OMEN\projects\revlo-vr\node_modules
\next\dist\compiled\next-server\app-page.runtime.prod.j
s:12:66680)
    at nN (C:\Users\OMEN\projects\revlo-vr\node_modules
\next\dist\compiled\next-server\app-page.runtime.prod.j
s:12:64853)
    at nB (C:\Users\OMEN\projects\revlo-vr\node_modules
\next\dist\compiled\next-server\app-page.runtime.prod.j
s:12:67538)
    at nD (C:\Users\OMEN\projects\revlo-vr\node_modules
\next\dist\compiled\next-server\app-page.runtime.prod.j
s:12:66680)
    at nN (C:\Users\OMEN\projects\revlo-vr\node_modules
\next\dist\compiled\next-server\app-page.runtime.prod.j
s:12:64853)
    at nB (C:\Users\OMEN\projects\revlo-vr\node_modules
\next\dist\compiled\next-server\app-page.runtime.prod.j
s:12:67538)
    at nD (C:\Users\OMEN\projects\revlo-vr\node_modules
\next\dist\compiled\next-server\app-page.runtime.prod.j
s:12:66680)
    at nN (C:\Users\OMEN\projects\revlo-vr\node_modules
\next\dist\compiled\next-server\app-page.runtime.prod.j
s:12:64853)

Error occurred prerendering page "/contact". Read 
more: https://nextjs.org/docs/messages/prerender-error

 Γ¿» useSearchParams() should be wrapped in a suspense 
boundary at page "/chat". Read more: https://nextjs.org
/docs/messages/missing-suspense-with-csr-bailout
    at o (C:\Users\OMEN\projects\revlo-vr\.next\server\
chunks\55112.js:61:31102)
    at c (C:\Users\OMEN\projects\revlo-vr\.next\server\
chunks\55112.js:61:42099)
    at o (C:\Users\OMEN\projects\revlo-vr\.next\server\
chunks\30443.js:1:1189)
    at nj (C:\Users\OMEN\projects\revlo-vr\node_modules
\next\dist\compiled\next-server\app-page.runtime.prod.j
s:12:46251)
    at nM (C:\Users\OMEN\projects\revlo-vr\node_modules
\next\dist\compiled\next-server\app-page.runtime.prod.j
s:12:47571)
    at nM (C:\Users\OMEN\projects\revlo-vr\node_modules
\next\dist\compiled\next-server\app-page.runtime.prod.j
s:12:61546)
    at nN (C:\Users\OMEN\projects\revlo-vr\node_modules
\next\dist\compiled\next-server\app-page.runtime.prod.j
s:12:64546)
    at nB (C:\Users\OMEN\projects\revlo-vr\node_modules
\next\dist\compiled\next-server\app-page.runtime.prod.j
s:12:67538)
    at nD (C:\Users\OMEN\projects\revlo-vr\node_modules
\next\dist\compiled\next-server\app-page.runtime.prod.j
s:12:66680)
    at nN (C:\Users\OMEN\projects\revlo-vr\node_modules
\next\dist\compiled\next-server\app-page.runtime.prod.j
s:12:64853)
    at nB (C:\Users\OMEN\projects\revlo-vr\node_modules
\next\dist\compiled\next-server\app-page.runtime.prod.j
s:12:67538)
    at nD (C:\Users\OMEN\projects\revlo-vr\node_modules
\next\dist\compiled\next-server\app-page.runtime.prod.j
s:12:66680)
    at nN (C:\Users\OMEN\projects\revlo-vr\node_modules
\next\dist\compiled\next-server\app-page.runtime.prod.j
s:12:64853)
    at nB (C:\Users\OMEN\projects\revlo-vr\node_modules
\next\dist\compiled\next-server\app-page.runtime.prod.j
s:12:67538)
    at nD (C:\Users\OMEN\projects\revlo-vr\node_modules
\next\dist\compiled\next-server\app-page.runtime.prod.j
s:12:66680)
    at nN (C:\Users\OMEN\projects\revlo-vr\node_modules
\next\dist\compiled\next-server\app-page.runtime.prod.j
s:12:64853)

Error occurred prerendering page "/chat". Read more: 
https://nextjs.org/docs/messages/prerender-error

 Γ¿» useSearchParams() should be wrapped in a suspense 
boundary at page "/admin/companies". Read more: https:/
/nextjs.org/docs/messages/missing-suspense-with-csr-bai
lout
    at o (C:\Users\OMEN\projects\revlo-vr\.next\server\
chunks\55112.js:61:31102)
    at c (C:\Users\OMEN\projects\revlo-vr\.next\server\
chunks\55112.js:61:42099)
    at o (C:\Users\OMEN\projects\revlo-vr\.next\server\
chunks\30443.js:1:1189)
    at nj (C:\Users\OMEN\projects\revlo-vr\node_modules
\next\dist\compiled\next-server\app-page.runtime.prod.j
s:12:46251)
    at nM (C:\Users\OMEN\projects\revlo-vr\node_modules
\next\dist\compiled\next-server\app-page.runtime.prod.j
s:12:47571)
    at nM (C:\Users\OMEN\projects\revlo-vr\node_modules
\next\dist\compiled\next-server\app-page.runtime.prod.j
s:12:61546)
    at nN (C:\Users\OMEN\projects\revlo-vr\node_modules
\next\dist\compiled\next-server\app-page.runtime.prod.j
s:12:64546)
    at nB (C:\Users\OMEN\projects\revlo-vr\node_modules
\next\dist\compiled\next-server\app-page.runtime.prod.j
s:12:67538)
    at nD (C:\Users\OMEN\projects\revlo-vr\node_modules
\next\dist\compiled\next-server\app-page.runtime.prod.j
s:12:66680)
    at nN (C:\Users\OMEN\projects\revlo-vr\node_modules
\next\dist\compiled\next-server\app-page.runtime.prod.j
s:12:64853)
    at nB (C:\Users\OMEN\projects\revlo-vr\node_modules
\next\dist\compiled\next-server\app-page.runtime.prod.j
s:12:67538)
    at nD (C:\Users\OMEN\projects\revlo-vr\node_modules
\next\dist\compiled\next-server\app-page.runtime.prod.j
s:12:66680)
    at nN (C:\Users\OMEN\projects\revlo-vr\node_modules
\next\dist\compiled\next-server\app-page.runtime.prod.j
s:12:64853)
    at nB (C:\Users\OMEN\projects\revlo-vr\node_modules
\next\dist\compiled\next-server\app-page.runtime.prod.j
s:12:67538)
    at nD (C:\Users\OMEN\projects\revlo-vr\node_modules
\next\dist\compiled\next-server\app-page.runtime.prod.j
s:12:66680)
    at nN (C:\Users\OMEN\projects\revlo-vr\node_modules
\next\dist\compiled\next-server\app-page.runtime.prod.j
s:12:64853)

Error occurred prerendering page "/admin/companies". 
Read more: 
https://nextjs.org/docs/messages/prerender-error

 Γ¿» useSearchParams() should be wrapped in a suspense 
boundary at page "/admin/fix-data". Read more: https://
nextjs.org/docs/messages/missing-suspense-with-csr-bail
out
    at o (C:\Users\OMEN\projects\revlo-vr\.next\server\
chunks\55112.js:61:31102)
    at c (C:\Users\OMEN\projects\revlo-vr\.next\server\
chunks\55112.js:61:42099)
    at o (C:\Users\OMEN\projects\revlo-vr\.next\server\
chunks\30443.js:1:1189)
    at nj (C:\Users\OMEN\projects\revlo-vr\node_modules
\next\dist\compiled\next-server\app-page.runtime.prod.j
s:12:46251)
    at nM (C:\Users\OMEN\projects\revlo-vr\node_modules
\next\dist\compiled\next-server\app-page.runtime.prod.j
s:12:47571)
    at nM (C:\Users\OMEN\projects\revlo-vr\node_modules
\next\dist\compiled\next-server\app-page.runtime.prod.j
s:12:61546)
    at nN (C:\Users\OMEN\projects\revlo-vr\node_modules
\next\dist\compiled\next-server\app-page.runtime.prod.j
s:12:64546)
    at nB (C:\Users\OMEN\projects\revlo-vr\node_modules
\next\dist\compiled\next-server\app-page.runtime.prod.j
s:12:67538)
    at nD (C:\Users\OMEN\projects\revlo-vr\node_modules
\next\dist\compiled\next-server\app-page.runtime.prod.j
s:12:66680)
    at nN (C:\Users\OMEN\projects\revlo-vr\node_modules
\next\dist\compiled\next-server\app-page.runtime.prod.j
s:12:64853)
    at nB (C:\Users\OMEN\projects\revlo-vr\node_modules
\next\dist\compiled\next-server\app-page.runtime.prod.j
s:12:67538)
    at nD (C:\Users\OMEN\projects\revlo-vr\node_modules
\next\dist\compiled\next-server\app-page.runtime.prod.j
s:12:66680)
    at nN (C:\Users\OMEN\projects\revlo-vr\node_modules
\next\dist\compiled\next-server\app-page.runtime.prod.j
s:12:64853)
    at nB (C:\Users\OMEN\projects\revlo-vr\node_modules
\next\dist\compiled\next-server\app-page.runtime.prod.j
s:12:67538)
    at nD (C:\Users\OMEN\projects\revlo-vr\node_modules
\next\dist\compiled\next-server\app-page.runtime.prod.j
s:12:66680)
    at nN (C:\Users\OMEN\projects\revlo-vr\node_modules
\next\dist\compiled\next-server\app-page.runtime.prod.j
s:12:64853)

Error occurred prerendering page "/admin/fix-data". 
Read more: 
https://nextjs.org/docs/messages/prerender-error

 Γ¿» useSearchParams() should be wrapped in a suspense 
boundary at page "/admin/maintenance". Read more: https
://nextjs.org/docs/messages/missing-suspense-with-csr-b
ailout
    at o (C:\Users\OMEN\projects\revlo-vr\.next\server\
chunks\55112.js:61:31102)
    at c (C:\Users\OMEN\projects\revlo-vr\.next\server\
chunks\55112.js:61:42099)
    at o (C:\Users\OMEN\projects\revlo-vr\.next\server\
chunks\30443.js:1:1189)
    at nj (C:\Users\OMEN\projects\revlo-vr\node_modules
\next\dist\compiled\next-server\app-page.runtime.prod.j
s:12:46251)
    at nM (C:\Users\OMEN\projects\revlo-vr\node_modules
\next\dist\compiled\next-server\app-page.runtime.prod.j
s:12:47571)
    at nM (C:\Users\OMEN\projects\revlo-vr\node_modules
\next\dist\compiled\next-server\app-page.runtime.prod.j
s:12:61546)
    at nN (C:\Users\OMEN\projects\revlo-vr\node_modules
\next\dist\compiled\next-server\app-page.runtime.prod.j
s:12:64546)
    at nB (C:\Users\OMEN\projects\revlo-vr\node_modules
\next\dist\compiled\next-server\app-page.runtime.prod.j
s:12:67538)
    at nD (C:\Users\OMEN\projects\revlo-vr\node_modules
\next\dist\compiled\next-server\app-page.runtime.prod.j
s:12:66680)
    at nN (C:\Users\OMEN\projects\revlo-vr\node_modules
\next\dist\compiled\next-server\app-page.runtime.prod.j
s:12:64853)
    at nB (C:\Users\OMEN\projects\revlo-vr\node_modules
\next\dist\compiled\next-server\app-page.runtime.prod.j
s:12:67538)
    at nD (C:\Users\OMEN\projects\revlo-vr\node_modules
\next\dist\compiled\next-server\app-page.runtime.prod.j
s:12:66680)
    at nN (C:\Users\OMEN\projects\revlo-vr\node_modules
\next\dist\compiled\next-server\app-page.runtime.prod.j
s:12:64853)
    at nB (C:\Users\OMEN\projects\revlo-vr\node_modules
\next\dist\compiled\next-server\app-page.runtime.prod.j
s:12:67538)
    at nD (C:\Users\OMEN\projects\revlo-vr\node_modules
\next\dist\compiled\next-server\app-page.runtime.prod.j
s:12:66680)
    at nN (C:\Users\OMEN\projects\revlo-vr\node_modules
\next\dist\compiled\next-server\app-page.runtime.prod.j
s:12:64853)

Error occurred prerendering page "/admin/maintenance". 
Read more: 
https://nextjs.org/docs/messages/prerender-error

 Γ¿» useSearchParams() should be wrapped in a suspense 
boundary at page "/manufacturing/accounting". Read 
more: https://nextjs.org/docs/messages/missing-suspense
-with-csr-bailout
    at o (C:\Users\OMEN\projects\revlo-vr\.next\server\
chunks\55112.js:61:31102)
    at c (C:\Users\OMEN\projects\revlo-vr\.next\server\
chunks\55112.js:61:42099)
    at o (C:\Users\OMEN\projects\revlo-vr\.next\server\
chunks\30443.js:1:1189)
    at nj (C:\Users\OMEN\projects\revlo-vr\node_modules
\next\dist\compiled\next-server\app-page.runtime.prod.j
s:12:46251)
    at nM (C:\Users\OMEN\projects\revlo-vr\node_modules
\next\dist\compiled\next-server\app-page.runtime.prod.j
s:12:47571)
    at nM (C:\Users\OMEN\projects\revlo-vr\node_modules
\next\dist\compiled\next-server\app-page.runtime.prod.j
s:12:61546)
    at nN (C:\Users\OMEN\projects\revlo-vr\node_modules
\next\dist\compiled\next-server\app-page.runtime.prod.j
s:12:64546)
    at nB (C:\Users\OMEN\projects\revlo-vr\node_modules
\next\dist\compiled\next-server\app-page.runtime.prod.j
s:12:67538)
    at nD (C:\Users\OMEN\projects\revlo-vr\node_modules
\next\dist\compiled\next-server\app-page.runtime.prod.j
s:12:66680)
    at nN (C:\Users\OMEN\projects\revlo-vr\node_modules
\next\dist\compiled\next-server\app-page.runtime.prod.j
s:12:64853)

Error occurred prerendering page 
"/manufacturing/accounting". Read more: 
https://nextjs.org/docs/messages/prerender-error

   Generating static pages (158/317) 
 Γ¿» useSearchParams() should be wrapped in a suspense 
boundary at page "/admin/users". Read more: https://nex
tjs.org/docs/messages/missing-suspense-with-csr-bailout
    at o (C:\Users\OMEN\projects\revlo-vr\.next\server\
chunks\55112.js:61:31102)
    at c (C:\Users\OMEN\projects\revlo-vr\.next\server\
chunks\55112.js:61:42099)
    at o (C:\Users\OMEN\projects\revlo-vr\.next\server\
chunks\30443.js:1:1189)
    at nj (C:\Users\OMEN\projects\revlo-vr\node_modules
\next\dist\compiled\next-server\app-page.runtime.prod.j
s:12:46251)
    at nM (C:\Users\OMEN\projects\revlo-vr\node_modules
\next\dist\compiled\next-server\app-page.runtime.prod.j
s:12:47571)
    at nM (C:\Users\OMEN\projects\revlo-vr\node_modules
\next\dist\compiled\next-server\app-page.runtime.prod.j
s:12:61546)
    at nN (C:\Users\OMEN\projects\revlo-vr\node_modules
\next\dist\compiled\next-server\app-page.runtime.prod.j
s:12:64546)
    at nB (C:\Users\OMEN\projects\revlo-vr\node_modules
\next\dist\compiled\next-server\app-page.runtime.prod.j
s:12:67538)
    at nD (C:\Users\OMEN\projects\revlo-vr\node_modules
\next\dist\compiled\next-server\app-page.runtime.prod.j
s:12:66680)
    at nN (C:\Users\OMEN\projects\revlo-vr\node_modules
\next\dist\compiled\next-server\app-page.runtime.prod.j
s:12:64853)
    at nB (C:\Users\OMEN\projects\revlo-vr\node_modules
\next\dist\compiled\next-server\app-page.runtime.prod.j
s:12:67538)
    at nD (C:\Users\OMEN\projects\revlo-vr\node_modules
\next\dist\compiled\next-server\app-page.runtime.prod.j
s:12:66680)
    at nN (C:\Users\OMEN\projects\revlo-vr\node_modules
\next\dist\compiled\next-server\app-page.runtime.prod.j
s:12:64853)
    at nB (C:\Users\OMEN\projects\revlo-vr\node_modules
\next\dist\compiled\next-server\app-page.runtime.prod.j
s:12:67538)
    at nD (C:\Users\OMEN\projects\revlo-vr\node_modules
\next\dist\compiled\next-server\app-page.runtime.prod.j
s:12:66680)
    at nN (C:\Users\OMEN\projects\revlo-vr\node_modules
\next\dist\compiled\next-server\app-page.runtime.prod.j
s:12:64853)

Error occurred prerendering page "/admin/users". Read 
more: https://nextjs.org/docs/messages/prerender-error

 Γ¿» useSearchParams() should be wrapped in a suspense 
boundary at page "/login". Read more: https://nextjs.or
g/docs/messages/missing-suspense-with-csr-bailout
    at o (C:\Users\OMEN\projects\revlo-vr\.next\server\
chunks\55112.js:61:31102)
    at c (C:\Users\OMEN\projects\revlo-vr\.next\server\
chunks\55112.js:61:42099)
    at o (C:\Users\OMEN\projects\revlo-vr\.next\server\
chunks\30443.js:1:1189)
    at nj (C:\Users\OMEN\projects\revlo-vr\node_modules
\next\dist\compiled\next-server\app-page.runtime.prod.j
s:12:46251)
    at nM (C:\Users\OMEN\projects\revlo-vr\node_modules
\next\dist\compiled\next-server\app-page.runtime.prod.j
s:12:47571)
    at nM (C:\Users\OMEN\projects\revlo-vr\node_modules
\next\dist\compiled\next-server\app-page.runtime.prod.j
s:12:61546)
    at nN (C:\Users\OMEN\projects\revlo-vr\node_modules
\next\dist\compiled\next-server\app-page.runtime.prod.j
s:12:64546)
    at nB (C:\Users\OMEN\projects\revlo-vr\node_modules
\next\dist\compiled\next-server\app-page.runtime.prod.j
s:12:67538)
    at nD (C:\Users\OMEN\projects\revlo-vr\node_modules
\next\dist\compiled\next-server\app-page.runtime.prod.j
s:12:66680)
    at nN (C:\Users\OMEN\projects\revlo-vr\node_modules
\next\dist\compiled\next-server\app-page.runtime.prod.j
s:12:64853)

Error occurred prerendering page "/login". Read more: 
https://nextjs.org/docs/messages/prerender-error

 Γ¿» useSearchParams() should be wrapped in a suspense 
boundary at page "/manufacturing/customers/add". Read 
more: https://nextjs.org/docs/messages/missing-suspense
-with-csr-bailout
    at o (C:\Users\OMEN\projects\revlo-vr\.next\server\
chunks\55112.js:61:31102)
    at c (C:\Users\OMEN\projects\revlo-vr\.next\server\
chunks\55112.js:61:42099)
    at o (C:\Users\OMEN\projects\revlo-vr\.next\server\
chunks\30443.js:1:1189)
    at nj (C:\Users\OMEN\projects\revlo-vr\node_modules
\next\dist\compiled\next-server\app-page.runtime.prod.j
s:12:46251)
    at nM (C:\Users\OMEN\projects\revlo-vr\node_modules
\next\dist\compiled\next-server\app-page.runtime.prod.j
s:12:47571)
    at nM (C:\Users\OMEN\projects\revlo-vr\node_modules
\next\dist\compiled\next-server\app-page.runtime.prod.j
s:12:61546)
    at nN (C:\Users\OMEN\projects\revlo-vr\node_modules
\next\dist\compiled\next-server\app-page.runtime.prod.j
s:12:64546)
    at nB (C:\Users\OMEN\projects\revlo-vr\node_modules
\next\dist\compiled\next-server\app-page.runtime.prod.j
s:12:67538)
    at nD (C:\Users\OMEN\projects\revlo-vr\node_modules
\next\dist\compiled\next-server\app-page.runtime.prod.j
s:12:66680)
    at nN (C:\Users\OMEN\projects\revlo-vr\node_modules
\next\dist\compiled\next-server\app-page.runtime.prod.j
s:12:64853)

Error occurred prerendering page 
"/manufacturing/customers/add". Read more: 
https://nextjs.org/docs/messages/prerender-error

 Γ¿» useSearchParams() should be wrapped in a suspense 
boundary at page "/manufacturing/customers". Read 
more: https://nextjs.org/docs/messages/missing-suspense
-with-csr-bailout
    at o (C:\Users\OMEN\projects\revlo-vr\.next\server\
chunks\55112.js:61:31102)
    at c (C:\Users\OMEN\projects\revlo-vr\.next\server\
chunks\55112.js:61:42099)
    at o (C:\Users\OMEN\projects\revlo-vr\.next\server\
chunks\30443.js:1:1189)
    at nj (C:\Users\OMEN\projects\revlo-vr\node_modules
\next\dist\compiled\next-server\app-page.runtime.prod.j
s:12:46251)
    at nM (C:\Users\OMEN\projects\revlo-vr\node_modules
\next\dist\compiled\next-server\app-page.runtime.prod.j
s:12:47571)
    at nM (C:\Users\OMEN\projects\revlo-vr\node_modules
\next\dist\compiled\next-server\app-page.runtime.prod.j
s:12:61546)
    at nN (C:\Users\OMEN\projects\revlo-vr\node_modules
\next\dist\compiled\next-server\app-page.runtime.prod.j
s:12:64546)
    at nB (C:\Users\OMEN\projects\revlo-vr\node_modules
\next\dist\compiled\next-server\app-page.runtime.prod.j
s:12:67538)
    at nD (C:\Users\OMEN\projects\revlo-vr\node_modules
\next\dist\compiled\next-server\app-page.runtime.prod.j
s:12:66680)
    at nN (C:\Users\OMEN\projects\revlo-vr\node_modules
\next\dist\compiled\next-server\app-page.runtime.prod.j
s:12:64853)

Error occurred prerendering page 
"/manufacturing/customers". Read more: 
https://nextjs.org/docs/messages/prerender-error

 Γ¿» useSearchParams() should be wrapped in a suspense 
boundary at page "/manufacturing/bom". Read more: https
://nextjs.org/docs/messages/missing-suspense-with-csr-b
ailout
    at o (C:\Users\OMEN\projects\revlo-vr\.next\server\
chunks\55112.js:61:31102)
    at c (C:\Users\OMEN\projects\revlo-vr\.next\server\
chunks\55112.js:61:42099)
    at o (C:\Users\OMEN\projects\revlo-vr\.next\server\
chunks\30443.js:1:1189)
    at nj (C:\Users\OMEN\projects\revlo-vr\node_modules
\next\dist\compiled\next-server\app-page.runtime.prod.j
s:12:46251)
    at nM (C:\Users\OMEN\projects\revlo-vr\node_modules
\next\dist\compiled\next-server\app-page.runtime.prod.j
s:12:47571)
    at nM (C:\Users\OMEN\projects\revlo-vr\node_modules
\next\dist\compiled\next-server\app-page.runtime.prod.j
s:12:61546)
    at nN (C:\Users\OMEN\projects\revlo-vr\node_modules
\next\dist\compiled\next-server\app-page.runtime.prod.j
s:12:64546)
    at nB (C:\Users\OMEN\projects\revlo-vr\node_modules
\next\dist\compiled\next-server\app-page.runtime.prod.j
s:12:67538)
    at nD (C:\Users\OMEN\projects\revlo-vr\node_modules
\next\dist\compiled\next-server\app-page.runtime.prod.j
s:12:66680)
    at nN (C:\Users\OMEN\projects\revlo-vr\node_modules
\next\dist\compiled\next-server\app-page.runtime.prod.j
s:12:64853)

Error occurred prerendering page "/manufacturing/bom". 
Read more: 
https://nextjs.org/docs/messages/prerender-error

 Γ¿» useSearchParams() should be wrapped in a suspense 
boundary at page "/accounting". Read more: https://next
js.org/docs/messages/missing-suspense-with-csr-bailout
    at o (C:\Users\OMEN\projects\revlo-vr\.next\server\
chunks\55112.js:61:31102)
    at c (C:\Users\OMEN\projects\revlo-vr\.next\server\
chunks\55112.js:61:42099)
    at o (C:\Users\OMEN\projects\revlo-vr\.next\server\
chunks\30443.js:1:1189)
    at nj (C:\Users\OMEN\projects\revlo-vr\node_modules
\next\dist\compiled\next-server\app-page.runtime.prod.j
s:12:46251)
    at nM (C:\Users\OMEN\projects\revlo-vr\node_modules
\next\dist\compiled\next-server\app-page.runtime.prod.j
s:12:47571)
    at nM (C:\Users\OMEN\projects\revlo-vr\node_modules
\next\dist\compiled\next-server\app-page.runtime.prod.j
s:12:61546)
    at nN (C:\Users\OMEN\projects\revlo-vr\node_modules
\next\dist\compiled\next-server\app-page.runtime.prod.j
s:12:64546)
    at nB (C:\Users\OMEN\projects\revlo-vr\node_modules
\next\dist\compiled\next-server\app-page.runtime.prod.j
s:12:67538)
    at nD (C:\Users\OMEN\projects\revlo-vr\node_modules
\next\dist\compiled\next-server\app-page.runtime.prod.j
s:12:66680)
    at nN (C:\Users\OMEN\projects\revlo-vr\node_modules
\next\dist\compiled\next-server\app-page.runtime.prod.j
s:12:64853)
    at nB (C:\Users\OMEN\projects\revlo-vr\node_modules
\next\dist\compiled\next-server\app-page.runtime.prod.j
s:12:67538)
    at nD (C:\Users\OMEN\projects\revlo-vr\node_modules
\next\dist\compiled\next-server\app-page.runtime.prod.j
s:12:66680)
    at nN (C:\Users\OMEN\projects\revlo-vr\node_modules
\next\dist\compiled\next-server\app-page.runtime.prod.j
s:12:64853)
    at nB (C:\Users\OMEN\projects\revlo-vr\node_modules
\next\dist\compiled\next-server\app-page.runtime.prod.j
s:12:67538)
    at nD (C:\Users\OMEN\projects\revlo-vr\node_modules
\next\dist\compiled\next-server\app-page.runtime.prod.j
s:12:66680)
    at nN (C:\Users\OMEN\projects\revlo-vr\node_modules
\next\dist\compiled\next-server\app-page.runtime.prod.j
s:12:64853)

Error occurred prerendering page "/accounting". Read 
more: https://nextjs.org/docs/messages/prerender-error

 Γ¿» useSearchParams() should be wrapped in a suspense 
boundary at page "/manufacturing/employees/add". Read 
more: https://nextjs.org/docs/messages/missing-suspense
-with-csr-bailout
    at o (C:\Users\OMEN\projects\revlo-vr\.next\server\
chunks\55112.js:61:31102)
    at c (C:\Users\OMEN\projects\revlo-vr\.next\server\
chunks\55112.js:61:42099)
    at o (C:\Users\OMEN\projects\revlo-vr\.next\server\
chunks\30443.js:1:1189)
    at nj (C:\Users\OMEN\projects\revlo-vr\node_modules
\next\dist\compiled\next-server\app-page.runtime.prod.j
s:12:46251)
    at nM (C:\Users\OMEN\projects\revlo-vr\node_modules
\next\dist\compiled\next-server\app-page.runtime.prod.j
s:12:47571)
    at nM (C:\Users\OMEN\projects\revlo-vr\node_modules
\next\dist\compiled\next-server\app-page.runtime.prod.j
s:12:61546)
    at nN (C:\Users\OMEN\projects\revlo-vr\node_modules
\next\dist\compiled\next-server\app-page.runtime.prod.j
s:12:64546)
    at nB (C:\Users\OMEN\projects\revlo-vr\node_modules
\next\dist\compiled\next-server\app-page.runtime.prod.j
s:12:67538)
    at nD (C:\Users\OMEN\projects\revlo-vr\node_modules
\next\dist\compiled\next-server\app-page.runtime.prod.j
s:12:66680)
    at nN (C:\Users\OMEN\projects\revlo-vr\node_modules
\next\dist\compiled\next-server\app-page.runtime.prod.j
s:12:64853)
    at nB (C:\Users\OMEN\projects\revlo-vr\node_modules
\next\dist\compiled\next-server\app-page.runtime.prod.j
s:12:67538)
    at nD (C:\Users\OMEN\projects\revlo-vr\node_modules
\next\dist\compiled\next-server\app-page.runtime.prod.j
s:12:66680)
    at nN (C:\Users\OMEN\projects\revlo-vr\node_modules
\next\dist\compiled\next-server\app-page.runtime.prod.j
s:12:64853)
    at nB (C:\Users\OMEN\projects\revlo-vr\node_modules
\next\dist\compiled\next-server\app-page.runtime.prod.j
s:12:67538)
    at nD (C:\Users\OMEN\projects\revlo-vr\node_modules
\next\dist\compiled\next-server\app-page.runtime.prod.j
s:12:66680)
    at nN (C:\Users\OMEN\projects\revlo-vr\node_modules
\next\dist\compiled\next-server\app-page.runtime.prod.j
s:12:64853)

Error occurred prerendering page 
"/manufacturing/employees/add". Read more: 
https://nextjs.org/docs/messages/prerender-error

 Γ¿» useSearchParams() should be wrapped in a suspense 
boundary at page 
"/manufacturing/material-purchases/add". Read more: htt
ps://nextjs.org/docs/messages/missing-suspense-with-csr
-bailout
    at o (C:\Users\OMEN\projects\revlo-vr\.next\server\
chunks\55112.js:61:31102)
    at c (C:\Users\OMEN\projects\revlo-vr\.next\server\
chunks\55112.js:61:42099)
    at o (C:\Users\OMEN\projects\revlo-vr\.next\server\
chunks\30443.js:1:1189)
    at nj (C:\Users\OMEN\projects\revlo-vr\node_modules
\next\dist\compiled\next-server\app-page.runtime.prod.j
s:12:46251)
    at nM (C:\Users\OMEN\projects\revlo-vr\node_modules
\next\dist\compiled\next-server\app-page.runtime.prod.j
s:12:47571)
    at nM (C:\Users\OMEN\projects\revlo-vr\node_modules
\next\dist\compiled\next-server\app-page.runtime.prod.j
s:12:61546)
    at nN (C:\Users\OMEN\projects\revlo-vr\node_modules
\next\dist\compiled\next-server\app-page.runtime.prod.j
s:12:64546)
    at nB (C:\Users\OMEN\projects\revlo-vr\node_modules
\next\dist\compiled\next-server\app-page.runtime.prod.j
s:12:67538)
    at nD (C:\Users\OMEN\projects\revlo-vr\node_modules
\next\dist\compiled\next-server\app-page.runtime.prod.j
s:12:66680)
    at nN (C:\Users\OMEN\projects\revlo-vr\node_modules
\next\dist\compiled\next-server\app-page.runtime.prod.j
s:12:64853)

Error occurred prerendering page 
"/manufacturing/material-purchases/add". Read more: 
https://nextjs.org/docs/messages/prerender-error

 Γ¿» useSearchParams() should be wrapped in a suspense 
boundary at page "/manufacturing/expenses/add". Read 
more: https://nextjs.org/docs/messages/missing-suspense
-with-csr-bailout
    at o (C:\Users\OMEN\projects\revlo-vr\.next\server\
chunks\55112.js:61:31102)
    at c (C:\Users\OMEN\projects\revlo-vr\.next\server\
chunks\55112.js:61:42099)
    at o (C:\Users\OMEN\projects\revlo-vr\.next\server\
chunks\30443.js:1:1189)
    at nj (C:\Users\OMEN\projects\revlo-vr\node_modules
\next\dist\compiled\next-server\app-page.runtime.prod.j
s:12:46251)
    at nM (C:\Users\OMEN\projects\revlo-vr\node_modules
\next\dist\compiled\next-server\app-page.runtime.prod.j
s:12:47571)
    at nM (C:\Users\OMEN\projects\revlo-vr\node_modules
\next\dist\compiled\next-server\app-page.runtime.prod.j
s:12:61546)
    at nN (C:\Users\OMEN\projects\revlo-vr\node_modules
\next\dist\compiled\next-server\app-page.runtime.prod.j
s:12:64546)
    at nB (C:\Users\OMEN\projects\revlo-vr\node_modules
\next\dist\compiled\next-server\app-page.runtime.prod.j
s:12:67538)
    at nD (C:\Users\OMEN\projects\revlo-vr\node_modules
\next\dist\compiled\next-server\app-page.runtime.prod.j
s:12:66680)
    at nN (C:\Users\OMEN\projects\revlo-vr\node_modules
\next\dist\compiled\next-server\app-page.runtime.prod.j
s:12:64853)
    at nB (C:\Users\OMEN\projects\revlo-vr\node_modules
\next\dist\compiled\next-server\app-page.runtime.prod.j
s:12:67538)
    at nD (C:\Users\OMEN\projects\revlo-vr\node_modules
\next\dist\compiled\next-server\app-page.runtime.prod.j
s:12:66680)
    at nN (C:\Users\OMEN\projects\revlo-vr\node_modules
\next\dist\compiled\next-server\app-page.runtime.prod.j
s:12:64853)
    at nB (C:\Users\OMEN\projects\revlo-vr\node_modules
\next\dist\compiled\next-server\app-page.runtime.prod.j
s:12:67538)
    at nD (C:\Users\OMEN\projects\revlo-vr\node_modules
\next\dist\compiled\next-server\app-page.runtime.prod.j
s:12:66680)
    at nN (C:\Users\OMEN\projects\revlo-vr\node_modules
\next\dist\compiled\next-server\app-page.runtime.prod.j
s:12:64853)

Error occurred prerendering page 
"/manufacturing/expenses/add". Read more: 
https://nextjs.org/docs/messages/prerender-error

 Γ¿» useSearchParams() should be wrapped in a suspense 
boundary at page "/manufacturing/inventory/add". Read 
more: https://nextjs.org/docs/messages/missing-suspense
-with-csr-bailout
    at o (C:\Users\OMEN\projects\revlo-vr\.next\server\
chunks\55112.js:61:31102)
    at c (C:\Users\OMEN\projects\revlo-vr\.next\server\
chunks\55112.js:61:42099)
    at o (C:\Users\OMEN\projects\revlo-vr\.next\server\
chunks\30443.js:1:1189)
    at nj (C:\Users\OMEN\projects\revlo-vr\node_modules
\next\dist\compiled\next-server\app-page.runtime.prod.j
s:12:46251)
    at nM (C:\Users\OMEN\projects\revlo-vr\node_modules
\next\dist\compiled\next-server\app-page.runtime.prod.j
s:12:47571)
    at nM (C:\Users\OMEN\projects\revlo-vr\node_modules
\next\dist\compiled\next-server\app-page.runtime.prod.j
s:12:61546)
    at nN (C:\Users\OMEN\projects\revlo-vr\node_modules
\next\dist\compiled\next-server\app-page.runtime.prod.j
s:12:64546)
    at nB (C:\Users\OMEN\projects\revlo-vr\node_modules
\next\dist\compiled\next-server\app-page.runtime.prod.j
s:12:67538)
    at nD (C:\Users\OMEN\projects\revlo-vr\node_modules
\next\dist\compiled\next-server\app-page.runtime.prod.j
s:12:66680)
    at nN (C:\Users\OMEN\projects\revlo-vr\node_modules
\next\dist\compiled\next-server\app-page.runtime.prod.j
s:12:64853)

Error occurred prerendering page 
"/manufacturing/inventory/add". Read more: 
https://nextjs.org/docs/messages/prerender-error

 Γ¿» useSearchParams() should be wrapped in a suspense 
boundary at page "/manufacturing/employees". Read 
more: https://nextjs.org/docs/messages/missing-suspense
-with-csr-bailout
    at o (C:\Users\OMEN\projects\revlo-vr\.next\server\
chunks\55112.js:61:31102)
    at c (C:\Users\OMEN\projects\revlo-vr\.next\server\
chunks\55112.js:61:42099)
    at o (C:\Users\OMEN\projects\revlo-vr\.next\server\
chunks\30443.js:1:1189)
    at nj (C:\Users\OMEN\projects\revlo-vr\node_modules
\next\dist\compiled\next-server\app-page.runtime.prod.j
s:12:46251)
    at nM (C:\Users\OMEN\projects\revlo-vr\node_modules
\next\dist\compiled\next-server\app-page.runtime.prod.j
s:12:47571)
    at nM (C:\Users\OMEN\projects\revlo-vr\node_modules
\next\dist\compiled\next-server\app-page.runtime.prod.j
s:12:61546)
    at nN (C:\Users\OMEN\projects\revlo-vr\node_modules
\next\dist\compiled\next-server\app-page.runtime.prod.j
s:12:64546)
    at nB (C:\Users\OMEN\projects\revlo-vr\node_modules
\next\dist\compiled\next-server\app-page.runtime.prod.j
s:12:67538)
    at nD (C:\Users\OMEN\projects\revlo-vr\node_modules
\next\dist\compiled\next-server\app-page.runtime.prod.j
s:12:66680)
    at nN (C:\Users\OMEN\projects\revlo-vr\node_modules
\next\dist\compiled\next-server\app-page.runtime.prod.j
s:12:64853)

Error occurred prerendering page 
"/manufacturing/employees". Read more: 
https://nextjs.org/docs/messages/prerender-error

 Γ¿» useSearchParams() should be wrapped in a suspense 
boundary at page "/manufacturing/inventory". Read 
more: https://nextjs.org/docs/messages/missing-suspense
-with-csr-bailout
    at o (C:\Users\OMEN\projects\revlo-vr\.next\server\
chunks\55112.js:61:31102)
    at c (C:\Users\OMEN\projects\revlo-vr\.next\server\
chunks\55112.js:61:42099)
    at o (C:\Users\OMEN\projects\revlo-vr\.next\server\
chunks\30443.js:1:1189)
    at nj (C:\Users\OMEN\projects\revlo-vr\node_modules
\next\dist\compiled\next-server\app-page.runtime.prod.j
s:12:46251)
    at nM (C:\Users\OMEN\projects\revlo-vr\node_modules
\next\dist\compiled\next-server\app-page.runtime.prod.j
s:12:47571)
    at nM (C:\Users\OMEN\projects\revlo-vr\node_modules
\next\dist\compiled\next-server\app-page.runtime.prod.j
s:12:61546)
    at nN (C:\Users\OMEN\projects\revlo-vr\node_modules
\next\dist\compiled\next-server\app-page.runtime.prod.j
s:12:64546)
    at nB (C:\Users\OMEN\projects\revlo-vr\node_modules
\next\dist\compiled\next-server\app-page.runtime.prod.j
s:12:67538)
    at nD (C:\Users\OMEN\projects\revlo-vr\node_modules
\next\dist\compiled\next-server\app-page.runtime.prod.j
s:12:66680)
    at nN (C:\Users\OMEN\projects\revlo-vr\node_modules
\next\dist\compiled\next-server\app-page.runtime.prod.j
s:12:64853)

Error occurred prerendering page 
"/manufacturing/inventory". Read more: 
https://nextjs.org/docs/messages/prerender-error

 Γ¿» useSearchParams() should be wrapped in a suspense 
boundary at page "/manufacturing". Read more: https://n
extjs.org/docs/messages/missing-suspense-with-csr-bailo
ut
    at o (C:\Users\OMEN\projects\revlo-vr\.next\server\
chunks\55112.js:61:31102)
    at c (C:\Users\OMEN\projects\revlo-vr\.next\server\
chunks\55112.js:61:42099)
    at o (C:\Users\OMEN\projects\revlo-vr\.next\server\
chunks\30443.js:1:1189)
    at nj (C:\Users\OMEN\projects\revlo-vr\node_modules
\next\dist\compiled\next-server\app-page.runtime.prod.j
s:12:46251)
    at nM (C:\Users\OMEN\projects\revlo-vr\node_modules
\next\dist\compiled\next-server\app-page.runtime.prod.j
s:12:47571)
    at nM (C:\Users\OMEN\projects\revlo-vr\node_modules
\next\dist\compiled\next-server\app-page.runtime.prod.j
s:12:61546)
    at nN (C:\Users\OMEN\projects\revlo-vr\node_modules
\next\dist\compiled\next-server\app-page.runtime.prod.j
s:12:64546)
    at nB (C:\Users\OMEN\projects\revlo-vr\node_modules
\next\dist\compiled\next-server\app-page.runtime.prod.j
s:12:67538)
    at nD (C:\Users\OMEN\projects\revlo-vr\node_modules
\next\dist\compiled\next-server\app-page.runtime.prod.j
s:12:66680)
    at nN (C:\Users\OMEN\projects\revlo-vr\node_modules
\next\dist\compiled\next-server\app-page.runtime.prod.j
s:12:64853)
    at nB (C:\Users\OMEN\projects\revlo-vr\node_modules
\next\dist\compiled\next-server\app-page.runtime.prod.j
s:12:67538)
    at nD (C:\Users\OMEN\projects\revlo-vr\node_modules
\next\dist\compiled\next-server\app-page.runtime.prod.j
s:12:66680)
    at nN (C:\Users\OMEN\projects\revlo-vr\node_modules
\next\dist\compiled\next-server\app-page.runtime.prod.j
s:12:64853)
    at nB (C:\Users\OMEN\projects\revlo-vr\node_modules
\next\dist\compiled\next-server\app-page.runtime.prod.j
s:12:67538)
    at nD (C:\Users\OMEN\projects\revlo-vr\node_modules
\next\dist\compiled\next-server\app-page.runtime.prod.j
s:12:66680)
    at nN (C:\Users\OMEN\projects\revlo-vr\node_modules
\next\dist\compiled\next-server\app-page.runtime.prod.j
s:12:64853)

Error occurred prerendering page "/manufacturing". 
Read more: 
https://nextjs.org/docs/messages/prerender-error

 Γ¿» useSearchParams() should be wrapped in a suspense 
boundary at page "/manufacturing/expenses". Read more: 
https://nextjs.org/docs/messages/missing-suspense-with-
csr-bailout
    at o (C:\Users\OMEN\projects\revlo-vr\.next\server\
chunks\55112.js:61:31102)
    at c (C:\Users\OMEN\projects\revlo-vr\.next\server\
chunks\55112.js:61:42099)
    at o (C:\Users\OMEN\projects\revlo-vr\.next\server\
chunks\30443.js:1:1189)
    at nj (C:\Users\OMEN\projects\revlo-vr\node_modules
\next\dist\compiled\next-server\app-page.runtime.prod.j
s:12:46251)
    at nM (C:\Users\OMEN\projects\revlo-vr\node_modules
\next\dist\compiled\next-server\app-page.runtime.prod.j
s:12:47571)
    at nM (C:\Users\OMEN\projects\revlo-vr\node_modules
\next\dist\compiled\next-server\app-page.runtime.prod.j
s:12:61546)
    at nN (C:\Users\OMEN\projects\revlo-vr\node_modules
\next\dist\compiled\next-server\app-page.runtime.prod.j
s:12:64546)
    at nB (C:\Users\OMEN\projects\revlo-vr\node_modules
\next\dist\compiled\next-server\app-page.runtime.prod.j
s:12:67538)
    at nD (C:\Users\OMEN\projects\revlo-vr\node_modules
\next\dist\compiled\next-server\app-page.runtime.prod.j
s:12:66680)
    at nN (C:\Users\OMEN\projects\revlo-vr\node_modules
\next\dist\compiled\next-server\app-page.runtime.prod.j
s:12:64853)
    at nB (C:\Users\OMEN\projects\revlo-vr\node_modules
\next\dist\compiled\next-server\app-page.runtime.prod.j
s:12:67538)
    at nD (C:\Users\OMEN\projects\revlo-vr\node_modules
\next\dist\compiled\next-server\app-page.runtime.prod.j
s:12:66680)
    at nN (C:\Users\OMEN\projects\revlo-vr\node_modules
\next\dist\compiled\next-server\app-page.runtime.prod.j
s:12:64853)
    at nB (C:\Users\OMEN\projects\revlo-vr\node_modules
\next\dist\compiled\next-server\app-page.runtime.prod.j
s:12:67538)
    at nD (C:\Users\OMEN\projects\revlo-vr\node_modules
\next\dist\compiled\next-server\app-page.runtime.prod.j
s:12:66680)
    at nN (C:\Users\OMEN\projects\revlo-vr\node_modules
\next\dist\compiled\next-server\app-page.runtime.prod.j
s:12:64853)

Error occurred prerendering page 
"/manufacturing/expenses". Read more: 
https://nextjs.org/docs/messages/prerender-error

 Γ¿» useSearchParams() should be wrapped in a suspense 
boundary at page "/manufacturing/factories". Read 
more: https://nextjs.org/docs/messages/missing-suspense
-with-csr-bailout
    at o (C:\Users\OMEN\projects\revlo-vr\.next\server\
chunks\55112.js:61:31102)
    at c (C:\Users\OMEN\projects\revlo-vr\.next\server\
chunks\55112.js:61:42099)
    at o (C:\Users\OMEN\projects\revlo-vr\.next\server\
chunks\30443.js:1:1189)
    at nj (C:\Users\OMEN\projects\revlo-vr\node_modules
\next\dist\compiled\next-server\app-page.runtime.prod.j
s:12:46251)
    at nM (C:\Users\OMEN\projects\revlo-vr\node_modules
\next\dist\compiled\next-server\app-page.runtime.prod.j
s:12:47571)
    at nM (C:\Users\OMEN\projects\revlo-vr\node_modules
\next\dist\compiled\next-server\app-page.runtime.prod.j
s:12:61546)
    at nN (C:\Users\OMEN\projects\revlo-vr\node_modules
\next\dist\compiled\next-server\app-page.runtime.prod.j
s:12:64546)
    at nB (C:\Users\OMEN\projects\revlo-vr\node_modules
\next\dist\compiled\next-server\app-page.runtime.prod.j
s:12:67538)
    at nD (C:\Users\OMEN\projects\revlo-vr\node_modules
\next\dist\compiled\next-server\app-page.runtime.prod.j
s:12:66680)
    at nN (C:\Users\OMEN\projects\revlo-vr\node_modules
\next\dist\compiled\next-server\app-page.runtime.prod.j
s:12:64853)

Error occurred prerendering page 
"/manufacturing/factories". Read more: 
https://nextjs.org/docs/messages/prerender-error

 Γ¿» useSearchParams() should be wrapped in a suspense 
boundary at page "/manufacturing/factories/add". Read 
more: https://nextjs.org/docs/messages/missing-suspense
-with-csr-bailout
    at o (C:\Users\OMEN\projects\revlo-vr\.next\server\
chunks\55112.js:61:31102)
    at c (C:\Users\OMEN\projects\revlo-vr\.next\server\
chunks\55112.js:61:42099)
    at o (C:\Users\OMEN\projects\revlo-vr\.next\server\
chunks\30443.js:1:1189)
    at nj (C:\Users\OMEN\projects\revlo-vr\node_modules
\next\dist\compiled\next-server\app-page.runtime.prod.j
s:12:46251)
    at nM (C:\Users\OMEN\projects\revlo-vr\node_modules
\next\dist\compiled\next-server\app-page.runtime.prod.j
s:12:47571)
    at nM (C:\Users\OMEN\projects\revlo-vr\node_modules
\next\dist\compiled\next-server\app-page.runtime.prod.j
s:12:61546)
    at nN (C:\Users\OMEN\projects\revlo-vr\node_modules
\next\dist\compiled\next-server\app-page.runtime.prod.j
s:12:64546)
    at nB (C:\Users\OMEN\projects\revlo-vr\node_modules
\next\dist\compiled\next-server\app-page.runtime.prod.j
s:12:67538)
    at nD (C:\Users\OMEN\projects\revlo-vr\node_modules
\next\dist\compiled\next-server\app-page.runtime.prod.j
s:12:66680)
    at nN (C:\Users\OMEN\projects\revlo-vr\node_modules
\next\dist\compiled\next-server\app-page.runtime.prod.j
s:12:64853)
    at nB (C:\Users\OMEN\projects\revlo-vr\node_modules
\next\dist\compiled\next-server\app-page.runtime.prod.j
s:12:67538)
    at nD (C:\Users\OMEN\projects\revlo-vr\node_modules
\next\dist\compiled\next-server\app-page.runtime.prod.j
s:12:66680)
    at nN (C:\Users\OMEN\projects\revlo-vr\node_modules
\next\dist\compiled\next-server\app-page.runtime.prod.j
s:12:64853)
    at nB (C:\Users\OMEN\projects\revlo-vr\node_modules
\next\dist\compiled\next-server\app-page.runtime.prod.j
s:12:67538)
    at nD (C:\Users\OMEN\projects\revlo-vr\node_modules
\next\dist\compiled\next-server\app-page.runtime.prod.j
s:12:66680)
    at nN (C:\Users\OMEN\projects\revlo-vr\node_modules
\next\dist\compiled\next-server\app-page.runtime.prod.j
s:12:64853)

Error occurred prerendering page 
"/manufacturing/factories/add". Read more: 
https://nextjs.org/docs/messages/prerender-error

 Γ¿» useSearchParams() should be wrapped in a suspense 
boundary at page "/admin/analytics". Read more: https:/
/nextjs.org/docs/messages/missing-suspense-with-csr-bai
lout
    at o (C:\Users\OMEN\projects\revlo-vr\.next\server\
chunks\55112.js:61:31102)
    at c (C:\Users\OMEN\projects\revlo-vr\.next\server\
chunks\55112.js:61:42099)
    at o (C:\Users\OMEN\projects\revlo-vr\.next\server\
chunks\30443.js:1:1189)
    at nj (C:\Users\OMEN\projects\revlo-vr\node_modules
\next\dist\compiled\next-server\app-page.runtime.prod.j
s:12:46251)
    at nM (C:\Users\OMEN\projects\revlo-vr\node_modules
\next\dist\compiled\next-server\app-page.runtime.prod.j
s:12:47571)
    at nM (C:\Users\OMEN\projects\revlo-vr\node_modules
\next\dist\compiled\next-server\app-page.runtime.prod.j
s:12:61546)
    at nN (C:\Users\OMEN\projects\revlo-vr\node_modules
\next\dist\compiled\next-server\app-page.runtime.prod.j
s:12:64546)
    at nB (C:\Users\OMEN\projects\revlo-vr\node_modules
\next\dist\compiled\next-server\app-page.runtime.prod.j
s:12:67538)
    at nD (C:\Users\OMEN\projects\revlo-vr\node_modules
\next\dist\compiled\next-server\app-page.runtime.prod.j
s:12:66680)
    at nN (C:\Users\OMEN\projects\revlo-vr\node_modules
\next\dist\compiled\next-server\app-page.runtime.prod.j
s:12:64853)

Error occurred prerendering page "/admin/analytics". 
Read more: 
https://nextjs.org/docs/messages/prerender-error

 Γ¿» useSearchParams() should be wrapped in a suspense 
boundary at page 
"/manufacturing/production-orders/add". Read more: http
s://nextjs.org/docs/messages/missing-suspense-with-csr-
bailout
    at o (C:\Users\OMEN\projects\revlo-vr\.next\server\
chunks\55112.js:61:31102)
    at c (C:\Users\OMEN\projects\revlo-vr\.next\server\
chunks\55112.js:61:42099)
    at o (C:\Users\OMEN\projects\revlo-vr\.next\server\
chunks\30443.js:1:1189)
    at nj (C:\Users\OMEN\projects\revlo-vr\node_modules
\next\dist\compiled\next-server\app-page.runtime.prod.j
s:12:46251)
    at nM (C:\Users\OMEN\projects\revlo-vr\node_modules
\next\dist\compiled\next-server\app-page.runtime.prod.j
s:12:47571)
    at nM (C:\Users\OMEN\projects\revlo-vr\node_modules
\next\dist\compiled\next-server\app-page.runtime.prod.j
s:12:61546)
    at nN (C:\Users\OMEN\projects\revlo-vr\node_modules
\next\dist\compiled\next-server\app-page.runtime.prod.j
s:12:64546)
    at nB (C:\Users\OMEN\projects\revlo-vr\node_modules
\next\dist\compiled\next-server\app-page.runtime.prod.j
s:12:67538)
    at nD (C:\Users\OMEN\projects\revlo-vr\node_modules
\next\dist\compiled\next-server\app-page.runtime.prod.j
s:12:66680)
    at nN (C:\Users\OMEN\projects\revlo-vr\node_modules
\next\dist\compiled\next-server\app-page.runtime.prod.j
s:12:64853)
    at nB (C:\Users\OMEN\projects\revlo-vr\node_modules
\next\dist\compiled\next-server\app-page.runtime.prod.j
s:12:67538)
    at nD (C:\Users\OMEN\projects\revlo-vr\node_modules
\next\dist\compiled\next-server\app-page.runtime.prod.j
s:12:66680)
    at nN (C:\Users\OMEN\projects\revlo-vr\node_modules
\next\dist\compiled\next-server\app-page.runtime.prod.j
s:12:64853)
    at nB (C:\Users\OMEN\projects\revlo-vr\node_modules
\next\dist\compiled\next-server\app-page.runtime.prod.j
s:12:67538)
    at nD (C:\Users\OMEN\projects\revlo-vr\node_modules
\next\dist\compiled\next-server\app-page.runtime.prod.j
s:12:66680)
    at nN (C:\Users\OMEN\projects\revlo-vr\node_modules
\next\dist\compiled\next-server\app-page.runtime.prod.j
s:12:64853)

Error occurred prerendering page 
"/manufacturing/production-orders/add". Read more: 
https://nextjs.org/docs/messages/prerender-error

 Γ¿» useSearchParams() should be wrapped in a suspense 
boundary at page "/manufacturing/products/add". Read 
more: https://nextjs.org/docs/messages/missing-suspense
-with-csr-bailout
    at o (C:\Users\OMEN\projects\revlo-vr\.next\server\
chunks\55112.js:61:31102)
    at c (C:\Users\OMEN\projects\revlo-vr\.next\server\
chunks\55112.js:61:42099)
    at o (C:\Users\OMEN\projects\revlo-vr\.next\server\
chunks\30443.js:1:1189)
    at nj (C:\Users\OMEN\projects\revlo-vr\node_modules
\next\dist\compiled\next-server\app-page.runtime.prod.j
s:12:46251)
    at nM (C:\Users\OMEN\projects\revlo-vr\node_modules
\next\dist\compiled\next-server\app-page.runtime.prod.j
s:12:47571)
    at nM (C:\Users\OMEN\projects\revlo-vr\node_modules
\next\dist\compiled\next-server\app-page.runtime.prod.j
s:12:61546)
    at nN (C:\Users\OMEN\projects\revlo-vr\node_modules
\next\dist\compiled\next-server\app-page.runtime.prod.j
s:12:64546)
    at nB (C:\Users\OMEN\projects\revlo-vr\node_modules
\next\dist\compiled\next-server\app-page.runtime.prod.j
s:12:67538)
    at nD (C:\Users\OMEN\projects\revlo-vr\node_modules
\next\dist\compiled\next-server\app-page.runtime.prod.j
s:12:66680)
    at nN (C:\Users\OMEN\projects\revlo-vr\node_modules
\next\dist\compiled\next-server\app-page.runtime.prod.j
s:12:64853)
    at nB (C:\Users\OMEN\projects\revlo-vr\node_modules
\next\dist\compiled\next-server\app-page.runtime.prod.j
s:12:67538)
    at nD (C:\Users\OMEN\projects\revlo-vr\node_modules
\next\dist\compiled\next-server\app-page.runtime.prod.j
s:12:66680)
    at nN (C:\Users\OMEN\projects\revlo-vr\node_modules
\next\dist\compiled\next-server\app-page.runtime.prod.j
s:12:64853)
    at nB (C:\Users\OMEN\projects\revlo-vr\node_modules
\next\dist\compiled\next-server\app-page.runtime.prod.j
s:12:67538)
    at nD (C:\Users\OMEN\projects\revlo-vr\node_modules
\next\dist\compiled\next-server\app-page.runtime.prod.j
s:12:66680)
    at nN (C:\Users\OMEN\projects\revlo-vr\node_modules
\next\dist\compiled\next-server\app-page.runtime.prod.j
s:12:64853)

Error occurred prerendering page 
"/manufacturing/products/add". Read more: 
https://nextjs.org/docs/messages/prerender-error

 Γ¿» useSearchParams() should be wrapped in a suspense 
boundary at page "/manufacturing/production-orders". 
Read more: https://nextjs.org/docs/messages/missing-sus
pense-with-csr-bailout
    at o (C:\Users\OMEN\projects\revlo-vr\.next\server\
chunks\55112.js:61:31102)
    at c (C:\Users\OMEN\projects\revlo-vr\.next\server\
chunks\55112.js:61:42099)
    at o (C:\Users\OMEN\projects\revlo-vr\.next\server\
chunks\30443.js:1:1189)
    at nj (C:\Users\OMEN\projects\revlo-vr\node_modules
\next\dist\compiled\next-server\app-page.runtime.prod.j
s:12:46251)
    at nM (C:\Users\OMEN\projects\revlo-vr\node_modules
\next\dist\compiled\next-server\app-page.runtime.prod.j
s:12:47571)
    at nM (C:\Users\OMEN\projects\revlo-vr\node_modules
\next\dist\compiled\next-server\app-page.runtime.prod.j
s:12:61546)
    at nN (C:\Users\OMEN\projects\revlo-vr\node_modules
\next\dist\compiled\next-server\app-page.runtime.prod.j
s:12:64546)
    at nB (C:\Users\OMEN\projects\revlo-vr\node_modules
\next\dist\compiled\next-server\app-page.runtime.prod.j
s:12:67538)
    at nD (C:\Users\OMEN\projects\revlo-vr\node_modules
\next\dist\compiled\next-server\app-page.runtime.prod.j
s:12:66680)
    at nN (C:\Users\OMEN\projects\revlo-vr\node_modules
\next\dist\compiled\next-server\app-page.runtime.prod.j
s:12:64853)
    at nB (C:\Users\OMEN\projects\revlo-vr\node_modules
\next\dist\compiled\next-server\app-page.runtime.prod.j
s:12:67538)
    at nD (C:\Users\OMEN\projects\revlo-vr\node_modules
\next\dist\compiled\next-server\app-page.runtime.prod.j
s:12:66680)
    at nN (C:\Users\OMEN\projects\revlo-vr\node_modules
\next\dist\compiled\next-server\app-page.runtime.prod.j
s:12:64853)
    at nB (C:\Users\OMEN\projects\revlo-vr\node_modules
\next\dist\compiled\next-server\app-page.runtime.prod.j
s:12:67538)
    at nD (C:\Users\OMEN\projects\revlo-vr\node_modules
\next\dist\compiled\next-server\app-page.runtime.prod.j
s:12:66680)
    at nN (C:\Users\OMEN\projects\revlo-vr\node_modules
\next\dist\compiled\next-server\app-page.runtime.prod.j
s:12:64853)

Error occurred prerendering page 
"/manufacturing/production-orders". Read more: 
https://nextjs.org/docs/messages/prerender-error

 Γ¿» useSearchParams() should be wrapped in a suspense 
boundary at page "/manufacturing/sales/add". Read 
more: https://nextjs.org/docs/messages/missing-suspense
-with-csr-bailout
    at o (C:\Users\OMEN\projects\revlo-vr\.next\server\
chunks\55112.js:61:31102)
    at c (C:\Users\OMEN\projects\revlo-vr\.next\server\
chunks\55112.js:61:42099)
    at o (C:\Users\OMEN\projects\revlo-vr\.next\server\
chunks\30443.js:1:1189)
    at nj (C:\Users\OMEN\projects\revlo-vr\node_modules
\next\dist\compiled\next-server\app-page.runtime.prod.j
s:12:46251)
    at nM (C:\Users\OMEN\projects\revlo-vr\node_modules
\next\dist\compiled\next-server\app-page.runtime.prod.j
s:12:47571)
    at nM (C:\Users\OMEN\projects\revlo-vr\node_modules
\next\dist\compiled\next-server\app-page.runtime.prod.j
s:12:61546)
    at nN (C:\Users\OMEN\projects\revlo-vr\node_modules
\next\dist\compiled\next-server\app-page.runtime.prod.j
s:12:64546)
    at nB (C:\Users\OMEN\projects\revlo-vr\node_modules
\next\dist\compiled\next-server\app-page.runtime.prod.j
s:12:67538)
    at nD (C:\Users\OMEN\projects\revlo-vr\node_modules
\next\dist\compiled\next-server\app-page.runtime.prod.j
s:12:66680)
    at nN (C:\Users\OMEN\projects\revlo-vr\node_modules
\next\dist\compiled\next-server\app-page.runtime.prod.j
s:12:64853)

Error occurred prerendering page 
"/manufacturing/sales/add". Read more: 
https://nextjs.org/docs/messages/prerender-error

 Γ¿» useSearchParams() should be wrapped in a suspense 
boundary at page "/manufacturing/vendors". Read more: h
ttps://nextjs.org/docs/messages/missing-suspense-with-c
sr-bailout
    at o (C:\Users\OMEN\projects\revlo-vr\.next\server\
chunks\55112.js:61:31102)
    at c (C:\Users\OMEN\projects\revlo-vr\.next\server\
chunks\55112.js:61:42099)
    at o (C:\Users\OMEN\projects\revlo-vr\.next\server\
chunks\30443.js:1:1189)
    at nj (C:\Users\OMEN\projects\revlo-vr\node_modules
\next\dist\compiled\next-server\app-page.runtime.prod.j
s:12:46251)
    at nM (C:\Users\OMEN\projects\revlo-vr\node_modules
\next\dist\compiled\next-server\app-page.runtime.prod.j
s:12:47571)
    at nM (C:\Users\OMEN\projects\revlo-vr\node_modules
\next\dist\compiled\next-server\app-page.runtime.prod.j
s:12:61546)
    at nN (C:\Users\OMEN\projects\revlo-vr\node_modules
\next\dist\compiled\next-server\app-page.runtime.prod.j
s:12:64546)
    at nB (C:\Users\OMEN\projects\revlo-vr\node_modules
\next\dist\compiled\next-server\app-page.runtime.prod.j
s:12:67538)
    at nD (C:\Users\OMEN\projects\revlo-vr\node_modules
\next\dist\compiled\next-server\app-page.runtime.prod.j
s:12:66680)
    at nN (C:\Users\OMEN\projects\revlo-vr\node_modules
\next\dist\compiled\next-server\app-page.runtime.prod.j
s:12:64853)

Error occurred prerendering page 
"/manufacturing/vendors". Read more: 
https://nextjs.org/docs/messages/prerender-error

 Γ¿» useSearchParams() should be wrapped in a suspense 
boundary at page "/manufacturing/vendors/add". Read 
more: https://nextjs.org/docs/messages/missing-suspense
-with-csr-bailout
    at o (C:\Users\OMEN\projects\revlo-vr\.next\server\
chunks\55112.js:61:31102)
    at c (C:\Users\OMEN\projects\revlo-vr\.next\server\
chunks\55112.js:61:42099)
    at o (C:\Users\OMEN\projects\revlo-vr\.next\server\
chunks\30443.js:1:1189)
    at nj (C:\Users\OMEN\projects\revlo-vr\node_modules
\next\dist\compiled\next-server\app-page.runtime.prod.j
s:12:46251)
    at nM (C:\Users\OMEN\projects\revlo-vr\node_modules
\next\dist\compiled\next-server\app-page.runtime.prod.j
s:12:47571)
    at nM (C:\Users\OMEN\projects\revlo-vr\node_modules
\next\dist\compiled\next-server\app-page.runtime.prod.j
s:12:61546)
    at nN (C:\Users\OMEN\projects\revlo-vr\node_modules
\next\dist\compiled\next-server\app-page.runtime.prod.j
s:12:64546)
    at nB (C:\Users\OMEN\projects\revlo-vr\node_modules
\next\dist\compiled\next-server\app-page.runtime.prod.j
s:12:67538)
    at nD (C:\Users\OMEN\projects\revlo-vr\node_modules
\next\dist\compiled\next-server\app-page.runtime.prod.j
s:12:66680)
    at nN (C:\Users\OMEN\projects\revlo-vr\node_modules
\next\dist\compiled\next-server\app-page.runtime.prod.j
s:12:64853)

Error occurred prerendering page 
"/manufacturing/vendors/add". Read more: 
https://nextjs.org/docs/messages/prerender-error

 Γ¿» useSearchParams() should be wrapped in a suspense 
boundary at page "/manufacturing/material-purchases". 
Read more: https://nextjs.org/docs/messages/missing-sus
pense-with-csr-bailout
    at o (C:\Users\OMEN\projects\revlo-vr\.next\server\
chunks\55112.js:61:31102)
    at c (C:\Users\OMEN\projects\revlo-vr\.next\server\
chunks\55112.js:61:42099)
    at o (C:\Users\OMEN\projects\revlo-vr\.next\server\
chunks\30443.js:1:1189)
    at nj (C:\Users\OMEN\projects\revlo-vr\node_modules
\next\dist\compiled\next-server\app-page.runtime.prod.j
s:12:46251)
    at nM (C:\Users\OMEN\projects\revlo-vr\node_modules
\next\dist\compiled\next-server\app-page.runtime.prod.j
s:12:47571)
    at nM (C:\Users\OMEN\projects\revlo-vr\node_modules
\next\dist\compiled\next-server\app-page.runtime.prod.j
s:12:61546)
    at nN (C:\Users\OMEN\projects\revlo-vr\node_modules
\next\dist\compiled\next-server\app-page.runtime.prod.j
s:12:64546)
    at nB (C:\Users\OMEN\projects\revlo-vr\node_modules
\next\dist\compiled\next-server\app-page.runtime.prod.j
s:12:67538)
    at nD (C:\Users\OMEN\projects\revlo-vr\node_modules
\next\dist\compiled\next-server\app-page.runtime.prod.j
s:12:66680)
    at nN (C:\Users\OMEN\projects\revlo-vr\node_modules
\next\dist\compiled\next-server\app-page.runtime.prod.j
s:12:64853)
    at nB (C:\Users\OMEN\projects\revlo-vr\node_modules
\next\dist\compiled\next-server\app-page.runtime.prod.j
s:12:67538)
    at nD (C:\Users\OMEN\projects\revlo-vr\node_modules
\next\dist\compiled\next-server\app-page.runtime.prod.j
s:12:66680)
    at nN (C:\Users\OMEN\projects\revlo-vr\node_modules
\next\dist\compiled\next-server\app-page.runtime.prod.j
s:12:64853)
    at nB (C:\Users\OMEN\projects\revlo-vr\node_modules
\next\dist\compiled\next-server\app-page.runtime.prod.j
s:12:67538)
    at nD (C:\Users\OMEN\projects\revlo-vr\node_modules
\next\dist\compiled\next-server\app-page.runtime.prod.j
s:12:66680)
    at nN (C:\Users\OMEN\projects\revlo-vr\node_modules
\next\dist\compiled\next-server\app-page.runtime.prod.j
s:12:64853)

Error occurred prerendering page 
"/manufacturing/material-purchases". Read more: 
https://nextjs.org/docs/messages/prerender-error

 Γ¿» useSearchParams() should be wrapped in a suspense 
boundary at page "/manufacturing/products". Read more: 
https://nextjs.org/docs/messages/missing-suspense-with-
csr-bailout
    at o (C:\Users\OMEN\projects\revlo-vr\.next\server\
chunks\55112.js:61:31102)
    at c (C:\Users\OMEN\projects\revlo-vr\.next\server\
chunks\55112.js:61:42099)
    at o (C:\Users\OMEN\projects\revlo-vr\.next\server\
chunks\30443.js:1:1189)
    at nj (C:\Users\OMEN\projects\revlo-vr\node_modules
\next\dist\compiled\next-server\app-page.runtime.prod.j
s:12:46251)
    at nM (C:\Users\OMEN\projects\revlo-vr\node_modules
\next\dist\compiled\next-server\app-page.runtime.prod.j
s:12:47571)
    at nM (C:\Users\OMEN\projects\revlo-vr\node_modules
\next\dist\compiled\next-server\app-page.runtime.prod.j
s:12:61546)
    at nN (C:\Users\OMEN\projects\revlo-vr\node_modules
\next\dist\compiled\next-server\app-page.runtime.prod.j
s:12:64546)
    at nB (C:\Users\OMEN\projects\revlo-vr\node_modules
\next\dist\compiled\next-server\app-page.runtime.prod.j
s:12:67538)
    at nD (C:\Users\OMEN\projects\revlo-vr\node_modules
\next\dist\compiled\next-server\app-page.runtime.prod.j
s:12:66680)
    at nN (C:\Users\OMEN\projects\revlo-vr\node_modules
\next\dist\compiled\next-server\app-page.runtime.prod.j
s:12:64853)

Error occurred prerendering page 
"/manufacturing/products". Read more: 
https://nextjs.org/docs/messages/prerender-error

 Γ¿» useSearchParams() should be wrapped in a suspense 
boundary at page "/manufacturing/reports". Read more: h
ttps://nextjs.org/docs/messages/missing-suspense-with-c
sr-bailout
    at o (C:\Users\OMEN\projects\revlo-vr\.next\server\
chunks\55112.js:61:31102)
    at c (C:\Users\OMEN\projects\revlo-vr\.next\server\
chunks\55112.js:61:42099)
    at o (C:\Users\OMEN\projects\revlo-vr\.next\server\
chunks\30443.js:1:1189)
    at nj (C:\Users\OMEN\projects\revlo-vr\node_modules
\next\dist\compiled\next-server\app-page.runtime.prod.j
s:12:46251)
    at nM (C:\Users\OMEN\projects\revlo-vr\node_modules
\next\dist\compiled\next-server\app-page.runtime.prod.j
s:12:47571)
    at nM (C:\Users\OMEN\projects\revlo-vr\node_modules
\next\dist\compiled\next-server\app-page.runtime.prod.j
s:12:61546)
    at nN (C:\Users\OMEN\projects\revlo-vr\node_modules
\next\dist\compiled\next-server\app-page.runtime.prod.j
s:12:64546)
    at nB (C:\Users\OMEN\projects\revlo-vr\node_modules
\next\dist\compiled\next-server\app-page.runtime.prod.j
s:12:67538)
    at nD (C:\Users\OMEN\projects\revlo-vr\node_modules
\next\dist\compiled\next-server\app-page.runtime.prod.j
s:12:66680)
    at nN (C:\Users\OMEN\projects\revlo-vr\node_modules
\next\dist\compiled\next-server\app-page.runtime.prod.j
s:12:64853)

Error occurred prerendering page 
"/manufacturing/reports". Read more: 
https://nextjs.org/docs/messages/prerender-error

 Γ¿» useSearchParams() should be wrapped in a suspense 
boundary at page "/manufacturing/sales". Read more: htt
ps://nextjs.org/docs/messages/missing-suspense-with-csr
-bailout
    at o (C:\Users\OMEN\projects\revlo-vr\.next\server\
chunks\55112.js:61:31102)
    at c (C:\Users\OMEN\projects\revlo-vr\.next\server\
chunks\55112.js:61:42099)
    at o (C:\Users\OMEN\projects\revlo-vr\.next\server\
chunks\30443.js:1:1189)
    at nj (C:\Users\OMEN\projects\revlo-vr\node_modules
\next\dist\compiled\next-server\app-page.runtime.prod.j
s:12:46251)
    at nM (C:\Users\OMEN\projects\revlo-vr\node_modules
\next\dist\compiled\next-server\app-page.runtime.prod.j
s:12:47571)
    at nM (C:\Users\OMEN\projects\revlo-vr\node_modules
\next\dist\compiled\next-server\app-page.runtime.prod.j
s:12:61546)
    at nN (C:\Users\OMEN\projects\revlo-vr\node_modules
\next\dist\compiled\next-server\app-page.runtime.prod.j
s:12:64546)
    at nB (C:\Users\OMEN\projects\revlo-vr\node_modules
\next\dist\compiled\next-server\app-page.runtime.prod.j
s:12:67538)
    at nD (C:\Users\OMEN\projects\revlo-vr\node_modules
\next\dist\compiled\next-server\app-page.runtime.prod.j
s:12:66680)
    at nN (C:\Users\OMEN\projects\revlo-vr\node_modules
\next\dist\compiled\next-server\app-page.runtime.prod.j
s:12:64853)
    at nB (C:\Users\OMEN\projects\revlo-vr\node_modules
\next\dist\compiled\next-server\app-page.runtime.prod.j
s:12:67538)
    at nD (C:\Users\OMEN\projects\revlo-vr\node_modules
\next\dist\compiled\next-server\app-page.runtime.prod.j
s:12:66680)
    at nN (C:\Users\OMEN\projects\revlo-vr\node_modules
\next\dist\compiled\next-server\app-page.runtime.prod.j
s:12:64853)
    at nB (C:\Users\OMEN\projects\revlo-vr\node_modules
\next\dist\compiled\next-server\app-page.runtime.prod.j
s:12:67538)
    at nD (C:\Users\OMEN\projects\revlo-vr\node_modules
\next\dist\compiled\next-server\app-page.runtime.prod.j
s:12:66680)
    at nN (C:\Users\OMEN\projects\revlo-vr\node_modules
\next\dist\compiled\next-server\app-page.runtime.prod.j
s:12:64853)
prisma:query SELECT "public"."users"."_id", "public"."users"."fullName", "public"."users"."email", "public"."users"."phone", "public"."users"."role"::text, "public"."users"."status", "public"."users"."TwoFAEnabled", "public"."users"."createdAt", "public"."users"."updatedAt" FROM "public"."users" WHERE ("public"."users"."_id" = $1 AND 1=1) LIMIT $2 OFFSET $3
prisma:query SELECT COUNT(*) AS "_count$_all" FROM (SELECT "public"."projects"."_id" FROM "public"."projects" WHERE ("public"."projects"."createdAt" >= $1 AND "public"."projects"."createdAt" < $2) OFFSET $3) AS "sub"

Error occurred prerendering page 
"/manufacturing/sales". Read more: 
https://nextjs.org/docs/messages/prerender-error

 Γ¿» useSearchParams() should be wrapped in a suspense 
boundary at page "/profile". Read more: https://nextjs.
org/docs/messages/missing-suspense-with-csr-bailout
    at o (C:\Users\OMEN\projects\revlo-vr\.next\server\
chunks\55112.js:61:31102)
    at c (C:\Users\OMEN\projects\revlo-vr\.next\server\
chunks\55112.js:61:42099)
    at o (C:\Users\OMEN\projects\revlo-vr\.next\server\
chunks\30443.js:1:1189)
    at nj (C:\Users\OMEN\projects\revlo-vr\node_modules
\next\dist\compiled\next-server\app-page.runtime.prod.j
s:12:46251)
    at nM (C:\Users\OMEN\projects\revlo-vr\node_modules
\next\dist\compiled\next-server\app-page.runtime.prod.j
s:12:47571)
    at nM (C:\Users\OMEN\projects\revlo-vr\node_modules
\next\dist\compiled\next-server\app-page.runtime.prod.j
s:12:61546)
    at nN (C:\Users\OMEN\projects\revlo-vr\node_modules
\next\dist\compiled\next-server\app-page.runtime.prod.j
s:12:64546)
    at nB (C:\Users\OMEN\projects\revlo-vr\node_modules
\next\dist\compiled\next-server\app-page.runtime.prod.j
s:12:67538)
    at nD (C:\Users\OMEN\projects\revlo-vr\node_modules
\next\dist\compiled\next-server\app-page.runtime.prod.j
s:12:66680)
    at nN (C:\Users\OMEN\projects\revlo-vr\node_modules
\next\dist\compiled\next-server\app-page.runtime.prod.j
s:12:64853)
    at nB (C:\Users\OMEN\projects\revlo-vr\node_modules
\next\dist\compiled\next-server\app-page.runtime.prod.j
s:12:67538)
    at nD (C:\Users\OMEN\projects\revlo-vr\node_modules
\next\dist\compiled\next-server\app-page.runtime.prod.j
s:12:66680)
    at nN (C:\Users\OMEN\projects\revlo-vr\node_modules
\next\dist\compiled\next-server\app-page.runtime.prod.j
s:12:64853)
    at nB (C:\Users\OMEN\projects\revlo-vr\node_modules
\next\dist\compiled\next-server\app-page.runtime.prod.j
s:12:67538)
    at nD (C:\Users\OMEN\projects\revlo-vr\node_modules
\next\dist\compiled\next-server\app-page.runtime.prod.j
s:12:66680)
    at nN (C:\Users\OMEN\projects\revlo-vr\node_modules
\next\dist\compiled\next-server\app-page.runtime.prod.j
s:12:64853)

Error occurred prerendering page "/profile". Read 
more: https://nextjs.org/docs/messages/prerender-error

 Γ¿» useSearchParams() should be wrapped in a suspense 
boundary at page "/projects/accounting/accounts/edit". 
Read more: https://nextjs.org/docs/messages/missing-sus
pense-with-csr-bailout
    at o (C:\Users\OMEN\projects\revlo-vr\.next\server\
chunks\55112.js:61:31102)
    at c (C:\Users\OMEN\projects\revlo-vr\.next\server\
chunks\55112.js:61:42099)
    at o (C:\Users\OMEN\projects\revlo-vr\.next\server\
chunks\30443.js:1:1189)
    at nj (C:\Users\OMEN\projects\revlo-vr\node_modules
\next\dist\compiled\next-server\app-page.runtime.prod.j
s:12:46251)
    at nM (C:\Users\OMEN\projects\revlo-vr\node_modules
\next\dist\compiled\next-server\app-page.runtime.prod.j
s:12:47571)
    at nM (C:\Users\OMEN\projects\revlo-vr\node_modules
\next\dist\compiled\next-server\app-page.runtime.prod.j
s:12:61546)
    at nN (C:\Users\OMEN\projects\revlo-vr\node_modules
\next\dist\compiled\next-server\app-page.runtime.prod.j
s:12:64546)
    at nB (C:\Users\OMEN\projects\revlo-vr\node_modules
\next\dist\compiled\next-server\app-page.runtime.prod.j
s:12:67538)
    at nD (C:\Users\OMEN\projects\revlo-vr\node_modules
\next\dist\compiled\next-server\app-page.runtime.prod.j
s:12:66680)
    at nN (C:\Users\OMEN\projects\revlo-vr\node_modules
\next\dist\compiled\next-server\app-page.runtime.prod.j
s:12:64853)

Error occurred prerendering page 
"/projects/accounting/accounts/edit". Read more: 
https://nextjs.org/docs/messages/prerender-error

 Γ¿» useSearchParams() should be wrapped in a suspense 
boundary at page "/projects/accounting/accounts". Read 
more: https://nextjs.org/docs/messages/missing-suspense
-with-csr-bailout
    at o (C:\Users\OMEN\projects\revlo-vr\.next\server\
chunks\55112.js:61:31102)
    at c (C:\Users\OMEN\projects\revlo-vr\.next\server\
chunks\55112.js:61:42099)
    at o (C:\Users\OMEN\projects\revlo-vr\.next\server\
chunks\30443.js:1:1189)
    at nj (C:\Users\OMEN\projects\revlo-vr\node_modules
\next\dist\compiled\next-server\app-page.runtime.prod.j
s:12:46251)
    at nM (C:\Users\OMEN\projects\revlo-vr\node_modules
\next\dist\compiled\next-server\app-page.runtime.prod.j
s:12:47571)
    at nM (C:\Users\OMEN\projects\revlo-vr\node_modules
\next\dist\compiled\next-server\app-page.runtime.prod.j
s:12:61546)
    at nN (C:\Users\OMEN\projects\revlo-vr\node_modules
\next\dist\compiled\next-server\app-page.runtime.prod.j
s:12:64546)
    at nB (C:\Users\OMEN\projects\revlo-vr\node_modules
\next\dist\compiled\next-server\app-page.runtime.prod.j
s:12:67538)
    at nD (C:\Users\OMEN\projects\revlo-vr\node_modules
\next\dist\compiled\next-server\app-page.runtime.prod.j
s:12:66680)
    at nN (C:\Users\OMEN\projects\revlo-vr\node_modules
\next\dist\compiled\next-server\app-page.runtime.prod.j
s:12:64853)
    at nB (C:\Users\OMEN\projects\revlo-vr\node_modules
\next\dist\compiled\next-server\app-page.runtime.prod.j
s:12:67538)
    at nD (C:\Users\OMEN\projects\revlo-vr\node_modules
\next\dist\compiled\next-server\app-page.runtime.prod.j
s:12:66680)
    at nN (C:\Users\OMEN\projects\revlo-vr\node_modules
\next\dist\compiled\next-server\app-page.runtime.prod.j
s:12:64853)
    at nB (C:\Users\OMEN\projects\revlo-vr\node_modules
\next\dist\compiled\next-server\app-page.runtime.prod.j
s:12:67538)
    at nD (C:\Users\OMEN\projects\revlo-vr\node_modules
\next\dist\compiled\next-server\app-page.runtime.prod.j
s:12:66680)
    at nN (C:\Users\OMEN\projects\revlo-vr\node_modules
\next\dist\compiled\next-server\app-page.runtime.prod.j
s:12:64853)

Error occurred prerendering page 
"/projects/accounting/accounts". Read more: 
https://nextjs.org/docs/messages/prerender-error

 Γ¿» useSearchParams() should be wrapped in a suspense 
boundary at page 
"/projects/accounting/reports/payment-schedule". Read 
more: https://nextjs.org/docs/messages/missing-suspense
-with-csr-bailout
    at o (C:\Users\OMEN\projects\revlo-vr\.next\server\
chunks\55112.js:61:31102)
    at c (C:\Users\OMEN\projects\revlo-vr\.next\server\
chunks\55112.js:61:42099)
    at o (C:\Users\OMEN\projects\revlo-vr\.next\server\
chunks\30443.js:1:1189)
    at nj (C:\Users\OMEN\projects\revlo-vr\node_modules
\next\dist\compiled\next-server\app-page.runtime.prod.j
s:12:46251)
    at nM (C:\Users\OMEN\projects\revlo-vr\node_modules
\next\dist\compiled\next-server\app-page.runtime.prod.j
s:12:47571)
    at nM (C:\Users\OMEN\projects\revlo-vr\node_modules
\next\dist\compiled\next-server\app-page.runtime.prod.j
s:12:61546)
    at nN (C:\Users\OMEN\projects\revlo-vr\node_modules
\next\dist\compiled\next-server\app-page.runtime.prod.j
s:12:64546)
    at nB (C:\Users\OMEN\projects\revlo-vr\node_modules
\next\dist\compiled\next-server\app-page.runtime.prod.j
s:12:67538)
    at nD (C:\Users\OMEN\projects\revlo-vr\node_modules
\next\dist\compiled\next-server\app-page.runtime.prod.j
s:12:66680)
    at nN (C:\Users\OMEN\projects\revlo-vr\node_modules
\next\dist\compiled\next-server\app-page.runtime.prod.j
s:12:64853)

Error occurred prerendering page 
"/projects/accounting/reports/payment-schedule". Read 
more: https://nextjs.org/docs/messages/prerender-error

 Γ¿» useSearchParams() should be wrapped in a suspense 
boundary at page "/". Read more: https://nextjs.org/doc
s/messages/missing-suspense-with-csr-bailout
    at o (C:\Users\OMEN\projects\revlo-vr\.next\server\
chunks\55112.js:61:31102)
    at c (C:\Users\OMEN\projects\revlo-vr\.next\server\
chunks\55112.js:61:42099)
    at o (C:\Users\OMEN\projects\revlo-vr\.next\server\
chunks\30443.js:1:1189)
    at nj (C:\Users\OMEN\projects\revlo-vr\node_modules
\next\dist\compiled\next-server\app-page.runtime.prod.j
s:12:46251)
    at nM (C:\Users\OMEN\projects\revlo-vr\node_modules
\next\dist\compiled\next-server\app-page.runtime.prod.j
s:12:47571)
    at nM (C:\Users\OMEN\projects\revlo-vr\node_modules
\next\dist\compiled\next-server\app-page.runtime.prod.j
s:12:61546)
    at nN (C:\Users\OMEN\projects\revlo-vr\node_modules
\next\dist\compiled\next-server\app-page.runtime.prod.j
s:12:64546)
    at nB (C:\Users\OMEN\projects\revlo-vr\node_modules
\next\dist\compiled\next-server\app-page.runtime.prod.j
s:12:67538)
    at nD (C:\Users\OMEN\projects\revlo-vr\node_modules
\next\dist\compiled\next-server\app-page.runtime.prod.j
s:12:66680)
    at nN (C:\Users\OMEN\projects\revlo-vr\node_modules
\next\dist\compiled\next-server\app-page.runtime.prod.j
s:12:64853)
    at nB (C:\Users\OMEN\projects\revlo-vr\node_modules
\next\dist\compiled\next-server\app-page.runtime.prod.j
s:12:67538)
    at nD (C:\Users\OMEN\projects\revlo-vr\node_modules
\next\dist\compiled\next-server\app-page.runtime.prod.j
s:12:66680)
    at nN (C:\Users\OMEN\projects\revlo-vr\node_modules
\next\dist\compiled\next-server\app-page.runtime.prod.j
s:12:64853)
    at nB (C:\Users\OMEN\projects\revlo-vr\node_modules
\next\dist\compiled\next-server\app-page.runtime.prod.j
s:12:67538)
    at nD (C:\Users\OMEN\projects\revlo-vr\node_modules
\next\dist\compiled\next-server\app-page.runtime.prod.j
s:12:66680)
    at nN (C:\Users\OMEN\projects\revlo-vr\node_modules
\next\dist\compiled\next-server\app-page.runtime.prod.j
s:12:64853)

Error occurred prerendering page "/". Read more: 
https://nextjs.org/docs/messages/prerender-error

 Γ¿» useSearchParams() should be wrapped in a suspense 
boundary at page "/projects/accounting/accounts/add". 
Read more: https://nextjs.org/docs/messages/missing-sus
pense-with-csr-bailout
    at o (C:\Users\OMEN\projects\revlo-vr\.next\server\
chunks\55112.js:61:31102)
    at c (C:\Users\OMEN\projects\revlo-vr\.next\server\
chunks\55112.js:61:42099)
    at o (C:\Users\OMEN\projects\revlo-vr\.next\server\
chunks\30443.js:1:1189)
    at nj (C:\Users\OMEN\projects\revlo-vr\node_modules
\next\dist\compiled\next-server\app-page.runtime.prod.j
s:12:46251)
    at nM (C:\Users\OMEN\projects\revlo-vr\node_modules
\next\dist\compiled\next-server\app-page.runtime.prod.j
s:12:47571)
    at nM (C:\Users\OMEN\projects\revlo-vr\node_modules
\next\dist\compiled\next-server\app-page.runtime.prod.j
s:12:61546)
    at nN (C:\Users\OMEN\projects\revlo-vr\node_modules
\next\dist\compiled\next-server\app-page.runtime.prod.j
s:12:64546)
    at nB (C:\Users\OMEN\projects\revlo-vr\node_modules
\next\dist\compiled\next-server\app-page.runtime.prod.j
s:12:67538)
    at nD (C:\Users\OMEN\projects\revlo-vr\node_modules
\next\dist\compiled\next-server\app-page.runtime.prod.j
s:12:66680)
    at nN (C:\Users\OMEN\projects\revlo-vr\node_modules
\next\dist\compiled\next-server\app-page.runtime.prod.j
s:12:64853)

Error occurred prerendering page 
"/projects/accounting/accounts/add". Read more: 
https://nextjs.org/docs/messages/prerender-error

 Γ¿» useSearchParams() should be wrapped in a suspense 
boundary at page "/privacy". Read more: https://nextjs.
org/docs/messages/missing-suspense-with-csr-bailout
    at o (C:\Users\OMEN\projects\revlo-vr\.next\server\
chunks\55112.js:61:31102)
    at c (C:\Users\OMEN\projects\revlo-vr\.next\server\
chunks\55112.js:61:42099)
    at o (C:\Users\OMEN\projects\revlo-vr\.next\server\
chunks\30443.js:1:1189)
    at nj (C:\Users\OMEN\projects\revlo-vr\node_modules
\next\dist\compiled\next-server\app-page.runtime.prod.j
s:12:46251)
    at nM (C:\Users\OMEN\projects\revlo-vr\node_modules
\next\dist\compiled\next-server\app-page.runtime.prod.j
s:12:47571)
    at nM (C:\Users\OMEN\projects\revlo-vr\node_modules
\next\dist\compiled\next-server\app-page.runtime.prod.j
s:12:61546)
    at nN (C:\Users\OMEN\projects\revlo-vr\node_modules
\next\dist\compiled\next-server\app-page.runtime.prod.j
s:12:64546)
    at nB (C:\Users\OMEN\projects\revlo-vr\node_modules
\next\dist\compiled\next-server\app-page.runtime.prod.j
s:12:67538)
    at nD (C:\Users\OMEN\projects\revlo-vr\node_modules
\next\dist\compiled\next-server\app-page.runtime.prod.j
s:12:66680)
    at nN (C:\Users\OMEN\projects\revlo-vr\node_modules
\next\dist\compiled\next-server\app-page.runtime.prod.j
s:12:64853)
    at nB (C:\Users\OMEN\projects\revlo-vr\node_modules
\next\dist\compiled\next-server\app-page.runtime.prod.j
s:12:67538)
    at nD (C:\Users\OMEN\projects\revlo-vr\node_modules
\next\dist\compiled\next-server\app-page.runtime.prod.j
s:12:66680)
    at nN (C:\Users\OMEN\projects\revlo-vr\node_modules
\next\dist\compiled\next-server\app-page.runtime.prod.j
s:12:64853)
    at nB (C:\Users\OMEN\projects\revlo-vr\node_modules
\next\dist\compiled\next-server\app-page.runtime.prod.j
s:12:67538)
    at nD (C:\Users\OMEN\projects\revlo-vr\node_modules
\next\dist\compiled\next-server\app-page.runtime.prod.j
s:12:66680)
    at nN (C:\Users\OMEN\projects\revlo-vr\node_modules
\next\dist\compiled\next-server\app-page.runtime.prod.j
s:12:64853)

Error occurred prerendering page "/privacy". Read 
more: https://nextjs.org/docs/messages/prerender-error

 Γ¿» useSearchParams() should be wrapped in a suspense 
boundary at page "/projects/accounting/receivables". 
Read more: https://nextjs.org/docs/messages/missing-sus
pense-with-csr-bailout
    at o (C:\Users\OMEN\projects\revlo-vr\.next\server\
chunks\55112.js:61:31102)
    at c (C:\Users\OMEN\projects\revlo-vr\.next\server\
chunks\55112.js:61:42099)
    at o (C:\Users\OMEN\projects\revlo-vr\.next\server\
chunks\30443.js:1:1189)
    at nj (C:\Users\OMEN\projects\revlo-vr\node_modules
\next\dist\compiled\next-server\app-page.runtime.prod.j
s:12:46251)
    at nM (C:\Users\OMEN\projects\revlo-vr\node_modules
\next\dist\compiled\next-server\app-page.runtime.prod.j
s:12:47571)
    at nM (C:\Users\OMEN\projects\revlo-vr\node_modules
\next\dist\compiled\next-server\app-page.runtime.prod.j
s:12:61546)
    at nN (C:\Users\OMEN\projects\revlo-vr\node_modules
\next\dist\compiled\next-server\app-page.runtime.prod.j
s:12:64546)
    at nB (C:\Users\OMEN\projects\revlo-vr\node_modules
\next\dist\compiled\next-server\app-page.runtime.prod.j
s:12:67538)
    at nD (C:\Users\OMEN\projects\revlo-vr\node_modules
\next\dist\compiled\next-server\app-page.runtime.prod.j
s:12:66680)
    at nN (C:\Users\OMEN\projects\revlo-vr\node_modules
\next\dist\compiled\next-server\app-page.runtime.prod.j
s:12:64853)
    at nB (C:\Users\OMEN\projects\revlo-vr\node_modules
\next\dist\compiled\next-server\app-page.runtime.prod.j
s:12:67538)
    at nD (C:\Users\OMEN\projects\revlo-vr\node_modules
\next\dist\compiled\next-server\app-page.runtime.prod.j
s:12:66680)
    at nN (C:\Users\OMEN\projects\revlo-vr\node_modules
\next\dist\compiled\next-server\app-page.runtime.prod.j
s:12:64853)
    at nB (C:\Users\OMEN\projects\revlo-vr\node_modules
\next\dist\compiled\next-server\app-page.runtime.prod.j
s:12:67538)
    at nD (C:\Users\OMEN\projects\revlo-vr\node_modules
\next\dist\compiled\next-server\app-page.runtime.prod.j
s:12:66680)
    at nN (C:\Users\OMEN\projects\revlo-vr\node_modules
\next\dist\compiled\next-server\app-page.runtime.prod.j
s:12:64853)

Error occurred prerendering page 
"/projects/accounting/receivables". Read more: 
https://nextjs.org/docs/messages/prerender-error

 Γ¿» useSearchParams() should be wrapped in a suspense 
boundary at page "/projects/accounting/add". Read 
more: https://nextjs.org/docs/messages/missing-suspense
-with-csr-bailout
    at o (C:\Users\OMEN\projects\revlo-vr\.next\server\
chunks\55112.js:61:31102)
    at c (C:\Users\OMEN\projects\revlo-vr\.next\server\
chunks\55112.js:61:42099)
    at o (C:\Users\OMEN\projects\revlo-vr\.next\server\
chunks\30443.js:1:1189)
    at nj (C:\Users\OMEN\projects\revlo-vr\node_modules
\next\dist\compiled\next-server\app-page.runtime.prod.j
s:12:46251)
    at nM (C:\Users\OMEN\projects\revlo-vr\node_modules
\next\dist\compiled\next-server\app-page.runtime.prod.j
s:12:47571)
    at nM (C:\Users\OMEN\projects\revlo-vr\node_modules
\next\dist\compiled\next-server\app-page.runtime.prod.j
s:12:61546)
    at nN (C:\Users\OMEN\projects\revlo-vr\node_modules
\next\dist\compiled\next-server\app-page.runtime.prod.j
s:12:64546)
    at nB (C:\Users\OMEN\projects\revlo-vr\node_modules
\next\dist\compiled\next-server\app-page.runtime.prod.j
s:12:67538)
    at nD (C:\Users\OMEN\projects\revlo-vr\node_modules
\next\dist\compiled\next-server\app-page.runtime.prod.j
s:12:66680)
    at nN (C:\Users\OMEN\projects\revlo-vr\node_modules
\next\dist\compiled\next-server\app-page.runtime.prod.j
s:12:64853)

Error occurred prerendering page 
"/projects/accounting/add". Read more: 
https://nextjs.org/docs/messages/prerender-error

 Γ¿» useSearchParams() should be wrapped in a suspense 
boundary at page "/dashboard". Read more: https://nextj
s.org/docs/messages/missing-suspense-with-csr-bailout
    at o (C:\Users\OMEN\projects\revlo-vr\.next\server\
chunks\55112.js:61:31102)
    at c (C:\Users\OMEN\projects\revlo-vr\.next\server\
chunks\55112.js:61:42099)
    at o (C:\Users\OMEN\projects\revlo-vr\.next\server\
chunks\30443.js:1:1189)
    at nj (C:\Users\OMEN\projects\revlo-vr\node_modules
\next\dist\compiled\next-server\app-page.runtime.prod.j
s:12:46251)
    at nM (C:\Users\OMEN\projects\revlo-vr\node_modules
\next\dist\compiled\next-server\app-page.runtime.prod.j
s:12:47571)
    at nM (C:\Users\OMEN\projects\revlo-vr\node_modules
\next\dist\compiled\next-server\app-page.runtime.prod.j
s:12:61546)
    at nN (C:\Users\OMEN\projects\revlo-vr\node_modules
\next\dist\compiled\next-server\app-page.runtime.prod.j
s:12:64546)
    at nB (C:\Users\OMEN\projects\revlo-vr\node_modules
\next\dist\compiled\next-server\app-page.runtime.prod.j
s:12:67538)
    at nD (C:\Users\OMEN\projects\revlo-vr\node_modules
\next\dist\compiled\next-server\app-page.runtime.prod.j
s:12:66680)
    at nN (C:\Users\OMEN\projects\revlo-vr\node_modules
\next\dist\compiled\next-server\app-page.runtime.prod.j
s:12:64853)

Error occurred prerendering page "/dashboard". Read 
more: https://nextjs.org/docs/messages/prerender-error

 Γ¿» useSearchParams() should be wrapped in a suspense 
boundary at page "/projects/customers/edit". Read 
more: https://nextjs.org/docs/messages/missing-suspense
-with-csr-bailout
    at o (C:\Users\OMEN\projects\revlo-vr\.next\server\
chunks\55112.js:61:31102)
    at c (C:\Users\OMEN\projects\revlo-vr\.next\server\
chunks\55112.js:61:42099)
    at o (C:\Users\OMEN\projects\revlo-vr\.next\server\
chunks\30443.js:1:1189)
    at nj (C:\Users\OMEN\projects\revlo-vr\node_modules
\next\dist\compiled\next-server\app-page.runtime.prod.j
s:12:46251)
    at nM (C:\Users\OMEN\projects\revlo-vr\node_modules
\next\dist\compiled\next-server\app-page.runtime.prod.j
s:12:47571)
    at nM (C:\Users\OMEN\projects\revlo-vr\node_modules
\next\dist\compiled\next-server\app-page.runtime.prod.j
s:12:61546)
    at nN (C:\Users\OMEN\projects\revlo-vr\node_modules
\next\dist\compiled\next-server\app-page.runtime.prod.j
s:12:64546)
    at nB (C:\Users\OMEN\projects\revlo-vr\node_modules
\next\dist\compiled\next-server\app-page.runtime.prod.j
s:12:67538)
    at nD (C:\Users\OMEN\projects\revlo-vr\node_modules
\next\dist\compiled\next-server\app-page.runtime.prod.j
s:12:66680)
    at nN (C:\Users\OMEN\projects\revlo-vr\node_modules
\next\dist\compiled\next-server\app-page.runtime.prod.j
s:12:64853)

Error occurred prerendering page 
"/projects/customers/edit". Read more: 
https://nextjs.org/docs/messages/prerender-error

 Γ¿» useSearchParams() should be wrapped in a suspense 
boundary at page "/projects/customers/add". Read more: 
https://nextjs.org/docs/messages/missing-suspense-with-
csr-bailout
    at o (C:\Users\OMEN\projects\revlo-vr\.next\server\
chunks\55112.js:61:31102)
    at c (C:\Users\OMEN\projects\revlo-vr\.next\server\
chunks\55112.js:61:42099)
    at o (C:\Users\OMEN\projects\revlo-vr\.next\server\
chunks\30443.js:1:1189)
    at nj (C:\Users\OMEN\projects\revlo-vr\node_modules
\next\dist\compiled\next-server\app-page.runtime.prod.j
s:12:46251)
    at nM (C:\Users\OMEN\projects\revlo-vr\node_modules
\next\dist\compiled\next-server\app-page.runtime.prod.j
s:12:47571)
    at nM (C:\Users\OMEN\projects\revlo-vr\node_modules
\next\dist\compiled\next-server\app-page.runtime.prod.j
s:12:61546)
    at nN (C:\Users\OMEN\projects\revlo-vr\node_modules
\next\dist\compiled\next-server\app-page.runtime.prod.j
s:12:64546)
    at nB (C:\Users\OMEN\projects\revlo-vr\node_modules
\next\dist\compiled\next-server\app-page.runtime.prod.j
s:12:67538)
    at nD (C:\Users\OMEN\projects\revlo-vr\node_modules
\next\dist\compiled\next-server\app-page.runtime.prod.j
s:12:66680)
    at nN (C:\Users\OMEN\projects\revlo-vr\node_modules
\next\dist\compiled\next-server\app-page.runtime.prod.j
s:12:64853)

Error occurred prerendering page 
"/projects/customers/add". Read more: 
https://nextjs.org/docs/messages/prerender-error

 Γ¿» useSearchParams() should be wrapped in a suspense 
boundary at page "/projects/customers". Read more: http
s://nextjs.org/docs/messages/missing-suspense-with-csr-
bailout
    at o (C:\Users\OMEN\projects\revlo-vr\.next\server\
chunks\55112.js:61:31102)
    at c (C:\Users\OMEN\projects\revlo-vr\.next\server\
chunks\55112.js:61:42099)
    at o (C:\Users\OMEN\projects\revlo-vr\.next\server\
chunks\30443.js:1:1189)
    at nj (C:\Users\OMEN\projects\revlo-vr\node_modules
\next\dist\compiled\next-server\app-page.runtime.prod.j
s:12:46251)
    at nM (C:\Users\OMEN\projects\revlo-vr\node_modules
\next\dist\compiled\next-server\app-page.runtime.prod.j
s:12:47571)
    at nM (C:\Users\OMEN\projects\revlo-vr\node_modules
\next\dist\compiled\next-server\app-page.runtime.prod.j
s:12:61546)
    at nN (C:\Users\OMEN\projects\revlo-vr\node_modules
\next\dist\compiled\next-server\app-page.runtime.prod.j
s:12:64546)
    at nB (C:\Users\OMEN\projects\revlo-vr\node_modules
\next\dist\compiled\next-server\app-page.runtime.prod.j
s:12:67538)
    at nD (C:\Users\OMEN\projects\revlo-vr\node_modules
\next\dist\compiled\next-server\app-page.runtime.prod.j
s:12:66680)
    at nN (C:\Users\OMEN\projects\revlo-vr\node_modules
\next\dist\compiled\next-server\app-page.runtime.prod.j
s:12:64853)

Error occurred prerendering page 
"/projects/customers". Read more: 
https://nextjs.org/docs/messages/prerender-error

 Γ¿» useSearchParams() should be wrapped in a suspense 
boundary at page "/projects/accounting/reports". Read 
more: https://nextjs.org/docs/messages/missing-suspense
-with-csr-bailout
    at o (C:\Users\OMEN\projects\revlo-vr\.next\server\
chunks\55112.js:61:31102)
    at c (C:\Users\OMEN\projects\revlo-vr\.next\server\
chunks\55112.js:61:42099)
    at o (C:\Users\OMEN\projects\revlo-vr\.next\server\
chunks\30443.js:1:1189)
    at nj (C:\Users\OMEN\projects\revlo-vr\node_modules
\next\dist\compiled\next-server\app-page.runtime.prod.j
s:12:46251)
    at nM (C:\Users\OMEN\projects\revlo-vr\node_modules
\next\dist\compiled\next-server\app-page.runtime.prod.j
s:12:47571)
    at nM (C:\Users\OMEN\projects\revlo-vr\node_modules
\next\dist\compiled\next-server\app-page.runtime.prod.j
s:12:61546)
    at nN (C:\Users\OMEN\projects\revlo-vr\node_modules
\next\dist\compiled\next-server\app-page.runtime.prod.j
s:12:64546)
    at nB (C:\Users\OMEN\projects\revlo-vr\node_modules
\next\dist\compiled\next-server\app-page.runtime.prod.j
s:12:67538)
    at nD (C:\Users\OMEN\projects\revlo-vr\node_modules
\next\dist\compiled\next-server\app-page.runtime.prod.j
s:12:66680)
    at nN (C:\Users\OMEN\projects\revlo-vr\node_modules
\next\dist\compiled\next-server\app-page.runtime.prod.j
s:12:64853)
    at nB (C:\Users\OMEN\projects\revlo-vr\node_modules
\next\dist\compiled\next-server\app-page.runtime.prod.j
s:12:67538)
    at nD (C:\Users\OMEN\projects\revlo-vr\node_modules
\next\dist\compiled\next-server\app-page.runtime.prod.j
s:12:66680)
    at nN (C:\Users\OMEN\projects\revlo-vr\node_modules
\next\dist\compiled\next-server\app-page.runtime.prod.j
s:12:64853)
    at nB (C:\Users\OMEN\projects\revlo-vr\node_modules
\next\dist\compiled\next-server\app-page.runtime.prod.j
s:12:67538)
    at nD (C:\Users\OMEN\projects\revlo-vr\node_modules
\next\dist\compiled\next-server\app-page.runtime.prod.j
s:12:66680)
    at nN (C:\Users\OMEN\projects\revlo-vr\node_modules
\next\dist\compiled\next-server\app-page.runtime.prod.j
s:12:64853)

Error occurred prerendering page 
"/projects/accounting/reports". Read more: 
https://nextjs.org/docs/messages/prerender-error

 Γ¿» useSearchParams() should be wrapped in a suspense 
boundary at page 
"/projects/accounting/transactions/transfer". Read 
more: https://nextjs.org/docs/messages/missing-suspense
-with-csr-bailout
    at o (C:\Users\OMEN\projects\revlo-vr\.next\server\
chunks\55112.js:61:31102)
    at c (C:\Users\OMEN\projects\revlo-vr\.next\server\
chunks\55112.js:61:42099)
    at o (C:\Users\OMEN\projects\revlo-vr\.next\server\
chunks\30443.js:1:1189)
    at nj (C:\Users\OMEN\projects\revlo-vr\node_modules
\next\dist\compiled\next-server\app-page.runtime.prod.j
s:12:46251)
    at nM (C:\Users\OMEN\projects\revlo-vr\node_modules
\next\dist\compiled\next-server\app-page.runtime.prod.j
s:12:47571)
    at nM (C:\Users\OMEN\projects\revlo-vr\node_modules
\next\dist\compiled\next-server\app-page.runtime.prod.j
s:12:61546)
    at nN (C:\Users\OMEN\projects\revlo-vr\node_modules
\next\dist\compiled\next-server\app-page.runtime.prod.j
s:12:64546)
    at nB (C:\Users\OMEN\projects\revlo-vr\node_modules
\next\dist\compiled\next-server\app-page.runtime.prod.j
s:12:67538)
    at nD (C:\Users\OMEN\projects\revlo-vr\node_modules
\next\dist\compiled\next-server\app-page.runtime.prod.j
s:12:66680)
    at nN (C:\Users\OMEN\projects\revlo-vr\node_modules
\next\dist\compiled\next-server\app-page.runtime.prod.j
s:12:64853)
    at nB (C:\Users\OMEN\projects\revlo-vr\node_modules
\next\dist\compiled\next-server\app-page.runtime.prod.j
s:12:67538)
    at nD (C:\Users\OMEN\projects\revlo-vr\node_modules
\next\dist\compiled\next-server\app-page.runtime.prod.j
s:12:66680)
    at nN (C:\Users\OMEN\projects\revlo-vr\node_modules
\next\dist\compiled\next-server\app-page.runtime.prod.j
s:12:64853)
    at nB (C:\Users\OMEN\projects\revlo-vr\node_modules
\next\dist\compiled\next-server\app-page.runtime.prod.j
s:12:67538)
    at nD (C:\Users\OMEN\projects\revlo-vr\node_modules
\next\dist\compiled\next-server\app-page.runtime.prod.j
s:12:66680)
    at nN (C:\Users\OMEN\projects\revlo-vr\node_modules
\next\dist\compiled\next-server\app-page.runtime.prod.j
s:12:64853)

Error occurred prerendering page 
"/projects/accounting/transactions/transfer". Read 
more: https://nextjs.org/docs/messages/prerender-error

 Γ¿» useSearchParams() should be wrapped in a suspense 
boundary at page "/projects/accounting/transactions". 
Read more: https://nextjs.org/docs/messages/missing-sus
pense-with-csr-bailout
    at o (C:\Users\OMEN\projects\revlo-vr\.next\server\
chunks\55112.js:61:31102)
    at c (C:\Users\OMEN\projects\revlo-vr\.next\server\
chunks\55112.js:61:42099)
    at o (C:\Users\OMEN\projects\revlo-vr\.next\server\
chunks\30443.js:1:1189)
    at nj (C:\Users\OMEN\projects\revlo-vr\node_modules
\next\dist\compiled\next-server\app-page.runtime.prod.j
s:12:46251)
    at nM (C:\Users\OMEN\projects\revlo-vr\node_modules
\next\dist\compiled\next-server\app-page.runtime.prod.j
s:12:47571)
    at nM (C:\Users\OMEN\projects\revlo-vr\node_modules
\next\dist\compiled\next-server\app-page.runtime.prod.j
s:12:61546)
    at nN (C:\Users\OMEN\projects\revlo-vr\node_modules
\next\dist\compiled\next-server\app-page.runtime.prod.j
s:12:64546)
    at nB (C:\Users\OMEN\projects\revlo-vr\node_modules
\next\dist\compiled\next-server\app-page.runtime.prod.j
s:12:67538)
    at nD (C:\Users\OMEN\projects\revlo-vr\node_modules
\next\dist\compiled\next-server\app-page.runtime.prod.j
s:12:66680)
    at nN (C:\Users\OMEN\projects\revlo-vr\node_modules
\next\dist\compiled\next-server\app-page.runtime.prod.j
s:12:64853)
    at nB (C:\Users\OMEN\projects\revlo-vr\node_modules
\next\dist\compiled\next-server\app-page.runtime.prod.j
s:12:67538)
    at nD (C:\Users\OMEN\projects\revlo-vr\node_modules
\next\dist\compiled\next-server\app-page.runtime.prod.j
s:12:66680)
    at nN (C:\Users\OMEN\projects\revlo-vr\node_modules
\next\dist\compiled\next-server\app-page.runtime.prod.j
s:12:64853)
    at nB (C:\Users\OMEN\projects\revlo-vr\node_modules
\next\dist\compiled\next-server\app-page.runtime.prod.j
s:12:67538)
    at nD (C:\Users\OMEN\projects\revlo-vr\node_modules
\next\dist\compiled\next-server\app-page.runtime.prod.j
s:12:66680)
    at nN (C:\Users\OMEN\projects\revlo-vr\node_modules
\next\dist\compiled\next-server\app-page.runtime.prod.j
s:12:64853)

Error occurred prerendering page 
"/projects/accounting/transactions". Read more: 
https://nextjs.org/docs/messages/prerender-error

 Γ¿» useSearchParams() should be wrapped in a suspense 
boundary at page "/projects/employees". Read more: http
s://nextjs.org/docs/messages/missing-suspense-with-csr-
bailout
    at o (C:\Users\OMEN\projects\revlo-vr\.next\server\
chunks\55112.js:61:31102)
    at c (C:\Users\OMEN\projects\revlo-vr\.next\server\
chunks\55112.js:61:42099)
    at o (C:\Users\OMEN\projects\revlo-vr\.next\server\
chunks\30443.js:1:1189)
    at nj (C:\Users\OMEN\projects\revlo-vr\node_modules
\next\dist\compiled\next-server\app-page.runtime.prod.j
s:12:46251)
    at nM (C:\Users\OMEN\projects\revlo-vr\node_modules
\next\dist\compiled\next-server\app-page.runtime.prod.j
s:12:47571)
    at nM (C:\Users\OMEN\projects\revlo-vr\node_modules
\next\dist\compiled\next-server\app-page.runtime.prod.j
s:12:61546)
    at nN (C:\Users\OMEN\projects\revlo-vr\node_modules
\next\dist\compiled\next-server\app-page.runtime.prod.j
s:12:64546)
    at nB (C:\Users\OMEN\projects\revlo-vr\node_modules
\next\dist\compiled\next-server\app-page.runtime.prod.j
s:12:67538)
    at nD (C:\Users\OMEN\projects\revlo-vr\node_modules
\next\dist\compiled\next-server\app-page.runtime.prod.j
s:12:66680)
    at nN (C:\Users\OMEN\projects\revlo-vr\node_modules
\next\dist\compiled\next-server\app-page.runtime.prod.j
s:12:64853)
    at nB (C:\Users\OMEN\projects\revlo-vr\node_modules
\next\dist\compiled\next-server\app-page.runtime.prod.j
s:12:67538)
    at nD (C:\Users\OMEN\projects\revlo-vr\node_modules
\next\dist\compiled\next-server\app-page.runtime.prod.j
s:12:66680)
    at nN (C:\Users\OMEN\projects\revlo-vr\node_modules
\next\dist\compiled\next-server\app-page.runtime.prod.j
s:12:64853)
    at nB (C:\Users\OMEN\projects\revlo-vr\node_modules
\next\dist\compiled\next-server\app-page.runtime.prod.j
s:12:67538)
    at nD (C:\Users\OMEN\projects\revlo-vr\node_modules
\next\dist\compiled\next-server\app-page.runtime.prod.j
s:12:66680)
    at nN (C:\Users\OMEN\projects\revlo-vr\node_modules
\next\dist\compiled\next-server\app-page.runtime.prod.j
s:12:64853)

Error occurred prerendering page 
"/projects/employees". Read more: 
https://nextjs.org/docs/messages/prerender-error

 Γ¿» useSearchParams() should be wrapped in a suspense 
boundary at page 
"/projects/accounting/transactions/add". Read more: htt
ps://nextjs.org/docs/messages/missing-suspense-with-csr
-bailout
    at o (C:\Users\OMEN\projects\revlo-vr\.next\server\
chunks\55112.js:61:31102)
    at c (C:\Users\OMEN\projects\revlo-vr\.next\server\
chunks\55112.js:61:42099)
    at o (C:\Users\OMEN\projects\revlo-vr\.next\server\
chunks\30443.js:1:1189)
    at nj (C:\Users\OMEN\projects\revlo-vr\node_modules
\next\dist\compiled\next-server\app-page.runtime.prod.j
s:12:46251)
    at nM (C:\Users\OMEN\projects\revlo-vr\node_modules
\next\dist\compiled\next-server\app-page.runtime.prod.j
s:12:47571)
    at nM (C:\Users\OMEN\projects\revlo-vr\node_modules
\next\dist\compiled\next-server\app-page.runtime.prod.j
s:12:61546)
    at nN (C:\Users\OMEN\projects\revlo-vr\node_modules
\next\dist\compiled\next-server\app-page.runtime.prod.j
s:12:64546)
    at nB (C:\Users\OMEN\projects\revlo-vr\node_modules
\next\dist\compiled\next-server\app-page.runtime.prod.j
s:12:67538)
    at nD (C:\Users\OMEN\projects\revlo-vr\node_modules
\next\dist\compiled\next-server\app-page.runtime.prod.j
s:12:66680)
    at nN (C:\Users\OMEN\projects\revlo-vr\node_modules
\next\dist\compiled\next-server\app-page.runtime.prod.j
s:12:64853)
    at nB (C:\Users\OMEN\projects\revlo-vr\node_modules
\next\dist\compiled\next-server\app-page.runtime.prod.j
s:12:67538)
    at nD (C:\Users\OMEN\projects\revlo-vr\node_modules
\next\dist\compiled\next-server\app-page.runtime.prod.j
s:12:66680)
    at nN (C:\Users\OMEN\projects\revlo-vr\node_modules
\next\dist\compiled\next-server\app-page.runtime.prod.j
s:12:64853)
    at nB (C:\Users\OMEN\projects\revlo-vr\node_modules
\next\dist\compiled\next-server\app-page.runtime.prod.j
s:12:67538)
    at nD (C:\Users\OMEN\projects\revlo-vr\node_modules
\next\dist\compiled\next-server\app-page.runtime.prod.j
s:12:66680)
    at nN (C:\Users\OMEN\projects\revlo-vr\node_modules
\next\dist\compiled\next-server\app-page.runtime.prod.j
s:12:64853)

Error occurred prerendering page 
"/projects/accounting/transactions/add". Read more: 
https://nextjs.org/docs/messages/prerender-error

 Γ¿» useSearchParams() should be wrapped in a suspense 
boundary at page "/projects/employees/add". Read more: 
https://nextjs.org/docs/messages/missing-suspense-with-
csr-bailout
    at o (C:\Users\OMEN\projects\revlo-vr\.next\server\
chunks\55112.js:61:31102)
    at c (C:\Users\OMEN\projects\revlo-vr\.next\server\
chunks\55112.js:61:42099)
    at o (C:\Users\OMEN\projects\revlo-vr\.next\server\
chunks\30443.js:1:1189)
    at nj (C:\Users\OMEN\projects\revlo-vr\node_modules
\next\dist\compiled\next-server\app-page.runtime.prod.j
s:12:46251)
    at nM (C:\Users\OMEN\projects\revlo-vr\node_modules
\next\dist\compiled\next-server\app-page.runtime.prod.j
s:12:47571)
    at nM (C:\Users\OMEN\projects\revlo-vr\node_modules
\next\dist\compiled\next-server\app-page.runtime.prod.j
s:12:61546)
    at nN (C:\Users\OMEN\projects\revlo-vr\node_modules
\next\dist\compiled\next-server\app-page.runtime.prod.j
s:12:64546)
    at nB (C:\Users\OMEN\projects\revlo-vr\node_modules
\next\dist\compiled\next-server\app-page.runtime.prod.j
s:12:67538)
    at nD (C:\Users\OMEN\projects\revlo-vr\node_modules
\next\dist\compiled\next-server\app-page.runtime.prod.j
s:12:66680)
    at nN (C:\Users\OMEN\projects\revlo-vr\node_modules
\next\dist\compiled\next-server\app-page.runtime.prod.j
s:12:64853)

Error occurred prerendering page 
"/projects/employees/add". Read more: 
https://nextjs.org/docs/messages/prerender-error

 Γ¿» useSearchParams() should be wrapped in a suspense 
boundary at page "/projects/customers/payments". Read 
more: https://nextjs.org/docs/messages/missing-suspense
-with-csr-bailout
    at o (C:\Users\OMEN\projects\revlo-vr\.next\server\
chunks\55112.js:61:31102)
    at c (C:\Users\OMEN\projects\revlo-vr\.next\server\
chunks\55112.js:61:42099)
    at o (C:\Users\OMEN\projects\revlo-vr\.next\server\
chunks\30443.js:1:1189)
    at nj (C:\Users\OMEN\projects\revlo-vr\node_modules
\next\dist\compiled\next-server\app-page.runtime.prod.j
s:12:46251)
    at nM (C:\Users\OMEN\projects\revlo-vr\node_modules
\next\dist\compiled\next-server\app-page.runtime.prod.j
s:12:47571)
    at nM (C:\Users\OMEN\projects\revlo-vr\node_modules
\next\dist\compiled\next-server\app-page.runtime.prod.j
s:12:61546)
    at nN (C:\Users\OMEN\projects\revlo-vr\node_modules
\next\dist\compiled\next-server\app-page.runtime.prod.j
s:12:64546)
    at nB (C:\Users\OMEN\projects\revlo-vr\node_modules
\next\dist\compiled\next-server\app-page.runtime.prod.j
s:12:67538)
    at nD (C:\Users\OMEN\projects\revlo-vr\node_modules
\next\dist\compiled\next-server\app-page.runtime.prod.j
s:12:66680)
    at nN (C:\Users\OMEN\projects\revlo-vr\node_modules
\next\dist\compiled\next-server\app-page.runtime.prod.j
s:12:64853)

Error occurred prerendering page 
"/projects/customers/payments". Read more: 
https://nextjs.org/docs/messages/prerender-error

TypeError: this.util.TextEncoder is not a constructor
    at new iW (C:\Users\OMEN\projects\revlo-vr\.next\se
rver\app\admin\page.js:8:48350)
    at 76631 (C:\Users\OMEN\projects\revlo-vr\.next\ser
ver\app\admin\page.js:8:49051)
    at Object.t [as require] (C:\Users\OMEN\projects\re
vlo-vr\.next\server\webpack-runtime.js:1:143)
    at require (C:\Users\OMEN\projects\revlo-vr\node_mo
dules\next\dist\compiled\next-server\app-page.runtime.p
rod.js:16:18490)
    at I (C:\Users\OMEN\projects\revlo-vr\node_modules\
next\dist\compiled\next-server\app-page.runtime.prod.js
:12:94362)
    at C:\Users\OMEN\projects\revlo-vr\node_modules\nex
t\dist\compiled\next-server\app-page.runtime.prod.js:12
:96668
    at F._fromJSON (C:\Users\OMEN\projects\revlo-vr\nod
e_modules\next\dist\compiled\next-server\app-page.runti
me.prod.js:12:97106)
    at JSON.parse (<anonymous>)
    at O (C:\Users\OMEN\projects\revlo-vr\node_modules\
next\dist\compiled\next-server\app-page.runtime.prod.js
:12:94083)
    at t (C:\Users\OMEN\projects\revlo-vr\node_modules\
next\dist\compiled\next-server\app-page.runtime.prod.js
:12:100582) {
  digest: '3957213139'
}

Error occurred prerendering page "/admin". Read more: 
https://nextjs.org/docs/messages/prerender-error

TypeError: this.util.TextEncoder is not a constructor
    at new iW (C:\Users\OMEN\projects\revlo-vr\.next\se
rver\app\admin\page.js:8:48350)
    at 76631 (C:\Users\OMEN\projects\revlo-vr\.next\ser
ver\app\admin\page.js:8:49051)
    at Object.t [as require] (C:\Users\OMEN\projects\re
vlo-vr\.next\server\webpack-runtime.js:1:143)
    at require (C:\Users\OMEN\projects\revlo-vr\node_mo
dules\next\dist\compiled\next-server\app-page.runtime.p
rod.js:16:18490)
    at I (C:\Users\OMEN\projects\revlo-vr\node_modules\
next\dist\compiled\next-server\app-page.runtime.prod.js
:12:94362)
    at C:\Users\OMEN\projects\revlo-vr\node_modules\nex
t\dist\compiled\next-server\app-page.runtime.prod.js:12
:96668
    at F._fromJSON (C:\Users\OMEN\projects\revlo-vr\nod
e_modules\next\dist\compiled\next-server\app-page.runti
me.prod.js:12:97106)
    at JSON.parse (<anonymous>)
    at O (C:\Users\OMEN\projects\revlo-vr\node_modules\
next\dist\compiled\next-server\app-page.runtime.prod.js
:12:94083)
    at t (C:\Users\OMEN\projects\revlo-vr\node_modules\
next\dist\compiled\next-server\app-page.runtime.prod.js
:12:100582)
 Γ¿» useSearchParams() should be wrapped in a suspense 
boundary at page "/projects/inventory/projects". Read 
more: https://nextjs.org/docs/messages/missing-suspense
-with-csr-bailout
    at o (C:\Users\OMEN\projects\revlo-vr\.next\server\
chunks\55112.js:61:31102)
    at c (C:\Users\OMEN\projects\revlo-vr\.next\server\
chunks\55112.js:61:42099)
    at o (C:\Users\OMEN\projects\revlo-vr\.next\server\
chunks\30443.js:1:1189)
    at nj (C:\Users\OMEN\projects\revlo-vr\node_modules
\next\dist\compiled\next-server\app-page.runtime.prod.j
s:12:46251)
    at nM (C:\Users\OMEN\projects\revlo-vr\node_modules
\next\dist\compiled\next-server\app-page.runtime.prod.j
s:12:47571)
    at nM (C:\Users\OMEN\projects\revlo-vr\node_modules
\next\dist\compiled\next-server\app-page.runtime.prod.j
s:12:61546)
    at nN (C:\Users\OMEN\projects\revlo-vr\node_modules
\next\dist\compiled\next-server\app-page.runtime.prod.j
s:12:64546)
    at nB (C:\Users\OMEN\projects\revlo-vr\node_modules
\next\dist\compiled\next-server\app-page.runtime.prod.j
s:12:67538)
    at nD (C:\Users\OMEN\projects\revlo-vr\node_modules
\next\dist\compiled\next-server\app-page.runtime.prod.j
s:12:66680)
    at nN (C:\Users\OMEN\projects\revlo-vr\node_modules
\next\dist\compiled\next-server\app-page.runtime.prod.j
s:12:64853)

Error occurred prerendering page 
"/projects/inventory/projects". Read more: 
https://nextjs.org/docs/messages/prerender-error

 Γ¿» useSearchParams() should be wrapped in a suspense 
boundary at page "/projects/inventory/store/add". Read 
more: https://nextjs.org/docs/messages/missing-suspense
-with-csr-bailout
    at o (C:\Users\OMEN\projects\revlo-vr\.next\server\
chunks\55112.js:61:31102)
    at c (C:\Users\OMEN\projects\revlo-vr\.next\server\
chunks\55112.js:61:42099)
    at o (C:\Users\OMEN\projects\revlo-vr\.next\server\
chunks\30443.js:1:1189)
    at nj (C:\Users\OMEN\projects\revlo-vr\node_modules
\next\dist\compiled\next-server\app-page.runtime.prod.j
s:12:46251)
    at nM (C:\Users\OMEN\projects\revlo-vr\node_modules
\next\dist\compiled\next-server\app-page.runtime.prod.j
s:12:47571)
    at nM (C:\Users\OMEN\projects\revlo-vr\node_modules
\next\dist\compiled\next-server\app-page.runtime.prod.j
s:12:61546)
    at nN (C:\Users\OMEN\projects\revlo-vr\node_modules
\next\dist\compiled\next-server\app-page.runtime.prod.j
s:12:64546)
    at nB (C:\Users\OMEN\projects\revlo-vr\node_modules
\next\dist\compiled\next-server\app-page.runtime.prod.j
s:12:67538)
    at nD (C:\Users\OMEN\projects\revlo-vr\node_modules
\next\dist\compiled\next-server\app-page.runtime.prod.j
s:12:66680)
    at nN (C:\Users\OMEN\projects\revlo-vr\node_modules
\next\dist\compiled\next-server\app-page.runtime.prod.j
s:12:64853)

Error occurred prerendering page 
"/projects/inventory/store/add". Read more: 
https://nextjs.org/docs/messages/prerender-error

 Γ¿» useSearchParams() should be wrapped in a suspense 
boundary at page "/projects/inventory/manufacturing". 
Read more: https://nextjs.org/docs/messages/missing-sus
pense-with-csr-bailout
    at o (C:\Users\OMEN\projects\revlo-vr\.next\server\
chunks\55112.js:61:31102)
    at c (C:\Users\OMEN\projects\revlo-vr\.next\server\
chunks\55112.js:61:42099)
    at o (C:\Users\OMEN\projects\revlo-vr\.next\server\
chunks\30443.js:1:1189)
    at nj (C:\Users\OMEN\projects\revlo-vr\node_modules
\next\dist\compiled\next-server\app-page.runtime.prod.j
s:12:46251)
    at nM (C:\Users\OMEN\projects\revlo-vr\node_modules
\next\dist\compiled\next-server\app-page.runtime.prod.j
s:12:47571)
    at nM (C:\Users\OMEN\projects\revlo-vr\node_modules
\next\dist\compiled\next-server\app-page.runtime.prod.j
s:12:61546)
    at nN (C:\Users\OMEN\projects\revlo-vr\node_modules
\next\dist\compiled\next-server\app-page.runtime.prod.j
s:12:64546)
    at nB (C:\Users\OMEN\projects\revlo-vr\node_modules
\next\dist\compiled\next-server\app-page.runtime.prod.j
s:12:67538)
    at nD (C:\Users\OMEN\projects\revlo-vr\node_modules
\next\dist\compiled\next-server\app-page.runtime.prod.j
s:12:66680)
    at nN (C:\Users\OMEN\projects\revlo-vr\node_modules
\next\dist\compiled\next-server\app-page.runtime.prod.j
s:12:64853)
    at nB (C:\Users\OMEN\projects\revlo-vr\node_modules
\next\dist\compiled\next-server\app-page.runtime.prod.j
s:12:67538)
    at nD (C:\Users\OMEN\projects\revlo-vr\node_modules
\next\dist\compiled\next-server\app-page.runtime.prod.j
s:12:66680)
    at nN (C:\Users\OMEN\projects\revlo-vr\node_modules
\next\dist\compiled\next-server\app-page.runtime.prod.j
s:12:64853)
    at nB (C:\Users\OMEN\projects\revlo-vr\node_modules
\next\dist\compiled\next-server\app-page.runtime.prod.j
s:12:67538)
    at nD (C:\Users\OMEN\projects\revlo-vr\node_modules
\next\dist\compiled\next-server\app-page.runtime.prod.j
s:12:66680)
    at nN (C:\Users\OMEN\projects\revlo-vr\node_modules
\next\dist\compiled\next-server\app-page.runtime.prod.j
s:12:64853)

Error occurred prerendering page 
"/projects/inventory/manufacturing". Read more: 
https://nextjs.org/docs/messages/prerender-error

 Γ¿» useSearchParams() should be wrapped in a suspense 
boundary at page "/projects/inventory/expenses". Read 
more: https://nextjs.org/docs/messages/missing-suspense
-with-csr-bailout
    at o (C:\Users\OMEN\projects\revlo-vr\.next\server\
chunks\55112.js:61:31102)
    at c (C:\Users\OMEN\projects\revlo-vr\.next\server\
chunks\55112.js:61:42099)
    at o (C:\Users\OMEN\projects\revlo-vr\.next\server\
chunks\30443.js:1:1189)
    at nj (C:\Users\OMEN\projects\revlo-vr\node_modules
\next\dist\compiled\next-server\app-page.runtime.prod.j
s:12:46251)
    at nM (C:\Users\OMEN\projects\revlo-vr\node_modules
\next\dist\compiled\next-server\app-page.runtime.prod.j
s:12:47571)
    at nM (C:\Users\OMEN\projects\revlo-vr\node_modules
\next\dist\compiled\next-server\app-page.runtime.prod.j
s:12:61546)
    at nN (C:\Users\OMEN\projects\revlo-vr\node_modules
\next\dist\compiled\next-server\app-page.runtime.prod.j
s:12:64546)
    at nB (C:\Users\OMEN\projects\revlo-vr\node_modules
\next\dist\compiled\next-server\app-page.runtime.prod.j
s:12:67538)
    at nD (C:\Users\OMEN\projects\revlo-vr\node_modules
\next\dist\compiled\next-server\app-page.runtime.prod.j
s:12:66680)
    at nN (C:\Users\OMEN\projects\revlo-vr\node_modules
\next\dist\compiled\next-server\app-page.runtime.prod.j
s:12:64853)

Error occurred prerendering page 
"/projects/inventory/expenses". Read more: 
https://nextjs.org/docs/messages/prerender-error

 Γ¿» useSearchParams() should be wrapped in a suspense 
boundary at page "/projects/expenses/edit". Read more: 
https://nextjs.org/docs/messages/missing-suspense-with-
csr-bailout
    at o (C:\Users\OMEN\projects\revlo-vr\.next\server\
chunks\55112.js:61:31102)
    at c (C:\Users\OMEN\projects\revlo-vr\.next\server\
chunks\55112.js:61:42099)
    at o (C:\Users\OMEN\projects\revlo-vr\.next\server\
chunks\30443.js:1:1189)
    at nj (C:\Users\OMEN\projects\revlo-vr\node_modules
\next\dist\compiled\next-server\app-page.runtime.prod.j
s:12:46251)
    at nM (C:\Users\OMEN\projects\revlo-vr\node_modules
\next\dist\compiled\next-server\app-page.runtime.prod.j
s:12:47571)
    at nM (C:\Users\OMEN\projects\revlo-vr\node_modules
\next\dist\compiled\next-server\app-page.runtime.prod.j
s:12:61546)
    at nN (C:\Users\OMEN\projects\revlo-vr\node_modules
\next\dist\compiled\next-server\app-page.runtime.prod.j
s:12:64546)
    at nB (C:\Users\OMEN\projects\revlo-vr\node_modules
\next\dist\compiled\next-server\app-page.runtime.prod.j
s:12:67538)
    at nD (C:\Users\OMEN\projects\revlo-vr\node_modules
\next\dist\compiled\next-server\app-page.runtime.prod.j
s:12:66680)
    at nN (C:\Users\OMEN\projects\revlo-vr\node_modules
\next\dist\compiled\next-server\app-page.runtime.prod.j
s:12:64853)
    at nB (C:\Users\OMEN\projects\revlo-vr\node_modules
\next\dist\compiled\next-server\app-page.runtime.prod.j
s:12:67538)
    at nD (C:\Users\OMEN\projects\revlo-vr\node_modules
\next\dist\compiled\next-server\app-page.runtime.prod.j
s:12:66680)
    at nN (C:\Users\OMEN\projects\revlo-vr\node_modules
\next\dist\compiled\next-server\app-page.runtime.prod.j
s:12:64853)
    at nB (C:\Users\OMEN\projects\revlo-vr\node_modules
\next\dist\compiled\next-server\app-page.runtime.prod.j
s:12:67538)
    at nD (C:\Users\OMEN\projects\revlo-vr\node_modules
\next\dist\compiled\next-server\app-page.runtime.prod.j
s:12:66680)
    at nN (C:\Users\OMEN\projects\revlo-vr\node_modules
\next\dist\compiled\next-server\app-page.runtime.prod.j
s:12:64853)

Error occurred prerendering page 
"/projects/expenses/edit". Read more: 
https://nextjs.org/docs/messages/prerender-error

 Γ¿» useSearchParams() should be wrapped in a suspense 
boundary at page "/projects/inventory". Read more: http
s://nextjs.org/docs/messages/missing-suspense-with-csr-
bailout
    at o (C:\Users\OMEN\projects\revlo-vr\.next\server\
chunks\55112.js:61:31102)
    at c (C:\Users\OMEN\projects\revlo-vr\.next\server\
chunks\55112.js:61:42099)
    at o (C:\Users\OMEN\projects\revlo-vr\.next\server\
chunks\30443.js:1:1189)
    at nj (C:\Users\OMEN\projects\revlo-vr\node_modules
\next\dist\compiled\next-server\app-page.runtime.prod.j
s:12:46251)
    at nM (C:\Users\OMEN\projects\revlo-vr\node_modules
\next\dist\compiled\next-server\app-page.runtime.prod.j
s:12:47571)
    at nM (C:\Users\OMEN\projects\revlo-vr\node_modules
\next\dist\compiled\next-server\app-page.runtime.prod.j
s:12:61546)
    at nN (C:\Users\OMEN\projects\revlo-vr\node_modules
\next\dist\compiled\next-server\app-page.runtime.prod.j
s:12:64546)
    at nB (C:\Users\OMEN\projects\revlo-vr\node_modules
\next\dist\compiled\next-server\app-page.runtime.prod.j
s:12:67538)
    at nD (C:\Users\OMEN\projects\revlo-vr\node_modules
\next\dist\compiled\next-server\app-page.runtime.prod.j
s:12:66680)
    at nN (C:\Users\OMEN\projects\revlo-vr\node_modules
\next\dist\compiled\next-server\app-page.runtime.prod.j
s:12:64853)
    at nB (C:\Users\OMEN\projects\revlo-vr\node_modules
\next\dist\compiled\next-server\app-page.runtime.prod.j
s:12:67538)
    at nD (C:\Users\OMEN\projects\revlo-vr\node_modules
\next\dist\compiled\next-server\app-page.runtime.prod.j
s:12:66680)
    at nN (C:\Users\OMEN\projects\revlo-vr\node_modules
\next\dist\compiled\next-server\app-page.runtime.prod.j
s:12:64853)
    at nB (C:\Users\OMEN\projects\revlo-vr\node_modules
\next\dist\compiled\next-server\app-page.runtime.prod.j
s:12:67538)
    at nD (C:\Users\OMEN\projects\revlo-vr\node_modules
\next\dist\compiled\next-server\app-page.runtime.prod.j
s:12:66680)
    at nN (C:\Users\OMEN\projects\revlo-vr\node_modules
\next\dist\compiled\next-server\app-page.runtime.prod.j
s:12:64853)

Error occurred prerendering page 
"/projects/inventory". Read more: 
https://nextjs.org/docs/messages/prerender-error

 Γ¿» useSearchParams() should be wrapped in a suspense 
boundary at page "/projects/expenses/bulk-import". 
Read more: https://nextjs.org/docs/messages/missing-sus
pense-with-csr-bailout
    at o (C:\Users\OMEN\projects\revlo-vr\.next\server\
chunks\55112.js:61:31102)
    at c (C:\Users\OMEN\projects\revlo-vr\.next\server\
chunks\55112.js:61:42099)
    at o (C:\Users\OMEN\projects\revlo-vr\.next\server\
chunks\30443.js:1:1189)
    at nj (C:\Users\OMEN\projects\revlo-vr\node_modules
\next\dist\compiled\next-server\app-page.runtime.prod.j
s:12:46251)
    at nM (C:\Users\OMEN\projects\revlo-vr\node_modules
\next\dist\compiled\next-server\app-page.runtime.prod.j
s:12:47571)
    at nM (C:\Users\OMEN\projects\revlo-vr\node_modules
\next\dist\compiled\next-server\app-page.runtime.prod.j
s:12:61546)
    at nN (C:\Users\OMEN\projects\revlo-vr\node_modules
\next\dist\compiled\next-server\app-page.runtime.prod.j
s:12:64546)
    at nB (C:\Users\OMEN\projects\revlo-vr\node_modules
\next\dist\compiled\next-server\app-page.runtime.prod.j
s:12:67538)
    at nD (C:\Users\OMEN\projects\revlo-vr\node_modules
\next\dist\compiled\next-server\app-page.runtime.prod.j
s:12:66680)
    at nN (C:\Users\OMEN\projects\revlo-vr\node_modules
\next\dist\compiled\next-server\app-page.runtime.prod.j
s:12:64853)
    at nB (C:\Users\OMEN\projects\revlo-vr\node_modules
\next\dist\compiled\next-server\app-page.runtime.prod.j
s:12:67538)
    at nD (C:\Users\OMEN\projects\revlo-vr\node_modules
\next\dist\compiled\next-server\app-page.runtime.prod.j
s:12:66680)
    at nN (C:\Users\OMEN\projects\revlo-vr\node_modules
\next\dist\compiled\next-server\app-page.runtime.prod.j
s:12:64853)
    at nB (C:\Users\OMEN\projects\revlo-vr\node_modules
\next\dist\compiled\next-server\app-page.runtime.prod.j
s:12:67538)
    at nD (C:\Users\OMEN\projects\revlo-vr\node_modules
\next\dist\compiled\next-server\app-page.runtime.prod.j
s:12:66680)
    at nN (C:\Users\OMEN\projects\revlo-vr\node_modules
\next\dist\compiled\next-server\app-page.runtime.prod.j
s:12:64853)

Error occurred prerendering page 
"/projects/expenses/bulk-import". Read more: 
https://nextjs.org/docs/messages/prerender-error

 Γ¿» useSearchParams() should be wrapped in a suspense 
boundary at page "/projects/expenses/add". Read more: h
ttps://nextjs.org/docs/messages/missing-suspense-with-c
sr-bailout
    at o (C:\Users\OMEN\projects\revlo-vr\.next\server\
chunks\55112.js:61:31102)
    at c (C:\Users\OMEN\projects\revlo-vr\.next\server\
chunks\55112.js:61:42099)
    at o (C:\Users\OMEN\projects\revlo-vr\.next\server\
chunks\30443.js:1:1189)
    at nj (C:\Users\OMEN\projects\revlo-vr\node_modules
\next\dist\compiled\next-server\app-page.runtime.prod.j
s:12:46251)
    at nM (C:\Users\OMEN\projects\revlo-vr\node_modules
\next\dist\compiled\next-server\app-page.runtime.prod.j
s:12:47571)
    at nM (C:\Users\OMEN\projects\revlo-vr\node_modules
\next\dist\compiled\next-server\app-page.runtime.prod.j
s:12:61546)
    at nN (C:\Users\OMEN\projects\revlo-vr\node_modules
\next\dist\compiled\next-server\app-page.runtime.prod.j
s:12:64546)
    at nB (C:\Users\OMEN\projects\revlo-vr\node_modules
\next\dist\compiled\next-server\app-page.runtime.prod.j
s:12:67538)
    at nD (C:\Users\OMEN\projects\revlo-vr\node_modules
\next\dist\compiled\next-server\app-page.runtime.prod.j
s:12:66680)
    at nN (C:\Users\OMEN\projects\revlo-vr\node_modules
\next\dist\compiled\next-server\app-page.runtime.prod.j
s:12:64853)
    at nB (C:\Users\OMEN\projects\revlo-vr\node_modules
\next\dist\compiled\next-server\app-page.runtime.prod.j
s:12:67538)
    at nD (C:\Users\OMEN\projects\revlo-vr\node_modules
\next\dist\compiled\next-server\app-page.runtime.prod.j
s:12:66680)
    at nN (C:\Users\OMEN\projects\revlo-vr\node_modules
\next\dist\compiled\next-server\app-page.runtime.prod.j
s:12:64853)
    at nB (C:\Users\OMEN\projects\revlo-vr\node_modules
\next\dist\compiled\next-server\app-page.runtime.prod.j
s:12:67538)
    at nD (C:\Users\OMEN\projects\revlo-vr\node_modules
\next\dist\compiled\next-server\app-page.runtime.prod.j
s:12:66680)
    at nN (C:\Users\OMEN\projects\revlo-vr\node_modules
\next\dist\compiled\next-server\app-page.runtime.prod.j
s:12:64853)

Error occurred prerendering page 
"/projects/expenses/add". Read more: 
https://nextjs.org/docs/messages/prerender-error

 Γ¿» useSearchParams() should be wrapped in a suspense 
boundary at page "/projects/inventory/store". Read 
more: https://nextjs.org/docs/messages/missing-suspense
-with-csr-bailout
    at o (C:\Users\OMEN\projects\revlo-vr\.next\server\
chunks\55112.js:61:31102)
    at c (C:\Users\OMEN\projects\revlo-vr\.next\server\
chunks\55112.js:61:42099)
    at o (C:\Users\OMEN\projects\revlo-vr\.next\server\
chunks\30443.js:1:1189)
    at nj (C:\Users\OMEN\projects\revlo-vr\node_modules
\next\dist\compiled\next-server\app-page.runtime.prod.j
s:12:46251)
    at nM (C:\Users\OMEN\projects\revlo-vr\node_modules
\next\dist\compiled\next-server\app-page.runtime.prod.j
s:12:47571)
    at nM (C:\Users\OMEN\projects\revlo-vr\node_modules
\next\dist\compiled\next-server\app-page.runtime.prod.j
s:12:61546)
    at nN (C:\Users\OMEN\projects\revlo-vr\node_modules
\next\dist\compiled\next-server\app-page.runtime.prod.j
s:12:64546)
    at nB (C:\Users\OMEN\projects\revlo-vr\node_modules
\next\dist\compiled\next-server\app-page.runtime.prod.j
s:12:67538)
    at nD (C:\Users\OMEN\projects\revlo-vr\node_modules
\next\dist\compiled\next-server\app-page.runtime.prod.j
s:12:66680)
    at nN (C:\Users\OMEN\projects\revlo-vr\node_modules
\next\dist\compiled\next-server\app-page.runtime.prod.j
s:12:64853)

Error occurred prerendering page 
"/projects/inventory/store". Read more: 
https://nextjs.org/docs/messages/prerender-error

 Γ¿» useSearchParams() should be wrapped in a suspense 
boundary at page "/recycle-bin". Read more: https://nex
tjs.org/docs/messages/missing-suspense-with-csr-bailout
    at o (C:\Users\OMEN\projects\revlo-vr\.next\server\
chunks\55112.js:61:31102)
    at c (C:\Users\OMEN\projects\revlo-vr\.next\server\
chunks\55112.js:61:42099)
    at o (C:\Users\OMEN\projects\revlo-vr\.next\server\
chunks\30443.js:1:1189)
    at nj (C:\Users\OMEN\projects\revlo-vr\node_modules
\next\dist\compiled\next-server\app-page.runtime.prod.j
s:12:46251)
    at nM (C:\Users\OMEN\projects\revlo-vr\node_modules
\next\dist\compiled\next-server\app-page.runtime.prod.j
s:12:47571)
    at nM (C:\Users\OMEN\projects\revlo-vr\node_modules
\next\dist\compiled\next-server\app-page.runtime.prod.j
s:12:61546)
    at nN (C:\Users\OMEN\projects\revlo-vr\node_modules
\next\dist\compiled\next-server\app-page.runtime.prod.j
s:12:64546)
    at nB (C:\Users\OMEN\projects\revlo-vr\node_modules
\next\dist\compiled\next-server\app-page.runtime.prod.j
s:12:67538)
    at nD (C:\Users\OMEN\projects\revlo-vr\node_modules
\next\dist\compiled\next-server\app-page.runtime.prod.j
s:12:66680)
    at nN (C:\Users\OMEN\projects\revlo-vr\node_modules
\next\dist\compiled\next-server\app-page.runtime.prod.j
s:12:64853)

Error occurred prerendering page "/recycle-bin". Read 
more: https://nextjs.org/docs/messages/prerender-error

 Γ¿» useSearchParams() should be wrapped in a suspense 
boundary at page "/reports/cashbook". Read more: https:
//nextjs.org/docs/messages/missing-suspense-with-csr-ba
ilout
    at o (C:\Users\OMEN\projects\revlo-vr\.next\server\
chunks\55112.js:61:31102)
    at c (C:\Users\OMEN\projects\revlo-vr\.next\server\
chunks\55112.js:61:42099)
    at o (C:\Users\OMEN\projects\revlo-vr\.next\server\
chunks\30443.js:1:1189)
    at nj (C:\Users\OMEN\projects\revlo-vr\node_modules
\next\dist\compiled\next-server\app-page.runtime.prod.j
s:12:46251)
    at nM (C:\Users\OMEN\projects\revlo-vr\node_modules
\next\dist\compiled\next-server\app-page.runtime.prod.j
s:12:47571)
    at nM (C:\Users\OMEN\projects\revlo-vr\node_modules
\next\dist\compiled\next-server\app-page.runtime.prod.j
s:12:61546)
    at nN (C:\Users\OMEN\projects\revlo-vr\node_modules
\next\dist\compiled\next-server\app-page.runtime.prod.j
s:12:64546)
    at nB (C:\Users\OMEN\projects\revlo-vr\node_modules
\next\dist\compiled\next-server\app-page.runtime.prod.j
s:12:67538)
    at nD (C:\Users\OMEN\projects\revlo-vr\node_modules
\next\dist\compiled\next-server\app-page.runtime.prod.j
s:12:66680)
    at nN (C:\Users\OMEN\projects\revlo-vr\node_modules
\next\dist\compiled\next-server\app-page.runtime.prod.j
s:12:64853)
    at nB (C:\Users\OMEN\projects\revlo-vr\node_modules
\next\dist\compiled\next-server\app-page.runtime.prod.j
s:12:67538)
    at nD (C:\Users\OMEN\projects\revlo-vr\node_modules
\next\dist\compiled\next-server\app-page.runtime.prod.j
s:12:66680)
    at nN (C:\Users\OMEN\projects\revlo-vr\node_modules
\next\dist\compiled\next-server\app-page.runtime.prod.j
s:12:64853)
    at nB (C:\Users\OMEN\projects\revlo-vr\node_modules
\next\dist\compiled\next-server\app-page.runtime.prod.j
s:12:67538)
    at nD (C:\Users\OMEN\projects\revlo-vr\node_modules
\next\dist\compiled\next-server\app-page.runtime.prod.j
s:12:66680)
    at nN (C:\Users\OMEN\projects\revlo-vr\node_modules
\next\dist\compiled\next-server\app-page.runtime.prod.j
s:12:64853)

Error occurred prerendering page "/reports/cashbook". 
Read more: 
https://nextjs.org/docs/messages/prerender-error

 Γ¿» useSearchParams() should be wrapped in a suspense 
boundary at page "/reports/bankbook". Read more: https:
//nextjs.org/docs/messages/missing-suspense-with-csr-ba
ilout
    at o (C:\Users\OMEN\projects\revlo-vr\.next\server\
chunks\55112.js:61:31102)
    at c (C:\Users\OMEN\projects\revlo-vr\.next\server\
chunks\55112.js:61:42099)
    at o (C:\Users\OMEN\projects\revlo-vr\.next\server\
chunks\30443.js:1:1189)
    at nj (C:\Users\OMEN\projects\revlo-vr\node_modules
\next\dist\compiled\next-server\app-page.runtime.prod.j
s:12:46251)
    at nM (C:\Users\OMEN\projects\revlo-vr\node_modules
\next\dist\compiled\next-server\app-page.runtime.prod.j
s:12:47571)
    at nM (C:\Users\OMEN\projects\revlo-vr\node_modules
\next\dist\compiled\next-server\app-page.runtime.prod.j
s:12:61546)
    at nN (C:\Users\OMEN\projects\revlo-vr\node_modules
\next\dist\compiled\next-server\app-page.runtime.prod.j
s:12:64546)
    at nB (C:\Users\OMEN\projects\revlo-vr\node_modules
\next\dist\compiled\next-server\app-page.runtime.prod.j
s:12:67538)
    at nD (C:\Users\OMEN\projects\revlo-vr\node_modules
\next\dist\compiled\next-server\app-page.runtime.prod.j
s:12:66680)
    at nN (C:\Users\OMEN\projects\revlo-vr\node_modules
\next\dist\compiled\next-server\app-page.runtime.prod.j
s:12:64853)
    at nB (C:\Users\OMEN\projects\revlo-vr\node_modules
\next\dist\compiled\next-server\app-page.runtime.prod.j
s:12:67538)
    at nD (C:\Users\OMEN\projects\revlo-vr\node_modules
\next\dist\compiled\next-server\app-page.runtime.prod.j
s:12:66680)
    at nN (C:\Users\OMEN\projects\revlo-vr\node_modules
\next\dist\compiled\next-server\app-page.runtime.prod.j
s:12:64853)
    at nB (C:\Users\OMEN\projects\revlo-vr\node_modules
\next\dist\compiled\next-server\app-page.runtime.prod.j
s:12:67538)
    at nD (C:\Users\OMEN\projects\revlo-vr\node_modules
\next\dist\compiled\next-server\app-page.runtime.prod.j
s:12:66680)
    at nN (C:\Users\OMEN\projects\revlo-vr\node_modules
\next\dist\compiled\next-server\app-page.runtime.prod.j
s:12:64853)

Error occurred prerendering page "/reports/bankbook". 
Read more: 
https://nextjs.org/docs/messages/prerender-error

 Γ¿» useSearchParams() should be wrapped in a suspense 
boundary at page "/reports/custom". Read more: https://
nextjs.org/docs/messages/missing-suspense-with-csr-bail
out
    at o (C:\Users\OMEN\projects\revlo-vr\.next\server\
chunks\55112.js:61:31102)
    at c (C:\Users\OMEN\projects\revlo-vr\.next\server\
chunks\55112.js:61:42099)
    at o (C:\Users\OMEN\projects\revlo-vr\.next\server\
chunks\30443.js:1:1189)
    at nj (C:\Users\OMEN\projects\revlo-vr\node_modules
\next\dist\compiled\next-server\app-page.runtime.prod.j
s:12:46251)
    at nM (C:\Users\OMEN\projects\revlo-vr\node_modules
\next\dist\compiled\next-server\app-page.runtime.prod.j
s:12:47571)
    at nM (C:\Users\OMEN\projects\revlo-vr\node_modules
\next\dist\compiled\next-server\app-page.runtime.prod.j
s:12:61546)
    at nN (C:\Users\OMEN\projects\revlo-vr\node_modules
\next\dist\compiled\next-server\app-page.runtime.prod.j
s:12:64546)
    at nB (C:\Users\OMEN\projects\revlo-vr\node_modules
\next\dist\compiled\next-server\app-page.runtime.prod.j
s:12:67538)
    at nD (C:\Users\OMEN\projects\revlo-vr\node_modules
\next\dist\compiled\next-server\app-page.runtime.prod.j
s:12:66680)
    at nN (C:\Users\OMEN\projects\revlo-vr\node_modules
\next\dist\compiled\next-server\app-page.runtime.prod.j
s:12:64853)
    at nB (C:\Users\OMEN\projects\revlo-vr\node_modules
\next\dist\compiled\next-server\app-page.runtime.prod.j
s:12:67538)
    at nD (C:\Users\OMEN\projects\revlo-vr\node_modules
\next\dist\compiled\next-server\app-page.runtime.prod.j
s:12:66680)
    at nN (C:\Users\OMEN\projects\revlo-vr\node_modules
\next\dist\compiled\next-server\app-page.runtime.prod.j
s:12:64853)
    at nB (C:\Users\OMEN\projects\revlo-vr\node_modules
\next\dist\compiled\next-server\app-page.runtime.prod.j
s:12:67538)
    at nD (C:\Users\OMEN\projects\revlo-vr\node_modules
\next\dist\compiled\next-server\app-page.runtime.prod.j
s:12:66680)
    at nN (C:\Users\OMEN\projects\revlo-vr\node_modules
\next\dist\compiled\next-server\app-page.runtime.prod.j
s:12:64853)

Error occurred prerendering page "/reports/custom". 
Read more: 
https://nextjs.org/docs/messages/prerender-error

 Γ¿» useSearchParams() should be wrapped in a suspense 
boundary at page "/reports/debts". Read more: https://n
extjs.org/docs/messages/missing-suspense-with-csr-bailo
ut
    at o (C:\Users\OMEN\projects\revlo-vr\.next\server\
chunks\55112.js:61:31102)
    at c (C:\Users\OMEN\projects\revlo-vr\.next\server\
chunks\55112.js:61:42099)
    at o (C:\Users\OMEN\projects\revlo-vr\.next\server\
chunks\30443.js:1:1189)
    at nj (C:\Users\OMEN\projects\revlo-vr\node_modules
\next\dist\compiled\next-server\app-page.runtime.prod.j
s:12:46251)
    at nM (C:\Users\OMEN\projects\revlo-vr\node_modules
\next\dist\compiled\next-server\app-page.runtime.prod.j
s:12:47571)
    at nM (C:\Users\OMEN\projects\revlo-vr\node_modules
\next\dist\compiled\next-server\app-page.runtime.prod.j
s:12:61546)
    at nN (C:\Users\OMEN\projects\revlo-vr\node_modules
\next\dist\compiled\next-server\app-page.runtime.prod.j
s:12:64546)
    at nB (C:\Users\OMEN\projects\revlo-vr\node_modules
\next\dist\compiled\next-server\app-page.runtime.prod.j
s:12:67538)
    at nD (C:\Users\OMEN\projects\revlo-vr\node_modules
\next\dist\compiled\next-server\app-page.runtime.prod.j
s:12:66680)
    at nN (C:\Users\OMEN\projects\revlo-vr\node_modules
\next\dist\compiled\next-server\app-page.runtime.prod.j
s:12:64853)

Error occurred prerendering page "/reports/debts". 
Read more: 
https://nextjs.org/docs/messages/prerender-error

 Γ¿» useSearchParams() should be wrapped in a suspense 
boundary at page "/projects/vendors". Read more: https:
//nextjs.org/docs/messages/missing-suspense-with-csr-ba
ilout
    at o (C:\Users\OMEN\projects\revlo-vr\.next\server\
chunks\55112.js:61:31102)
    at c (C:\Users\OMEN\projects\revlo-vr\.next\server\
chunks\55112.js:61:42099)
    at o (C:\Users\OMEN\projects\revlo-vr\.next\server\
chunks\30443.js:1:1189)
    at nj (C:\Users\OMEN\projects\revlo-vr\node_modules
\next\dist\compiled\next-server\app-page.runtime.prod.j
s:12:46251)
    at nM (C:\Users\OMEN\projects\revlo-vr\node_modules
\next\dist\compiled\next-server\app-page.runtime.prod.j
s:12:47571)
    at nM (C:\Users\OMEN\projects\revlo-vr\node_modules
\next\dist\compiled\next-server\app-page.runtime.prod.j
s:12:61546)
    at nN (C:\Users\OMEN\projects\revlo-vr\node_modules
\next\dist\compiled\next-server\app-page.runtime.prod.j
s:12:64546)
    at nB (C:\Users\OMEN\projects\revlo-vr\node_modules
\next\dist\compiled\next-server\app-page.runtime.prod.j
s:12:67538)
    at nD (C:\Users\OMEN\projects\revlo-vr\node_modules
\next\dist\compiled\next-server\app-page.runtime.prod.j
s:12:66680)
    at nN (C:\Users\OMEN\projects\revlo-vr\node_modules
\next\dist\compiled\next-server\app-page.runtime.prod.j
s:12:64853)

Error occurred prerendering page "/projects/vendors". 
Read more: 
https://nextjs.org/docs/messages/prerender-error

 Γ¿» useSearchParams() should be wrapped in a suspense 
boundary at page "/projects/accounting". Read more: htt
ps://nextjs.org/docs/messages/missing-suspense-with-csr
-bailout
    at o (C:\Users\OMEN\projects\revlo-vr\.next\server\
chunks\55112.js:61:31102)
    at c (C:\Users\OMEN\projects\revlo-vr\.next\server\
chunks\55112.js:61:42099)
    at o (C:\Users\OMEN\projects\revlo-vr\.next\server\
chunks\30443.js:1:1189)
    at nj (C:\Users\OMEN\projects\revlo-vr\node_modules
\next\dist\compiled\next-server\app-page.runtime.prod.j
s:12:46251)
    at nM (C:\Users\OMEN\projects\revlo-vr\node_modules
\next\dist\compiled\next-server\app-page.runtime.prod.j
s:12:47571)
    at nM (C:\Users\OMEN\projects\revlo-vr\node_modules
\next\dist\compiled\next-server\app-page.runtime.prod.j
s:12:61546)
    at nN (C:\Users\OMEN\projects\revlo-vr\node_modules
\next\dist\compiled\next-server\app-page.runtime.prod.j
s:12:64546)
    at nB (C:\Users\OMEN\projects\revlo-vr\node_modules
\next\dist\compiled\next-server\app-page.runtime.prod.j
s:12:67538)
    at nD (C:\Users\OMEN\projects\revlo-vr\node_modules
\next\dist\compiled\next-server\app-page.runtime.prod.j
s:12:66680)
    at nN (C:\Users\OMEN\projects\revlo-vr\node_modules
\next\dist\compiled\next-server\app-page.runtime.prod.j
s:12:64853)
    at nB (C:\Users\OMEN\projects\revlo-vr\node_modules
\next\dist\compiled\next-server\app-page.runtime.prod.j
s:12:67538)
    at nD (C:\Users\OMEN\projects\revlo-vr\node_modules
\next\dist\compiled\next-server\app-page.runtime.prod.j
s:12:66680)
    at nN (C:\Users\OMEN\projects\revlo-vr\node_modules
\next\dist\compiled\next-server\app-page.runtime.prod.j
s:12:64853)
    at nB (C:\Users\OMEN\projects\revlo-vr\node_modules
\next\dist\compiled\next-server\app-page.runtime.prod.j
s:12:67538)
    at nD (C:\Users\OMEN\projects\revlo-vr\node_modules
\next\dist\compiled\next-server\app-page.runtime.prod.j
s:12:66680)
    at nN (C:\Users\OMEN\projects\revlo-vr\node_modules
\next\dist\compiled\next-server\app-page.runtime.prod.j
s:12:64853)

Error occurred prerendering page 
"/projects/accounting". Read more: 
https://nextjs.org/docs/messages/prerender-error

 Γ¿» useSearchParams() should be wrapped in a suspense 
boundary at page "/projects/main/add". Read more: https
://nextjs.org/docs/messages/missing-suspense-with-csr-b
ailout
    at o (C:\Users\OMEN\projects\revlo-vr\.next\server\
chunks\55112.js:61:31102)
    at c (C:\Users\OMEN\projects\revlo-vr\.next\server\
chunks\55112.js:61:42099)
    at o (C:\Users\OMEN\projects\revlo-vr\.next\server\
chunks\30443.js:1:1189)
    at nj (C:\Users\OMEN\projects\revlo-vr\node_modules
\next\dist\compiled\next-server\app-page.runtime.prod.j
s:12:46251)
    at nM (C:\Users\OMEN\projects\revlo-vr\node_modules
\next\dist\compiled\next-server\app-page.runtime.prod.j
s:12:47571)
    at nM (C:\Users\OMEN\projects\revlo-vr\node_modules
\next\dist\compiled\next-server\app-page.runtime.prod.j
s:12:61546)
    at nN (C:\Users\OMEN\projects\revlo-vr\node_modules
\next\dist\compiled\next-server\app-page.runtime.prod.j
s:12:64546)
    at nB (C:\Users\OMEN\projects\revlo-vr\node_modules
\next\dist\compiled\next-server\app-page.runtime.prod.j
s:12:67538)
    at nD (C:\Users\OMEN\projects\revlo-vr\node_modules
\next\dist\compiled\next-server\app-page.runtime.prod.j
s:12:66680)
    at nN (C:\Users\OMEN\projects\revlo-vr\node_modules
\next\dist\compiled\next-server\app-page.runtime.prod.j
s:12:64853)

Error occurred prerendering page "/projects/main/add". 
Read more: 
https://nextjs.org/docs/messages/prerender-error

 Γ¿» useSearchParams() should be wrapped in a suspense 
boundary at page "/projects/vendors/add". Read more: ht
tps://nextjs.org/docs/messages/missing-suspense-with-cs
r-bailout
    at o (C:\Users\OMEN\projects\revlo-vr\.next\server\
chunks\55112.js:61:31102)
    at c (C:\Users\OMEN\projects\revlo-vr\.next\server\
chunks\55112.js:61:42099)
    at o (C:\Users\OMEN\projects\revlo-vr\.next\server\
chunks\30443.js:1:1189)
    at nj (C:\Users\OMEN\projects\revlo-vr\node_modules
\next\dist\compiled\next-server\app-page.runtime.prod.j
s:12:46251)
    at nM (C:\Users\OMEN\projects\revlo-vr\node_modules
\next\dist\compiled\next-server\app-page.runtime.prod.j
s:12:47571)
    at nM (C:\Users\OMEN\projects\revlo-vr\node_modules
\next\dist\compiled\next-server\app-page.runtime.prod.j
s:12:61546)
    at nN (C:\Users\OMEN\projects\revlo-vr\node_modules
\next\dist\compiled\next-server\app-page.runtime.prod.j
s:12:64546)
    at nB (C:\Users\OMEN\projects\revlo-vr\node_modules
\next\dist\compiled\next-server\app-page.runtime.prod.j
s:12:67538)
    at nD (C:\Users\OMEN\projects\revlo-vr\node_modules
\next\dist\compiled\next-server\app-page.runtime.prod.j
s:12:66680)
    at nN (C:\Users\OMEN\projects\revlo-vr\node_modules
\next\dist\compiled\next-server\app-page.runtime.prod.j
s:12:64853)

Error occurred prerendering page 
"/projects/vendors/add". Read more: 
https://nextjs.org/docs/messages/prerender-error

 Γ¿» useSearchParams() should be wrapped in a suspense 
boundary at page "/reports/expenses". Read more: https:
//nextjs.org/docs/messages/missing-suspense-with-csr-ba
ilout
    at o (C:\Users\OMEN\projects\revlo-vr\.next\server\
chunks\55112.js:61:31102)
    at c (C:\Users\OMEN\projects\revlo-vr\.next\server\
chunks\55112.js:61:42099)
    at o (C:\Users\OMEN\projects\revlo-vr\.next\server\
chunks\30443.js:1:1189)
    at nj (C:\Users\OMEN\projects\revlo-vr\node_modules
\next\dist\compiled\next-server\app-page.runtime.prod.j
s:12:46251)
    at nM (C:\Users\OMEN\projects\revlo-vr\node_modules
\next\dist\compiled\next-server\app-page.runtime.prod.j
s:12:47571)
    at nM (C:\Users\OMEN\projects\revlo-vr\node_modules
\next\dist\compiled\next-server\app-page.runtime.prod.j
s:12:61546)
    at nN (C:\Users\OMEN\projects\revlo-vr\node_modules
\next\dist\compiled\next-server\app-page.runtime.prod.j
s:12:64546)
    at nB (C:\Users\OMEN\projects\revlo-vr\node_modules
\next\dist\compiled\next-server\app-page.runtime.prod.j
s:12:67538)
    at nD (C:\Users\OMEN\projects\revlo-vr\node_modules
\next\dist\compiled\next-server\app-page.runtime.prod.j
s:12:66680)
    at nN (C:\Users\OMEN\projects\revlo-vr\node_modules
\next\dist\compiled\next-server\app-page.runtime.prod.j
s:12:64853)

Error occurred prerendering page "/reports/expenses". 
Read more: 
https://nextjs.org/docs/messages/prerender-error

 Γ¿» useSearchParams() should be wrapped in a suspense 
boundary at page "/projects/expenses". Read more: https
://nextjs.org/docs/messages/missing-suspense-with-csr-b
ailout
    at o (C:\Users\OMEN\projects\revlo-vr\.next\server\
chunks\55112.js:61:31102)
    at c (C:\Users\OMEN\projects\revlo-vr\.next\server\
chunks\55112.js:61:42099)
    at o (C:\Users\OMEN\projects\revlo-vr\.next\server\
chunks\30443.js:1:1189)
    at nj (C:\Users\OMEN\projects\revlo-vr\node_modules
\next\dist\compiled\next-server\app-page.runtime.prod.j
s:12:46251)
    at nM (C:\Users\OMEN\projects\revlo-vr\node_modules
\next\dist\compiled\next-server\app-page.runtime.prod.j
s:12:47571)
    at nM (C:\Users\OMEN\projects\revlo-vr\node_modules
\next\dist\compiled\next-server\app-page.runtime.prod.j
s:12:61546)
    at nN (C:\Users\OMEN\projects\revlo-vr\node_modules
\next\dist\compiled\next-server\app-page.runtime.prod.j
s:12:64546)
    at nB (C:\Users\OMEN\projects\revlo-vr\node_modules
\next\dist\compiled\next-server\app-page.runtime.prod.j
s:12:67538)
    at nD (C:\Users\OMEN\projects\revlo-vr\node_modules
\next\dist\compiled\next-server\app-page.runtime.prod.j
s:12:66680)
    at nN (C:\Users\OMEN\projects\revlo-vr\node_modules
\next\dist\compiled\next-server\app-page.runtime.prod.j
s:12:64853)
    at nB (C:\Users\OMEN\projects\revlo-vr\node_modules
\next\dist\compiled\next-server\app-page.runtime.prod.j
s:12:67538)
    at nD (C:\Users\OMEN\projects\revlo-vr\node_modules
\next\dist\compiled\next-server\app-page.runtime.prod.j
s:12:66680)
    at nN (C:\Users\OMEN\projects\revlo-vr\node_modules
\next\dist\compiled\next-server\app-page.runtime.prod.j
s:12:64853)
    at nB (C:\Users\OMEN\projects\revlo-vr\node_modules
\next\dist\compiled\next-server\app-page.runtime.prod.j
s:12:67538)
    at nD (C:\Users\OMEN\projects\revlo-vr\node_modules
\next\dist\compiled\next-server\app-page.runtime.prod.j
s:12:66680)
    at nN (C:\Users\OMEN\projects\revlo-vr\node_modules
\next\dist\compiled\next-server\app-page.runtime.prod.j
s:12:64853)

Error occurred prerendering page "/projects/expenses". 
Read more: 
https://nextjs.org/docs/messages/prerender-error

 Γ¿» useSearchParams() should be wrapped in a suspense 
boundary at page "/projects/expenses/import". Read 
more: https://nextjs.org/docs/messages/missing-suspense
-with-csr-bailout
    at o (C:\Users\OMEN\projects\revlo-vr\.next\server\
chunks\55112.js:61:31102)
    at c (C:\Users\OMEN\projects\revlo-vr\.next\server\
chunks\55112.js:61:42099)
    at o (C:\Users\OMEN\projects\revlo-vr\.next\server\
chunks\30443.js:1:1189)
    at nj (C:\Users\OMEN\projects\revlo-vr\node_modules
\next\dist\compiled\next-server\app-page.runtime.prod.j
s:12:46251)
    at nM (C:\Users\OMEN\projects\revlo-vr\node_modules
\next\dist\compiled\next-server\app-page.runtime.prod.j
s:12:47571)
    at nM (C:\Users\OMEN\projects\revlo-vr\node_modules
\next\dist\compiled\next-server\app-page.runtime.prod.j
s:12:61546)
    at nN (C:\Users\OMEN\projects\revlo-vr\node_modules
\next\dist\compiled\next-server\app-page.runtime.prod.j
s:12:64546)
    at nB (C:\Users\OMEN\projects\revlo-vr\node_modules
\next\dist\compiled\next-server\app-page.runtime.prod.j
s:12:67538)
    at nD (C:\Users\OMEN\projects\revlo-vr\node_modules
\next\dist\compiled\next-server\app-page.runtime.prod.j
s:12:66680)
    at nN (C:\Users\OMEN\projects\revlo-vr\node_modules
\next\dist\compiled\next-server\app-page.runtime.prod.j
s:12:64853)
    at nB (C:\Users\OMEN\projects\revlo-vr\node_modules
\next\dist\compiled\next-server\app-page.runtime.prod.j
s:12:67538)
    at nD (C:\Users\OMEN\projects\revlo-vr\node_modules
\next\dist\compiled\next-server\app-page.runtime.prod.j
s:12:66680)
    at nN (C:\Users\OMEN\projects\revlo-vr\node_modules
\next\dist\compiled\next-server\app-page.runtime.prod.j
s:12:64853)
    at nB (C:\Users\OMEN\projects\revlo-vr\node_modules
\next\dist\compiled\next-server\app-page.runtime.prod.j
s:12:67538)
    at nD (C:\Users\OMEN\projects\revlo-vr\node_modules
\next\dist\compiled\next-server\app-page.runtime.prod.j
s:12:66680)
    at nN (C:\Users\OMEN\projects\revlo-vr\node_modules
\next\dist\compiled\next-server\app-page.runtime.prod.j
s:12:64853)

Error occurred prerendering page 
"/projects/expenses/import". Read more: 
https://nextjs.org/docs/messages/prerender-error

 Γ¿» useSearchParams() should be wrapped in a suspense 
boundary at page "/sales/add". Read more: https://nextj
s.org/docs/messages/missing-suspense-with-csr-bailout
    at o (C:\Users\OMEN\projects\revlo-vr\.next\server\
chunks\55112.js:61:31102)
    at c (C:\Users\OMEN\projects\revlo-vr\.next\server\
chunks\55112.js:61:42099)
    at o (C:\Users\OMEN\projects\revlo-vr\.next\server\
chunks\30443.js:1:1189)
    at nj (C:\Users\OMEN\projects\revlo-vr\node_modules
\next\dist\compiled\next-server\app-page.runtime.prod.j
s:12:46251)
    at nM (C:\Users\OMEN\projects\revlo-vr\node_modules
\next\dist\compiled\next-server\app-page.runtime.prod.j
s:12:47571)
    at nM (C:\Users\OMEN\projects\revlo-vr\node_modules
\next\dist\compiled\next-server\app-page.runtime.prod.j
s:12:61546)
    at nN (C:\Users\OMEN\projects\revlo-vr\node_modules
\next\dist\compiled\next-server\app-page.runtime.prod.j
s:12:64546)
    at nB (C:\Users\OMEN\projects\revlo-vr\node_modules
\next\dist\compiled\next-server\app-page.runtime.prod.j
s:12:67538)
    at nD (C:\Users\OMEN\projects\revlo-vr\node_modules
\next\dist\compiled\next-server\app-page.runtime.prod.j
s:12:66680)
    at nN (C:\Users\OMEN\projects\revlo-vr\node_modules
\next\dist\compiled\next-server\app-page.runtime.prod.j
s:12:64853)

Error occurred prerendering page "/sales/add". Read 
more: https://nextjs.org/docs/messages/prerender-error

 Γ¿» useSearchParams() should be wrapped in a suspense 
boundary at page "/reports/payment-schedule". Read 
more: https://nextjs.org/docs/messages/missing-suspense
-with-csr-bailout
    at o (C:\Users\OMEN\projects\revlo-vr\.next\server\
chunks\55112.js:61:31102)
    at c (C:\Users\OMEN\projects\revlo-vr\.next\server\
chunks\55112.js:61:42099)
    at o (C:\Users\OMEN\projects\revlo-vr\.next\server\
chunks\30443.js:1:1189)
    at nj (C:\Users\OMEN\projects\revlo-vr\node_modules
\next\dist\compiled\next-server\app-page.runtime.prod.j
s:12:46251)
    at nM (C:\Users\OMEN\projects\revlo-vr\node_modules
\next\dist\compiled\next-server\app-page.runtime.prod.j
s:12:47571)
    at nM (C:\Users\OMEN\projects\revlo-vr\node_modules
\next\dist\compiled\next-server\app-page.runtime.prod.j
s:12:61546)
    at nN (C:\Users\OMEN\projects\revlo-vr\node_modules
\next\dist\compiled\next-server\app-page.runtime.prod.j
s:12:64546)
    at nB (C:\Users\OMEN\projects\revlo-vr\node_modules
\next\dist\compiled\next-server\app-page.runtime.prod.j
s:12:67538)
    at nD (C:\Users\OMEN\projects\revlo-vr\node_modules
\next\dist\compiled\next-server\app-page.runtime.prod.j
s:12:66680)
    at nN (C:\Users\OMEN\projects\revlo-vr\node_modules
\next\dist\compiled\next-server\app-page.runtime.prod.j
s:12:64853)
    at nB (C:\Users\OMEN\projects\revlo-vr\node_modules
\next\dist\compiled\next-server\app-page.runtime.prod.j
s:12:67538)
    at nD (C:\Users\OMEN\projects\revlo-vr\node_modules
\next\dist\compiled\next-server\app-page.runtime.prod.j
s:12:66680)
    at nN (C:\Users\OMEN\projects\revlo-vr\node_modules
\next\dist\compiled\next-server\app-page.runtime.prod.j
s:12:64853)
    at nB (C:\Users\OMEN\projects\revlo-vr\node_modules
\next\dist\compiled\next-server\app-page.runtime.prod.j
s:12:67538)
    at nD (C:\Users\OMEN\projects\revlo-vr\node_modules
\next\dist\compiled\next-server\app-page.runtime.prod.j
s:12:66680)
    at nN (C:\Users\OMEN\projects\revlo-vr\node_modules
\next\dist\compiled\next-server\app-page.runtime.prod.j
s:12:64853)

Error occurred prerendering page 
"/reports/payment-schedule". Read more: 
https://nextjs.org/docs/messages/prerender-error

 Γ¿» useSearchParams() should be wrapped in a suspense 
boundary at page "/reports/financial-summary". Read 
more: https://nextjs.org/docs/messages/missing-suspense
-with-csr-bailout
    at o (C:\Users\OMEN\projects\revlo-vr\.next\server\
chunks\55112.js:61:31102)
    at c (C:\Users\OMEN\projects\revlo-vr\.next\server\
chunks\55112.js:61:42099)
    at o (C:\Users\OMEN\projects\revlo-vr\.next\server\
chunks\30443.js:1:1189)
    at nj (C:\Users\OMEN\projects\revlo-vr\node_modules
\next\dist\compiled\next-server\app-page.runtime.prod.j
s:12:46251)
    at nM (C:\Users\OMEN\projects\revlo-vr\node_modules
\next\dist\compiled\next-server\app-page.runtime.prod.j
s:12:47571)
    at nM (C:\Users\OMEN\projects\revlo-vr\node_modules
\next\dist\compiled\next-server\app-page.runtime.prod.j
s:12:61546)
    at nN (C:\Users\OMEN\projects\revlo-vr\node_modules
\next\dist\compiled\next-server\app-page.runtime.prod.j
s:12:64546)
    at nB (C:\Users\OMEN\projects\revlo-vr\node_modules
\next\dist\compiled\next-server\app-page.runtime.prod.j
s:12:67538)
    at nD (C:\Users\OMEN\projects\revlo-vr\node_modules
\next\dist\compiled\next-server\app-page.runtime.prod.j
s:12:66680)
    at nN (C:\Users\OMEN\projects\revlo-vr\node_modules
\next\dist\compiled\next-server\app-page.runtime.prod.j
s:12:64853)

Error occurred prerendering page 
"/reports/financial-summary". Read more: 
https://nextjs.org/docs/messages/prerender-error

 Γ¿» useSearchParams() should be wrapped in a suspense 
boundary at page "/reports/scheduled". Read more: https
://nextjs.org/docs/messages/missing-suspense-with-csr-b
ailout
    at o (C:\Users\OMEN\projects\revlo-vr\.next\server\
chunks\55112.js:61:31102)
    at c (C:\Users\OMEN\projects\revlo-vr\.next\server\
chunks\55112.js:61:42099)
    at o (C:\Users\OMEN\projects\revlo-vr\.next\server\
chunks\30443.js:1:1189)
    at nj (C:\Users\OMEN\projects\revlo-vr\node_modules
\next\dist\compiled\next-server\app-page.runtime.prod.j
s:12:46251)
    at nM (C:\Users\OMEN\projects\revlo-vr\node_modules
\next\dist\compiled\next-server\app-page.runtime.prod.j
s:12:47571)
    at nM (C:\Users\OMEN\projects\revlo-vr\node_modules
\next\dist\compiled\next-server\app-page.runtime.prod.j
s:12:61546)
    at nN (C:\Users\OMEN\projects\revlo-vr\node_modules
\next\dist\compiled\next-server\app-page.runtime.prod.j
s:12:64546)
    at nB (C:\Users\OMEN\projects\revlo-vr\node_modules
\next\dist\compiled\next-server\app-page.runtime.prod.j
s:12:67538)
    at nD (C:\Users\OMEN\projects\revlo-vr\node_modules
\next\dist\compiled\next-server\app-page.runtime.prod.j
s:12:66680)
    at nN (C:\Users\OMEN\projects\revlo-vr\node_modules
\next\dist\compiled\next-server\app-page.runtime.prod.j
s:12:64853)
    at nB (C:\Users\OMEN\projects\revlo-vr\node_modules
\next\dist\compiled\next-server\app-page.runtime.prod.j
s:12:67538)
    at nD (C:\Users\OMEN\projects\revlo-vr\node_modules
\next\dist\compiled\next-server\app-page.runtime.prod.j
s:12:66680)
    at nN (C:\Users\OMEN\projects\revlo-vr\node_modules
\next\dist\compiled\next-server\app-page.runtime.prod.j
s:12:64853)
    at nB (C:\Users\OMEN\projects\revlo-vr\node_modules
\next\dist\compiled\next-server\app-page.runtime.prod.j
s:12:67538)
    at nD (C:\Users\OMEN\projects\revlo-vr\node_modules
\next\dist\compiled\next-server\app-page.runtime.prod.j
s:12:66680)
    at nN (C:\Users\OMEN\projects\revlo-vr\node_modules
\next\dist\compiled\next-server\app-page.runtime.prod.j
s:12:64853)

Error occurred prerendering page "/reports/scheduled". 
Read more: 
https://nextjs.org/docs/messages/prerender-error

 Γ¿» useSearchParams() should be wrapped in a suspense 
boundary at page "/reports". Read more: https://nextjs.
org/docs/messages/missing-suspense-with-csr-bailout
    at o (C:\Users\OMEN\projects\revlo-vr\.next\server\
chunks\55112.js:61:31102)
    at c (C:\Users\OMEN\projects\revlo-vr\.next\server\
chunks\55112.js:61:42099)
    at o (C:\Users\OMEN\projects\revlo-vr\.next\server\
chunks\30443.js:1:1189)
    at nj (C:\Users\OMEN\projects\revlo-vr\node_modules
\next\dist\compiled\next-server\app-page.runtime.prod.j
s:12:46251)
    at nM (C:\Users\OMEN\projects\revlo-vr\node_modules
\next\dist\compiled\next-server\app-page.runtime.prod.j
s:12:47571)
    at nM (C:\Users\OMEN\projects\revlo-vr\node_modules
\next\dist\compiled\next-server\app-page.runtime.prod.j
s:12:61546)
    at nN (C:\Users\OMEN\projects\revlo-vr\node_modules
\next\dist\compiled\next-server\app-page.runtime.prod.j
s:12:64546)
    at nB (C:\Users\OMEN\projects\revlo-vr\node_modules
\next\dist\compiled\next-server\app-page.runtime.prod.j
s:12:67538)
    at nD (C:\Users\OMEN\projects\revlo-vr\node_modules
\next\dist\compiled\next-server\app-page.runtime.prod.j
s:12:66680)
    at nN (C:\Users\OMEN\projects\revlo-vr\node_modules
\next\dist\compiled\next-server\app-page.runtime.prod.j
s:12:64853)

Error occurred prerendering page "/reports". Read 
more: https://nextjs.org/docs/messages/prerender-error

 Γ¿» useSearchParams() should be wrapped in a suspense 
boundary at page "/projects/main". Read more: https://n
extjs.org/docs/messages/missing-suspense-with-csr-bailo
ut
    at o (C:\Users\OMEN\projects\revlo-vr\.next\server\
chunks\55112.js:61:31102)
    at c (C:\Users\OMEN\projects\revlo-vr\.next\server\
chunks\55112.js:61:42099)
    at o (C:\Users\OMEN\projects\revlo-vr\.next\server\
chunks\30443.js:1:1189)
    at nj (C:\Users\OMEN\projects\revlo-vr\node_modules
\next\dist\compiled\next-server\app-page.runtime.prod.j
s:12:46251)
    at nM (C:\Users\OMEN\projects\revlo-vr\node_modules
\next\dist\compiled\next-server\app-page.runtime.prod.j
s:12:47571)
    at nM (C:\Users\OMEN\projects\revlo-vr\node_modules
\next\dist\compiled\next-server\app-page.runtime.prod.j
s:12:61546)
    at nN (C:\Users\OMEN\projects\revlo-vr\node_modules
\next\dist\compiled\next-server\app-page.runtime.prod.j
s:12:64546)
    at nB (C:\Users\OMEN\projects\revlo-vr\node_modules
\next\dist\compiled\next-server\app-page.runtime.prod.j
s:12:67538)
    at nD (C:\Users\OMEN\projects\revlo-vr\node_modules
\next\dist\compiled\next-server\app-page.runtime.prod.j
s:12:66680)
    at nN (C:\Users\OMEN\projects\revlo-vr\node_modules
\next\dist\compiled\next-server\app-page.runtime.prod.j
s:12:64853)
    at nB (C:\Users\OMEN\projects\revlo-vr\node_modules
\next\dist\compiled\next-server\app-page.runtime.prod.j
s:12:67538)
    at nD (C:\Users\OMEN\projects\revlo-vr\node_modules
\next\dist\compiled\next-server\app-page.runtime.prod.j
s:12:66680)
    at nN (C:\Users\OMEN\projects\revlo-vr\node_modules
\next\dist\compiled\next-server\app-page.runtime.prod.j
s:12:64853)
    at nB (C:\Users\OMEN\projects\revlo-vr\node_modules
\next\dist\compiled\next-server\app-page.runtime.prod.j
s:12:67538)
    at nD (C:\Users\OMEN\projects\revlo-vr\node_modules
\next\dist\compiled\next-server\app-page.runtime.prod.j
s:12:66680)
    at nN (C:\Users\OMEN\projects\revlo-vr\node_modules
\next\dist\compiled\next-server\app-page.runtime.prod.j
s:12:64853)

Error occurred prerendering page "/projects/main". 
Read more: 
https://nextjs.org/docs/messages/prerender-error

prisma:query SELECT COUNT(*) AS "_count$_all" FROM (SELECT "public"."projects"."_id" FROM "public"."projects" WHERE ("public"."projects"."actualCompletionDate" >= $1 AND "public"."projects"."actualCompletionDate" < $2) OFFSET $3) AS "sub"
 Γ¿» useSearchParams() should be wrapped in a suspense 
boundary at page "/sales/new". Read more: https://nextj
s.org/docs/messages/missing-suspense-with-csr-bailout
    at o (C:\Users\OMEN\projects\revlo-vr\.next\server\
chunks\55112.js:61:31102)
    at c (C:\Users\OMEN\projects\revlo-vr\.next\server\
chunks\55112.js:61:42099)
    at o (C:\Users\OMEN\projects\revlo-vr\.next\server\
chunks\30443.js:1:1189)
    at nj (C:\Users\OMEN\projects\revlo-vr\node_modules
\next\dist\compiled\next-server\app-page.runtime.prod.j
s:12:46251)
    at nM (C:\Users\OMEN\projects\revlo-vr\node_modules
\next\dist\compiled\next-server\app-page.runtime.prod.j
s:12:47571)
    at nM (C:\Users\OMEN\projects\revlo-vr\node_modules
\next\dist\compiled\next-server\app-page.runtime.prod.j
s:12:61546)
    at nN (C:\Users\OMEN\projects\revlo-vr\node_modules
\next\dist\compiled\next-server\app-page.runtime.prod.j
s:12:64546)
    at nB (C:\Users\OMEN\projects\revlo-vr\node_modules
\next\dist\compiled\next-server\app-page.runtime.prod.j
s:12:67538)
    at nD (C:\Users\OMEN\projects\revlo-vr\node_modules
\next\dist\compiled\next-server\app-page.runtime.prod.j
s:12:66680)
    at nN (C:\Users\OMEN\projects\revlo-vr\node_modules
\next\dist\compiled\next-server\app-page.runtime.prod.j
s:12:64853)

Error occurred prerendering page "/sales/new". Read 
more: https://nextjs.org/docs/messages/prerender-error

 Γ¿» useSearchParams() should be wrapped in a suspense 
boundary at page "/sales". Read more: https://nextjs.or
g/docs/messages/missing-suspense-with-csr-bailout
    at o (C:\Users\OMEN\projects\revlo-vr\.next\server\
chunks\55112.js:61:31102)
    at c (C:\Users\OMEN\projects\revlo-vr\.next\server\
chunks\55112.js:61:42099)
    at o (C:\Users\OMEN\projects\revlo-vr\.next\server\
chunks\30443.js:1:1189)
    at nj (C:\Users\OMEN\projects\revlo-vr\node_modules
\next\dist\compiled\next-server\app-page.runtime.prod.j
s:12:46251)
    at nM (C:\Users\OMEN\projects\revlo-vr\node_modules
\next\dist\compiled\next-server\app-page.runtime.prod.j
s:12:47571)
    at nM (C:\Users\OMEN\projects\revlo-vr\node_modules
\next\dist\compiled\next-server\app-page.runtime.prod.j
s:12:61546)
    at nN (C:\Users\OMEN\projects\revlo-vr\node_modules
\next\dist\compiled\next-server\app-page.runtime.prod.j
s:12:64546)
    at nB (C:\Users\OMEN\projects\revlo-vr\node_modules
\next\dist\compiled\next-server\app-page.runtime.prod.j
s:12:67538)
    at nD (C:\Users\OMEN\projects\revlo-vr\node_modules
\next\dist\compiled\next-server\app-page.runtime.prod.j
s:12:66680)
    at nN (C:\Users\OMEN\projects\revlo-vr\node_modules
\next\dist\compiled\next-server\app-page.runtime.prod.j
s:12:64853)

Error occurred prerendering page "/sales". Read more: 
https://nextjs.org/docs/messages/prerender-error

 Γ¿» useSearchParams() should be wrapped in a suspense 
boundary at page "/settings/accounts". Read more: https
://nextjs.org/docs/messages/missing-suspense-with-csr-b
ailout
    at o (C:\Users\OMEN\projects\revlo-vr\.next\server\
chunks\55112.js:61:31102)
    at c (C:\Users\OMEN\projects\revlo-vr\.next\server\
chunks\55112.js:61:42099)
    at o (C:\Users\OMEN\projects\revlo-vr\.next\server\
chunks\30443.js:1:1189)
    at nj (C:\Users\OMEN\projects\revlo-vr\node_modules
\next\dist\compiled\next-server\app-page.runtime.prod.j
s:12:46251)
    at nM (C:\Users\OMEN\projects\revlo-vr\node_modules
\next\dist\compiled\next-server\app-page.runtime.prod.j
s:12:47571)
    at nM (C:\Users\OMEN\projects\revlo-vr\node_modules
\next\dist\compiled\next-server\app-page.runtime.prod.j
s:12:61546)
    at nN (C:\Users\OMEN\projects\revlo-vr\node_modules
\next\dist\compiled\next-server\app-page.runtime.prod.j
s:12:64546)
    at nB (C:\Users\OMEN\projects\revlo-vr\node_modules
\next\dist\compiled\next-server\app-page.runtime.prod.j
s:12:67538)
    at nD (C:\Users\OMEN\projects\revlo-vr\node_modules
\next\dist\compiled\next-server\app-page.runtime.prod.j
s:12:66680)
    at nN (C:\Users\OMEN\projects\revlo-vr\node_modules
\next\dist\compiled\next-server\app-page.runtime.prod.j
s:12:64853)
    at nB (C:\Users\OMEN\projects\revlo-vr\node_modules
\next\dist\compiled\next-server\app-page.runtime.prod.j
s:12:67538)
    at nD (C:\Users\OMEN\projects\revlo-vr\node_modules
\next\dist\compiled\next-server\app-page.runtime.prod.j
s:12:66680)
    at nN (C:\Users\OMEN\projects\revlo-vr\node_modules
\next\dist\compiled\next-server\app-page.runtime.prod.j
s:12:64853)
    at nB (C:\Users\OMEN\projects\revlo-vr\node_modules
\next\dist\compiled\next-server\app-page.runtime.prod.j
s:12:67538)
    at nD (C:\Users\OMEN\projects\revlo-vr\node_modules
\next\dist\compiled\next-server\app-page.runtime.prod.j
s:12:66680)
    at nN (C:\Users\OMEN\projects\revlo-vr\node_modules
\next\dist\compiled\next-server\app-page.runtime.prod.j
s:12:64853)

Error occurred prerendering page "/settings/accounts". 
Read more: 
https://nextjs.org/docs/messages/prerender-error

   Generating static pages (237/317) 
 Γ¿» useSearchParams() should be wrapped in a suspense 
boundary at page "/settings/backup". Read more: https:/
/nextjs.org/docs/messages/missing-suspense-with-csr-bai
lout
    at o (C:\Users\OMEN\projects\revlo-vr\.next\server\
chunks\55112.js:61:31102)
    at c (C:\Users\OMEN\projects\revlo-vr\.next\server\
chunks\55112.js:61:42099)
    at o (C:\Users\OMEN\projects\revlo-vr\.next\server\
chunks\30443.js:1:1189)
    at nj (C:\Users\OMEN\projects\revlo-vr\node_modules
\next\dist\compiled\next-server\app-page.runtime.prod.j
s:12:46251)
    at nM (C:\Users\OMEN\projects\revlo-vr\node_modules
\next\dist\compiled\next-server\app-page.runtime.prod.j
s:12:47571)
    at nM (C:\Users\OMEN\projects\revlo-vr\node_modules
\next\dist\compiled\next-server\app-page.runtime.prod.j
s:12:61546)
    at nN (C:\Users\OMEN\projects\revlo-vr\node_modules
\next\dist\compiled\next-server\app-page.runtime.prod.j
s:12:64546)
    at nB (C:\Users\OMEN\projects\revlo-vr\node_modules
\next\dist\compiled\next-server\app-page.runtime.prod.j
s:12:67538)
    at nD (C:\Users\OMEN\projects\revlo-vr\node_modules
\next\dist\compiled\next-server\app-page.runtime.prod.j
s:12:66680)
    at nN (C:\Users\OMEN\projects\revlo-vr\node_modules
\next\dist\compiled\next-server\app-page.runtime.prod.j
s:12:64853)

Error occurred prerendering page "/settings/backup". 
Read more: 
https://nextjs.org/docs/messages/prerender-error

 Γ¿» useSearchParams() should be wrapped in a suspense 
boundary at page "/settings/company-profile". Read 
more: https://nextjs.org/docs/messages/missing-suspense
-with-csr-bailout
    at o (C:\Users\OMEN\projects\revlo-vr\.next\server\
chunks\55112.js:61:31102)
    at c (C:\Users\OMEN\projects\revlo-vr\.next\server\
chunks\55112.js:61:42099)
    at o (C:\Users\OMEN\projects\revlo-vr\.next\server\
chunks\30443.js:1:1189)
    at nj (C:\Users\OMEN\projects\revlo-vr\node_modules
\next\dist\compiled\next-server\app-page.runtime.prod.j
s:12:46251)
    at nM (C:\Users\OMEN\projects\revlo-vr\node_modules
\next\dist\compiled\next-server\app-page.runtime.prod.j
s:12:47571)
    at nM (C:\Users\OMEN\projects\revlo-vr\node_modules
\next\dist\compiled\next-server\app-page.runtime.prod.j
s:12:61546)
    at nN (C:\Users\OMEN\projects\revlo-vr\node_modules
\next\dist\compiled\next-server\app-page.runtime.prod.j
s:12:64546)
    at nB (C:\Users\OMEN\projects\revlo-vr\node_modules
\next\dist\compiled\next-server\app-page.runtime.prod.j
s:12:67538)
    at nD (C:\Users\OMEN\projects\revlo-vr\node_modules
\next\dist\compiled\next-server\app-page.runtime.prod.j
s:12:66680)
    at nN (C:\Users\OMEN\projects\revlo-vr\node_modules
\next\dist\compiled\next-server\app-page.runtime.prod.j
s:12:64853)

Error occurred prerendering page 
"/settings/company-profile". Read more: 
https://nextjs.org/docs/messages/prerender-error

 Γ¿» useSearchParams() should be wrapped in a suspense 
boundary at page "/settings/assets/add". Read more: htt
ps://nextjs.org/docs/messages/missing-suspense-with-csr
-bailout
    at o (C:\Users\OMEN\projects\revlo-vr\.next\server\
chunks\55112.js:61:31102)
    at c (C:\Users\OMEN\projects\revlo-vr\.next\server\
chunks\55112.js:61:42099)
    at o (C:\Users\OMEN\projects\revlo-vr\.next\server\
chunks\30443.js:1:1189)
    at nj (C:\Users\OMEN\projects\revlo-vr\node_modules
\next\dist\compiled\next-server\app-page.runtime.prod.j
s:12:46251)
    at nM (C:\Users\OMEN\projects\revlo-vr\node_modules
\next\dist\compiled\next-server\app-page.runtime.prod.j
s:12:47571)
    at nM (C:\Users\OMEN\projects\revlo-vr\node_modules
\next\dist\compiled\next-server\app-page.runtime.prod.j
s:12:61546)
    at nN (C:\Users\OMEN\projects\revlo-vr\node_modules
\next\dist\compiled\next-server\app-page.runtime.prod.j
s:12:64546)
    at nB (C:\Users\OMEN\projects\revlo-vr\node_modules
\next\dist\compiled\next-server\app-page.runtime.prod.j
s:12:67538)
    at nD (C:\Users\OMEN\projects\revlo-vr\node_modules
\next\dist\compiled\next-server\app-page.runtime.prod.j
s:12:66680)
    at nN (C:\Users\OMEN\projects\revlo-vr\node_modules
\next\dist\compiled\next-server\app-page.runtime.prod.j
s:12:64853)
    at nB (C:\Users\OMEN\projects\revlo-vr\node_modules
\next\dist\compiled\next-server\app-page.runtime.prod.j
s:12:67538)
    at nD (C:\Users\OMEN\projects\revlo-vr\node_modules
\next\dist\compiled\next-server\app-page.runtime.prod.j
s:12:66680)
    at nN (C:\Users\OMEN\projects\revlo-vr\node_modules
\next\dist\compiled\next-server\app-page.runtime.prod.j
s:12:64853)
    at nB (C:\Users\OMEN\projects\revlo-vr\node_modules
\next\dist\compiled\next-server\app-page.runtime.prod.j
s:12:67538)
    at nD (C:\Users\OMEN\projects\revlo-vr\node_modules
\next\dist\compiled\next-server\app-page.runtime.prod.j
s:12:66680)
    at nN (C:\Users\OMEN\projects\revlo-vr\node_modules
\next\dist\compiled\next-server\app-page.runtime.prod.j
s:12:64853)

Error occurred prerendering page 
"/settings/assets/add". Read more: 
https://nextjs.org/docs/messages/prerender-error

 Γ¿» useSearchParams() should be wrapped in a suspense 
boundary at page "/reports/inventory". Read more: https
://nextjs.org/docs/messages/missing-suspense-with-csr-b
ailout
    at o (C:\Users\OMEN\projects\revlo-vr\.next\server\
chunks\55112.js:61:31102)
    at c (C:\Users\OMEN\projects\revlo-vr\.next\server\
chunks\55112.js:61:42099)
    at o (C:\Users\OMEN\projects\revlo-vr\.next\server\
chunks\30443.js:1:1189)
    at nj (C:\Users\OMEN\projects\revlo-vr\node_modules
\next\dist\compiled\next-server\app-page.runtime.prod.j
s:12:46251)
    at nM (C:\Users\OMEN\projects\revlo-vr\node_modules
\next\dist\compiled\next-server\app-page.runtime.prod.j
s:12:47571)
    at nM (C:\Users\OMEN\projects\revlo-vr\node_modules
\next\dist\compiled\next-server\app-page.runtime.prod.j
s:12:61546)
    at nN (C:\Users\OMEN\projects\revlo-vr\node_modules
\next\dist\compiled\next-server\app-page.runtime.prod.j
s:12:64546)
    at nB (C:\Users\OMEN\projects\revlo-vr\node_modules
\next\dist\compiled\next-server\app-page.runtime.prod.j
s:12:67538)
    at nD (C:\Users\OMEN\projects\revlo-vr\node_modules
\next\dist\compiled\next-server\app-page.runtime.prod.j
s:12:66680)
    at nN (C:\Users\OMEN\projects\revlo-vr\node_modules
\next\dist\compiled\next-server\app-page.runtime.prod.j
s:12:64853)

Error occurred prerendering page "/reports/inventory". 
Read more: 
https://nextjs.org/docs/messages/prerender-error

 Γ¿» useSearchParams() should be wrapped in a suspense 
boundary at page "/settings/categories". Read more: htt
ps://nextjs.org/docs/messages/missing-suspense-with-csr
-bailout
    at o (C:\Users\OMEN\projects\revlo-vr\.next\server\
chunks\55112.js:61:31102)
    at c (C:\Users\OMEN\projects\revlo-vr\.next\server\
chunks\55112.js:61:42099)
    at o (C:\Users\OMEN\projects\revlo-vr\.next\server\
chunks\30443.js:1:1189)
    at nj (C:\Users\OMEN\projects\revlo-vr\node_modules
\next\dist\compiled\next-server\app-page.runtime.prod.j
s:12:46251)
    at nM (C:\Users\OMEN\projects\revlo-vr\node_modules
\next\dist\compiled\next-server\app-page.runtime.prod.j
s:12:47571)
    at nM (C:\Users\OMEN\projects\revlo-vr\node_modules
\next\dist\compiled\next-server\app-page.runtime.prod.j
s:12:61546)
    at nN (C:\Users\OMEN\projects\revlo-vr\node_modules
\next\dist\compiled\next-server\app-page.runtime.prod.j
s:12:64546)
    at nB (C:\Users\OMEN\projects\revlo-vr\node_modules
\next\dist\compiled\next-server\app-page.runtime.prod.j
s:12:67538)
    at nD (C:\Users\OMEN\projects\revlo-vr\node_modules
\next\dist\compiled\next-server\app-page.runtime.prod.j
s:12:66680)
    at nN (C:\Users\OMEN\projects\revlo-vr\node_modules
\next\dist\compiled\next-server\app-page.runtime.prod.j
s:12:64853)
    at nB (C:\Users\OMEN\projects\revlo-vr\node_modules
\next\dist\compiled\next-server\app-page.runtime.prod.j
s:12:67538)
    at nD (C:\Users\OMEN\projects\revlo-vr\node_modules
\next\dist\compiled\next-server\app-page.runtime.prod.j
s:12:66680)
    at nN (C:\Users\OMEN\projects\revlo-vr\node_modules
\next\dist\compiled\next-server\app-page.runtime.prod.j
s:12:64853)
    at nB (C:\Users\OMEN\projects\revlo-vr\node_modules
\next\dist\compiled\next-server\app-page.runtime.prod.j
s:12:67538)
    at nD (C:\Users\OMEN\projects\revlo-vr\node_modules
\next\dist\compiled\next-server\app-page.runtime.prod.j
s:12:66680)
    at nN (C:\Users\OMEN\projects\revlo-vr\node_modules
\next\dist\compiled\next-server\app-page.runtime.prod.j
s:12:64853)

Error occurred prerendering page 
"/settings/categories". Read more: 
https://nextjs.org/docs/messages/prerender-error

 Γ¿» useSearchParams() should be wrapped in a suspense 
boundary at page "/reports/profit-loss". Read more: htt
ps://nextjs.org/docs/messages/missing-suspense-with-csr
-bailout
    at o (C:\Users\OMEN\projects\revlo-vr\.next\server\
chunks\55112.js:61:31102)
    at c (C:\Users\OMEN\projects\revlo-vr\.next\server\
chunks\55112.js:61:42099)
    at o (C:\Users\OMEN\projects\revlo-vr\.next\server\
chunks\30443.js:1:1189)
    at nj (C:\Users\OMEN\projects\revlo-vr\node_modules
\next\dist\compiled\next-server\app-page.runtime.prod.j
s:12:46251)
    at nM (C:\Users\OMEN\projects\revlo-vr\node_modules
\next\dist\compiled\next-server\app-page.runtime.prod.j
s:12:47571)
    at nM (C:\Users\OMEN\projects\revlo-vr\node_modules
\next\dist\compiled\next-server\app-page.runtime.prod.j
s:12:61546)
    at nN (C:\Users\OMEN\projects\revlo-vr\node_modules
\next\dist\compiled\next-server\app-page.runtime.prod.j
s:12:64546)
    at nB (C:\Users\OMEN\projects\revlo-vr\node_modules
\next\dist\compiled\next-server\app-page.runtime.prod.j
s:12:67538)
    at nD (C:\Users\OMEN\projects\revlo-vr\node_modules
\next\dist\compiled\next-server\app-page.runtime.prod.j
s:12:66680)
    at nN (C:\Users\OMEN\projects\revlo-vr\node_modules
\next\dist\compiled\next-server\app-page.runtime.prod.j
s:12:64853)
    at nB (C:\Users\OMEN\projects\revlo-vr\node_modules
\next\dist\compiled\next-server\app-page.runtime.prod.j
s:12:67538)
    at nD (C:\Users\OMEN\projects\revlo-vr\node_modules
\next\dist\compiled\next-server\app-page.runtime.prod.j
s:12:66680)
    at nN (C:\Users\OMEN\projects\revlo-vr\node_modules
\next\dist\compiled\next-server\app-page.runtime.prod.j
s:12:64853)
    at nB (C:\Users\OMEN\projects\revlo-vr\node_modules
\next\dist\compiled\next-server\app-page.runtime.prod.j
s:12:67538)
    at nD (C:\Users\OMEN\projects\revlo-vr\node_modules
\next\dist\compiled\next-server\app-page.runtime.prod.j
s:12:66680)
    at nN (C:\Users\OMEN\projects\revlo-vr\node_modules
\next\dist\compiled\next-server\app-page.runtime.prod.j
s:12:64853)

Error occurred prerendering page 
"/reports/profit-loss". Read more: 
https://nextjs.org/docs/messages/prerender-error

 Γ¿» useSearchParams() should be wrapped in a suspense 
boundary at page "/settings". Read more: https://nextjs
.org/docs/messages/missing-suspense-with-csr-bailout
    at o (C:\Users\OMEN\projects\revlo-vr\.next\server\
chunks\55112.js:61:31102)
    at c (C:\Users\OMEN\projects\revlo-vr\.next\server\
chunks\55112.js:61:42099)
    at o (C:\Users\OMEN\projects\revlo-vr\.next\server\
chunks\30443.js:1:1189)
    at nj (C:\Users\OMEN\projects\revlo-vr\node_modules
\next\dist\compiled\next-server\app-page.runtime.prod.j
s:12:46251)
    at nM (C:\Users\OMEN\projects\revlo-vr\node_modules
\next\dist\compiled\next-server\app-page.runtime.prod.j
s:12:47571)
    at nM (C:\Users\OMEN\projects\revlo-vr\node_modules
\next\dist\compiled\next-server\app-page.runtime.prod.j
s:12:61546)
    at nN (C:\Users\OMEN\projects\revlo-vr\node_modules
\next\dist\compiled\next-server\app-page.runtime.prod.j
s:12:64546)
    at nB (C:\Users\OMEN\projects\revlo-vr\node_modules
\next\dist\compiled\next-server\app-page.runtime.prod.j
s:12:67538)
    at nD (C:\Users\OMEN\projects\revlo-vr\node_modules
\next\dist\compiled\next-server\app-page.runtime.prod.j
s:12:66680)
    at nN (C:\Users\OMEN\projects\revlo-vr\node_modules
\next\dist\compiled\next-server\app-page.runtime.prod.j
s:12:64853)
    at nB (C:\Users\OMEN\projects\revlo-vr\node_modules
\next\dist\compiled\next-server\app-page.runtime.prod.j
s:12:67538)
    at nD (C:\Users\OMEN\projects\revlo-vr\node_modules
\next\dist\compiled\next-server\app-page.runtime.prod.j
s:12:66680)
    at nN (C:\Users\OMEN\projects\revlo-vr\node_modules
\next\dist\compiled\next-server\app-page.runtime.prod.j
s:12:64853)
    at nB (C:\Users\OMEN\projects\revlo-vr\node_modules
\next\dist\compiled\next-server\app-page.runtime.prod.j
s:12:67538)
    at nD (C:\Users\OMEN\projects\revlo-vr\node_modules
\next\dist\compiled\next-server\app-page.runtime.prod.j
s:12:66680)
    at nN (C:\Users\OMEN\projects\revlo-vr\node_modules
\next\dist\compiled\next-server\app-page.runtime.prod.j
s:12:64853)

Error occurred prerendering page "/settings". Read 
more: https://nextjs.org/docs/messages/prerender-error

 Γ¿» useSearchParams() should be wrapped in a suspense 
boundary at page "/settings/currency". Read more: https
://nextjs.org/docs/messages/missing-suspense-with-csr-b
ailout
    at o (C:\Users\OMEN\projects\revlo-vr\.next\server\
chunks\55112.js:61:31102)
    at c (C:\Users\OMEN\projects\revlo-vr\.next\server\
chunks\55112.js:61:42099)
    at o (C:\Users\OMEN\projects\revlo-vr\.next\server\
chunks\30443.js:1:1189)
    at nj (C:\Users\OMEN\projects\revlo-vr\node_modules
\next\dist\compiled\next-server\app-page.runtime.prod.j
s:12:46251)
    at nM (C:\Users\OMEN\projects\revlo-vr\node_modules
\next\dist\compiled\next-server\app-page.runtime.prod.j
s:12:47571)
    at nM (C:\Users\OMEN\projects\revlo-vr\node_modules
\next\dist\compiled\next-server\app-page.runtime.prod.j
s:12:61546)
    at nN (C:\Users\OMEN\projects\revlo-vr\node_modules
\next\dist\compiled\next-server\app-page.runtime.prod.j
s:12:64546)
    at nB (C:\Users\OMEN\projects\revlo-vr\node_modules
\next\dist\compiled\next-server\app-page.runtime.prod.j
s:12:67538)
    at nD (C:\Users\OMEN\projects\revlo-vr\node_modules
\next\dist\compiled\next-server\app-page.runtime.prod.j
s:12:66680)
    at nN (C:\Users\OMEN\projects\revlo-vr\node_modules
\next\dist\compiled\next-server\app-page.runtime.prod.j
s:12:64853)
    at nB (C:\Users\OMEN\projects\revlo-vr\node_modules
\next\dist\compiled\next-server\app-page.runtime.prod.j
s:12:67538)
    at nD (C:\Users\OMEN\projects\revlo-vr\node_modules
\next\dist\compiled\next-server\app-page.runtime.prod.j
s:12:66680)
    at nN (C:\Users\OMEN\projects\revlo-vr\node_modules
\next\dist\compiled\next-server\app-page.runtime.prod.j
s:12:64853)
    at nB (C:\Users\OMEN\projects\revlo-vr\node_modules
\next\dist\compiled\next-server\app-page.runtime.prod.j
s:12:67538)
    at nD (C:\Users\OMEN\projects\revlo-vr\node_modules
\next\dist\compiled\next-server\app-page.runtime.prod.j
s:12:66680)
    at nN (C:\Users\OMEN\projects\revlo-vr\node_modules
\next\dist\compiled\next-server\app-page.runtime.prod.j
s:12:64853)

Error occurred prerendering page "/settings/currency". 
Read more: 
https://nextjs.org/docs/messages/prerender-error

 Γ¿» useSearchParams() should be wrapped in a suspense 
boundary at page "/settings/assets". Read more: https:/
/nextjs.org/docs/messages/missing-suspense-with-csr-bai
lout
    at o (C:\Users\OMEN\projects\revlo-vr\.next\server\
chunks\55112.js:61:31102)
    at c (C:\Users\OMEN\projects\revlo-vr\.next\server\
chunks\55112.js:61:42099)
    at o (C:\Users\OMEN\projects\revlo-vr\.next\server\
chunks\30443.js:1:1189)
    at nj (C:\Users\OMEN\projects\revlo-vr\node_modules
\next\dist\compiled\next-server\app-page.runtime.prod.j
s:12:46251)
    at nM (C:\Users\OMEN\projects\revlo-vr\node_modules
\next\dist\compiled\next-server\app-page.runtime.prod.j
s:12:47571)
    at nM (C:\Users\OMEN\projects\revlo-vr\node_modules
\next\dist\compiled\next-server\app-page.runtime.prod.j
s:12:61546)
    at nN (C:\Users\OMEN\projects\revlo-vr\node_modules
\next\dist\compiled\next-server\app-page.runtime.prod.j
s:12:64546)
    at nB (C:\Users\OMEN\projects\revlo-vr\node_modules
\next\dist\compiled\next-server\app-page.runtime.prod.j
s:12:67538)
    at nD (C:\Users\OMEN\projects\revlo-vr\node_modules
\next\dist\compiled\next-server\app-page.runtime.prod.j
s:12:66680)
    at nN (C:\Users\OMEN\projects\revlo-vr\node_modules
\next\dist\compiled\next-server\app-page.runtime.prod.j
s:12:64853)

Error occurred prerendering page "/settings/assets". 
Read more: 
https://nextjs.org/docs/messages/prerender-error

 Γ¿» useSearchParams() should be wrapped in a suspense 
boundary at page "/reports/project-reports". Read 
more: https://nextjs.org/docs/messages/missing-suspense
-with-csr-bailout
    at o (C:\Users\OMEN\projects\revlo-vr\.next\server\
chunks\55112.js:61:31102)
    at c (C:\Users\OMEN\projects\revlo-vr\.next\server\
chunks\55112.js:61:42099)
    at o (C:\Users\OMEN\projects\revlo-vr\.next\server\
chunks\30443.js:1:1189)
    at nj (C:\Users\OMEN\projects\revlo-vr\node_modules
\next\dist\compiled\next-server\app-page.runtime.prod.j
s:12:46251)
    at nM (C:\Users\OMEN\projects\revlo-vr\node_modules
\next\dist\compiled\next-server\app-page.runtime.prod.j
s:12:47571)
    at nM (C:\Users\OMEN\projects\revlo-vr\node_modules
\next\dist\compiled\next-server\app-page.runtime.prod.j
s:12:61546)
    at nN (C:\Users\OMEN\projects\revlo-vr\node_modules
\next\dist\compiled\next-server\app-page.runtime.prod.j
s:12:64546)
    at nB (C:\Users\OMEN\projects\revlo-vr\node_modules
\next\dist\compiled\next-server\app-page.runtime.prod.j
s:12:67538)
    at nD (C:\Users\OMEN\projects\revlo-vr\node_modules
\next\dist\compiled\next-server\app-page.runtime.prod.j
s:12:66680)
    at nN (C:\Users\OMEN\projects\revlo-vr\node_modules
\next\dist\compiled\next-server\app-page.runtime.prod.j
s:12:64853)
    at nB (C:\Users\OMEN\projects\revlo-vr\node_modules
\next\dist\compiled\next-server\app-page.runtime.prod.j
s:12:67538)
    at nD (C:\Users\OMEN\projects\revlo-vr\node_modules
\next\dist\compiled\next-server\app-page.runtime.prod.j
s:12:66680)
    at nN (C:\Users\OMEN\projects\revlo-vr\node_modules
\next\dist\compiled\next-server\app-page.runtime.prod.j
s:12:64853)
    at nB (C:\Users\OMEN\projects\revlo-vr\node_modules
\next\dist\compiled\next-server\app-page.runtime.prod.j
s:12:67538)
    at nD (C:\Users\OMEN\projects\revlo-vr\node_modules
\next\dist\compiled\next-server\app-page.runtime.prod.j
s:12:66680)
    at nN (C:\Users\OMEN\projects\revlo-vr\node_modules
\next\dist\compiled\next-server\app-page.runtime.prod.j
s:12:64853)

Error occurred prerendering page 
"/reports/project-reports". Read more: 
https://nextjs.org/docs/messages/prerender-error

 Γ¿» useSearchParams() should be wrapped in a suspense 
boundary at page "/settings/language". Read more: https
://nextjs.org/docs/messages/missing-suspense-with-csr-b
ailout
    at o (C:\Users\OMEN\projects\revlo-vr\.next\server\
chunks\55112.js:61:31102)
    at c (C:\Users\OMEN\projects\revlo-vr\.next\server\
chunks\55112.js:61:42099)
    at o (C:\Users\OMEN\projects\revlo-vr\.next\server\
chunks\30443.js:1:1189)
    at nj (C:\Users\OMEN\projects\revlo-vr\node_modules
\next\dist\compiled\next-server\app-page.runtime.prod.j
s:12:46251)
    at nM (C:\Users\OMEN\projects\revlo-vr\node_modules
\next\dist\compiled\next-server\app-page.runtime.prod.j
s:12:47571)
    at nM (C:\Users\OMEN\projects\revlo-vr\node_modules
\next\dist\compiled\next-server\app-page.runtime.prod.j
s:12:61546)
    at nN (C:\Users\OMEN\projects\revlo-vr\node_modules
\next\dist\compiled\next-server\app-page.runtime.prod.j
s:12:64546)
    at nB (C:\Users\OMEN\projects\revlo-vr\node_modules
\next\dist\compiled\next-server\app-page.runtime.prod.j
s:12:67538)
    at nD (C:\Users\OMEN\projects\revlo-vr\node_modules
\next\dist\compiled\next-server\app-page.runtime.prod.j
s:12:66680)
    at nN (C:\Users\OMEN\projects\revlo-vr\node_modules
\next\dist\compiled\next-server\app-page.runtime.prod.j
s:12:64853)

Error occurred prerendering page "/settings/language". 
Read more: 
https://nextjs.org/docs/messages/prerender-error

 Γ¿» useSearchParams() should be wrapped in a suspense 
boundary at page "/settings/security". Read more: https
://nextjs.org/docs/messages/missing-suspense-with-csr-b
ailout
    at o (C:\Users\OMEN\projects\revlo-vr\.next\server\
chunks\55112.js:61:31102)
    at c (C:\Users\OMEN\projects\revlo-vr\.next\server\
chunks\55112.js:61:42099)
    at o (C:\Users\OMEN\projects\revlo-vr\.next\server\
chunks\30443.js:1:1189)
    at nj (C:\Users\OMEN\projects\revlo-vr\node_modules
\next\dist\compiled\next-server\app-page.runtime.prod.j
s:12:46251)
    at nM (C:\Users\OMEN\projects\revlo-vr\node_modules
\next\dist\compiled\next-server\app-page.runtime.prod.j
s:12:47571)
    at nM (C:\Users\OMEN\projects\revlo-vr\node_modules
\next\dist\compiled\next-server\app-page.runtime.prod.j
s:12:61546)
    at nN (C:\Users\OMEN\projects\revlo-vr\node_modules
\next\dist\compiled\next-server\app-page.runtime.prod.j
s:12:64546)
    at nB (C:\Users\OMEN\projects\revlo-vr\node_modules
\next\dist\compiled\next-server\app-page.runtime.prod.j
s:12:67538)
    at nD (C:\Users\OMEN\projects\revlo-vr\node_modules
\next\dist\compiled\next-server\app-page.runtime.prod.j
s:12:66680)
    at nN (C:\Users\OMEN\projects\revlo-vr\node_modules
\next\dist\compiled\next-server\app-page.runtime.prod.j
s:12:64853)

Error occurred prerendering page "/settings/security". 
Read more: 
https://nextjs.org/docs/messages/prerender-error

 Γ¿» useSearchParams() should be wrapped in a suspense 
boundary at page "/reports/bank". Read more: https://ne
xtjs.org/docs/messages/missing-suspense-with-csr-bailou
t
    at o (C:\Users\OMEN\projects\revlo-vr\.next\server\
chunks\55112.js:61:31102)
    at c (C:\Users\OMEN\projects\revlo-vr\.next\server\
chunks\55112.js:61:42099)
    at o (C:\Users\OMEN\projects\revlo-vr\.next\server\
chunks\30443.js:1:1189)
    at nj (C:\Users\OMEN\projects\revlo-vr\node_modules
\next\dist\compiled\next-server\app-page.runtime.prod.j
s:12:46251)
    at nM (C:\Users\OMEN\projects\revlo-vr\node_modules
\next\dist\compiled\next-server\app-page.runtime.prod.j
s:12:47571)
    at nM (C:\Users\OMEN\projects\revlo-vr\node_modules
\next\dist\compiled\next-server\app-page.runtime.prod.j
s:12:61546)
    at nN (C:\Users\OMEN\projects\revlo-vr\node_modules
\next\dist\compiled\next-server\app-page.runtime.prod.j
s:12:64546)
    at nB (C:\Users\OMEN\projects\revlo-vr\node_modules
\next\dist\compiled\next-server\app-page.runtime.prod.j
s:12:67538)
    at nD (C:\Users\OMEN\projects\revlo-vr\node_modules
\next\dist\compiled\next-server\app-page.runtime.prod.j
s:12:66680)
    at nN (C:\Users\OMEN\projects\revlo-vr\node_modules
\next\dist\compiled\next-server\app-page.runtime.prod.j
s:12:64853)
    at nB (C:\Users\OMEN\projects\revlo-vr\node_modules
\next\dist\compiled\next-server\app-page.runtime.prod.j
s:12:67538)
    at nD (C:\Users\OMEN\projects\revlo-vr\node_modules
\next\dist\compiled\next-server\app-page.runtime.prod.j
s:12:66680)
    at nN (C:\Users\OMEN\projects\revlo-vr\node_modules
\next\dist\compiled\next-server\app-page.runtime.prod.j
s:12:64853)
    at nB (C:\Users\OMEN\projects\revlo-vr\node_modules
\next\dist\compiled\next-server\app-page.runtime.prod.j
s:12:67538)
    at nD (C:\Users\OMEN\projects\revlo-vr\node_modules
\next\dist\compiled\next-server\app-page.runtime.prod.j
s:12:66680)
    at nN (C:\Users\OMEN\projects\revlo-vr\node_modules
\next\dist\compiled\next-server\app-page.runtime.prod.j
s:12:64853)

Error occurred prerendering page "/reports/bank". Read 
more: https://nextjs.org/docs/messages/prerender-error

 Γ¿» useSearchParams() should be wrapped in a suspense 
boundary at page "/settings/notifications". Read more: 
https://nextjs.org/docs/messages/missing-suspense-with-
csr-bailout
    at o (C:\Users\OMEN\projects\revlo-vr\.next\server\
chunks\55112.js:61:31102)
    at c (C:\Users\OMEN\projects\revlo-vr\.next\server\
chunks\55112.js:61:42099)
    at o (C:\Users\OMEN\projects\revlo-vr\.next\server\
chunks\30443.js:1:1189)
    at nj (C:\Users\OMEN\projects\revlo-vr\node_modules
\next\dist\compiled\next-server\app-page.runtime.prod.j
s:12:46251)
    at nM (C:\Users\OMEN\projects\revlo-vr\node_modules
\next\dist\compiled\next-server\app-page.runtime.prod.j
s:12:47571)
    at nM (C:\Users\OMEN\projects\revlo-vr\node_modules
\next\dist\compiled\next-server\app-page.runtime.prod.j
s:12:61546)
    at nN (C:\Users\OMEN\projects\revlo-vr\node_modules
\next\dist\compiled\next-server\app-page.runtime.prod.j
s:12:64546)
    at nB (C:\Users\OMEN\projects\revlo-vr\node_modules
\next\dist\compiled\next-server\app-page.runtime.prod.j
s:12:67538)
    at nD (C:\Users\OMEN\projects\revlo-vr\node_modules
\next\dist\compiled\next-server\app-page.runtime.prod.j
s:12:66680)
    at nN (C:\Users\OMEN\projects\revlo-vr\node_modules
\next\dist\compiled\next-server\app-page.runtime.prod.j
s:12:64853)

Error occurred prerendering page 
"/settings/notifications". Read more: 
https://nextjs.org/docs/messages/prerender-error

 Γ¿» useSearchParams() should be wrapped in a suspense 
boundary at page "/settings/users". Read more: https://
nextjs.org/docs/messages/missing-suspense-with-csr-bail
out
    at o (C:\Users\OMEN\projects\revlo-vr\.next\server\
chunks\55112.js:61:31102)
    at c (C:\Users\OMEN\projects\revlo-vr\.next\server\
chunks\55112.js:61:42099)
    at o (C:\Users\OMEN\projects\revlo-vr\.next\server\
chunks\30443.js:1:1189)
    at nj (C:\Users\OMEN\projects\revlo-vr\node_modules
\next\dist\compiled\next-server\app-page.runtime.prod.j
s:12:46251)
    at nM (C:\Users\OMEN\projects\revlo-vr\node_modules
\next\dist\compiled\next-server\app-page.runtime.prod.j
s:12:47571)
    at nM (C:\Users\OMEN\projects\revlo-vr\node_modules
\next\dist\compiled\next-server\app-page.runtime.prod.j
s:12:61546)
    at nN (C:\Users\OMEN\projects\revlo-vr\node_modules
\next\dist\compiled\next-server\app-page.runtime.prod.j
s:12:64546)
    at nB (C:\Users\OMEN\projects\revlo-vr\node_modules
\next\dist\compiled\next-server\app-page.runtime.prod.j
s:12:67538)
    at nD (C:\Users\OMEN\projects\revlo-vr\node_modules
\next\dist\compiled\next-server\app-page.runtime.prod.j
s:12:66680)
    at nN (C:\Users\OMEN\projects\revlo-vr\node_modules
\next\dist\compiled\next-server\app-page.runtime.prod.j
s:12:64853)

Error occurred prerendering page "/settings/users". 
Read more: 
https://nextjs.org/docs/messages/prerender-error

 Γ¿» useSearchParams() should be wrapped in a suspense 
boundary at page "/settings/shareholders". Read more: h
ttps://nextjs.org/docs/messages/missing-suspense-with-c
sr-bailout
    at o (C:\Users\OMEN\projects\revlo-vr\.next\server\
chunks\55112.js:61:31102)
    at c (C:\Users\OMEN\projects\revlo-vr\.next\server\
chunks\55112.js:61:42099)
    at o (C:\Users\OMEN\projects\revlo-vr\.next\server\
chunks\30443.js:1:1189)
    at nj (C:\Users\OMEN\projects\revlo-vr\node_modules
\next\dist\compiled\next-server\app-page.runtime.prod.j
s:12:46251)
    at nM (C:\Users\OMEN\projects\revlo-vr\node_modules
\next\dist\compiled\next-server\app-page.runtime.prod.j
s:12:47571)
    at nM (C:\Users\OMEN\projects\revlo-vr\node_modules
\next\dist\compiled\next-server\app-page.runtime.prod.j
s:12:61546)
    at nN (C:\Users\OMEN\projects\revlo-vr\node_modules
\next\dist\compiled\next-server\app-page.runtime.prod.j
s:12:64546)
    at nB (C:\Users\OMEN\projects\revlo-vr\node_modules
\next\dist\compiled\next-server\app-page.runtime.prod.j
s:12:67538)
    at nD (C:\Users\OMEN\projects\revlo-vr\node_modules
\next\dist\compiled\next-server\app-page.runtime.prod.j
s:12:66680)
    at nN (C:\Users\OMEN\projects\revlo-vr\node_modules
\next\dist\compiled\next-server\app-page.runtime.prod.j
s:12:64853)
    at nB (C:\Users\OMEN\projects\revlo-vr\node_modules
\next\dist\compiled\next-server\app-page.runtime.prod.j
s:12:67538)
    at nD (C:\Users\OMEN\projects\revlo-vr\node_modules
\next\dist\compiled\next-server\app-page.runtime.prod.j
s:12:66680)
    at nN (C:\Users\OMEN\projects\revlo-vr\node_modules
\next\dist\compiled\next-server\app-page.runtime.prod.j
s:12:64853)
    at nB (C:\Users\OMEN\projects\revlo-vr\node_modules
\next\dist\compiled\next-server\app-page.runtime.prod.j
s:12:67538)
    at nD (C:\Users\OMEN\projects\revlo-vr\node_modules
\next\dist\compiled\next-server\app-page.runtime.prod.j
s:12:66680)
    at nN (C:\Users\OMEN\projects\revlo-vr\node_modules
\next\dist\compiled\next-server\app-page.runtime.prod.j
s:12:64853)

Error occurred prerendering page 
"/settings/shareholders". Read more: 
https://nextjs.org/docs/messages/prerender-error

 Γ¿» useSearchParams() should be wrapped in a suspense 
boundary at page "/settings/whatsapp". Read more: https
://nextjs.org/docs/messages/missing-suspense-with-csr-b
ailout
    at o (C:\Users\OMEN\projects\revlo-vr\.next\server\
chunks\55112.js:61:31102)
    at c (C:\Users\OMEN\projects\revlo-vr\.next\server\
chunks\55112.js:61:42099)
    at o (C:\Users\OMEN\projects\revlo-vr\.next\server\
chunks\30443.js:1:1189)
    at nj (C:\Users\OMEN\projects\revlo-vr\node_modules
\next\dist\compiled\next-server\app-page.runtime.prod.j
s:12:46251)
    at nM (C:\Users\OMEN\projects\revlo-vr\node_modules
\next\dist\compiled\next-server\app-page.runtime.prod.j
s:12:47571)
    at nM (C:\Users\OMEN\projects\revlo-vr\node_modules
\next\dist\compiled\next-server\app-page.runtime.prod.j
s:12:61546)
    at nN (C:\Users\OMEN\projects\revlo-vr\node_modules
\next\dist\compiled\next-server\app-page.runtime.prod.j
s:12:64546)
    at nB (C:\Users\OMEN\projects\revlo-vr\node_modules
\next\dist\compiled\next-server\app-page.runtime.prod.j
s:12:67538)
    at nD (C:\Users\OMEN\projects\revlo-vr\node_modules
\next\dist\compiled\next-server\app-page.runtime.prod.j
s:12:66680)
    at nN (C:\Users\OMEN\projects\revlo-vr\node_modules
\next\dist\compiled\next-server\app-page.runtime.prod.j
s:12:64853)

Error occurred prerendering page "/settings/whatsapp". 
Read more: 
https://nextjs.org/docs/messages/prerender-error

 Γ¿» useSearchParams() should be wrapped in a suspense 
boundary at page "/settings/personalization". Read 
more: https://nextjs.org/docs/messages/missing-suspense
-with-csr-bailout
    at o (C:\Users\OMEN\projects\revlo-vr\.next\server\
chunks\55112.js:61:31102)
    at c (C:\Users\OMEN\projects\revlo-vr\.next\server\
chunks\55112.js:61:42099)
    at o (C:\Users\OMEN\projects\revlo-vr\.next\server\
chunks\30443.js:1:1189)
    at nj (C:\Users\OMEN\projects\revlo-vr\node_modules
\next\dist\compiled\next-server\app-page.runtime.prod.j
s:12:46251)
    at nM (C:\Users\OMEN\projects\revlo-vr\node_modules
\next\dist\compiled\next-server\app-page.runtime.prod.j
s:12:47571)
    at nM (C:\Users\OMEN\projects\revlo-vr\node_modules
\next\dist\compiled\next-server\app-page.runtime.prod.j
s:12:61546)
    at nN (C:\Users\OMEN\projects\revlo-vr\node_modules
\next\dist\compiled\next-server\app-page.runtime.prod.j
s:12:64546)
    at nB (C:\Users\OMEN\projects\revlo-vr\node_modules
\next\dist\compiled\next-server\app-page.runtime.prod.j
s:12:67538)
    at nD (C:\Users\OMEN\projects\revlo-vr\node_modules
\next\dist\compiled\next-server\app-page.runtime.prod.j
s:12:66680)
    at nN (C:\Users\OMEN\projects\revlo-vr\node_modules
\next\dist\compiled\next-server\app-page.runtime.prod.j
s:12:64853)
    at nB (C:\Users\OMEN\projects\revlo-vr\node_modules
\next\dist\compiled\next-server\app-page.runtime.prod.j
s:12:67538)
    at nD (C:\Users\OMEN\projects\revlo-vr\node_modules
\next\dist\compiled\next-server\app-page.runtime.prod.j
s:12:66680)
    at nN (C:\Users\OMEN\projects\revlo-vr\node_modules
\next\dist\compiled\next-server\app-page.runtime.prod.j
s:12:64853)
    at nB (C:\Users\OMEN\projects\revlo-vr\node_modules
\next\dist\compiled\next-server\app-page.runtime.prod.j
s:12:67538)
    at nD (C:\Users\OMEN\projects\revlo-vr\node_modules
\next\dist\compiled\next-server\app-page.runtime.prod.j
s:12:66680)
    at nN (C:\Users\OMEN\projects\revlo-vr\node_modules
\next\dist\compiled\next-server\app-page.runtime.prod.j
s:12:64853)

Error occurred prerendering page 
"/settings/personalization". Read more: 
https://nextjs.org/docs/messages/prerender-error

 Γ¿» useSearchParams() should be wrapped in a suspense 
boundary at page "/shop/customers". Read more: https://
nextjs.org/docs/messages/missing-suspense-with-csr-bail
out
    at o (C:\Users\OMEN\projects\revlo-vr\.next\server\
chunks\55112.js:61:31102)
    at c (C:\Users\OMEN\projects\revlo-vr\.next\server\
chunks\55112.js:61:42099)
    at o (C:\Users\OMEN\projects\revlo-vr\.next\server\
chunks\30443.js:1:1189)
    at nj (C:\Users\OMEN\projects\revlo-vr\node_modules
\next\dist\compiled\next-server\app-page.runtime.prod.j
s:12:46251)
    at nM (C:\Users\OMEN\projects\revlo-vr\node_modules
\next\dist\compiled\next-server\app-page.runtime.prod.j
s:12:47571)
    at nM (C:\Users\OMEN\projects\revlo-vr\node_modules
\next\dist\compiled\next-server\app-page.runtime.prod.j
s:12:61546)
    at nN (C:\Users\OMEN\projects\revlo-vr\node_modules
\next\dist\compiled\next-server\app-page.runtime.prod.j
s:12:64546)
    at nB (C:\Users\OMEN\projects\revlo-vr\node_modules
\next\dist\compiled\next-server\app-page.runtime.prod.j
s:12:67538)
    at nD (C:\Users\OMEN\projects\revlo-vr\node_modules
\next\dist\compiled\next-server\app-page.runtime.prod.j
s:12:66680)
    at nN (C:\Users\OMEN\projects\revlo-vr\node_modules
\next\dist\compiled\next-server\app-page.runtime.prod.j
s:12:64853)

Error occurred prerendering page "/shop/customers". 
Read more: 
https://nextjs.org/docs/messages/prerender-error

 Γ¿» useSearchParams() should be wrapped in a suspense 
boundary at page "/shop/customers/add". Read more: http
s://nextjs.org/docs/messages/missing-suspense-with-csr-
bailout
    at o (C:\Users\OMEN\projects\revlo-vr\.next\server\
chunks\55112.js:61:31102)
    at c (C:\Users\OMEN\projects\revlo-vr\.next\server\
chunks\55112.js:61:42099)
    at o (C:\Users\OMEN\projects\revlo-vr\.next\server\
chunks\30443.js:1:1189)
    at nj (C:\Users\OMEN\projects\revlo-vr\node_modules
\next\dist\compiled\next-server\app-page.runtime.prod.j
s:12:46251)
    at nM (C:\Users\OMEN\projects\revlo-vr\node_modules
\next\dist\compiled\next-server\app-page.runtime.prod.j
s:12:47571)
    at nM (C:\Users\OMEN\projects\revlo-vr\node_modules
\next\dist\compiled\next-server\app-page.runtime.prod.j
s:12:61546)
    at nN (C:\Users\OMEN\projects\revlo-vr\node_modules
\next\dist\compiled\next-server\app-page.runtime.prod.j
s:12:64546)
    at nB (C:\Users\OMEN\projects\revlo-vr\node_modules
\next\dist\compiled\next-server\app-page.runtime.prod.j
s:12:67538)
    at nD (C:\Users\OMEN\projects\revlo-vr\node_modules
\next\dist\compiled\next-server\app-page.runtime.prod.j
s:12:66680)
    at nN (C:\Users\OMEN\projects\revlo-vr\node_modules
\next\dist\compiled\next-server\app-page.runtime.prod.j
s:12:64853)
    at nB (C:\Users\OMEN\projects\revlo-vr\node_modules
\next\dist\compiled\next-server\app-page.runtime.prod.j
s:12:67538)
    at nD (C:\Users\OMEN\projects\revlo-vr\node_modules
\next\dist\compiled\next-server\app-page.runtime.prod.j
s:12:66680)
    at nN (C:\Users\OMEN\projects\revlo-vr\node_modules
\next\dist\compiled\next-server\app-page.runtime.prod.j
s:12:64853)
    at nB (C:\Users\OMEN\projects\revlo-vr\node_modules
\next\dist\compiled\next-server\app-page.runtime.prod.j
s:12:67538)
    at nD (C:\Users\OMEN\projects\revlo-vr\node_modules
\next\dist\compiled\next-server\app-page.runtime.prod.j
s:12:66680)
    at nN (C:\Users\OMEN\projects\revlo-vr\node_modules
\next\dist\compiled\next-server\app-page.runtime.prod.j
s:12:64853)

Error occurred prerendering page 
"/shop/customers/add". Read more: 
https://nextjs.org/docs/messages/prerender-error

 Γ¿» useSearchParams() should be wrapped in a suspense 
boundary at page "/shop/accounting/reconciliation". 
Read more: https://nextjs.org/docs/messages/missing-sus
pense-with-csr-bailout
    at o (C:\Users\OMEN\projects\revlo-vr\.next\server\
chunks\55112.js:61:31102)
    at c (C:\Users\OMEN\projects\revlo-vr\.next\server\
chunks\55112.js:61:42099)
    at o (C:\Users\OMEN\projects\revlo-vr\.next\server\
chunks\30443.js:1:1189)
    at nj (C:\Users\OMEN\projects\revlo-vr\node_modules
\next\dist\compiled\next-server\app-page.runtime.prod.j
s:12:46251)
    at nM (C:\Users\OMEN\projects\revlo-vr\node_modules
\next\dist\compiled\next-server\app-page.runtime.prod.j
s:12:47571)
    at nM (C:\Users\OMEN\projects\revlo-vr\node_modules
\next\dist\compiled\next-server\app-page.runtime.prod.j
s:12:61546)
    at nN (C:\Users\OMEN\projects\revlo-vr\node_modules
\next\dist\compiled\next-server\app-page.runtime.prod.j
s:12:64546)
    at nB (C:\Users\OMEN\projects\revlo-vr\node_modules
\next\dist\compiled\next-server\app-page.runtime.prod.j
s:12:67538)
    at nD (C:\Users\OMEN\projects\revlo-vr\node_modules
\next\dist\compiled\next-server\app-page.runtime.prod.j
s:12:66680)
    at nN (C:\Users\OMEN\projects\revlo-vr\node_modules
\next\dist\compiled\next-server\app-page.runtime.prod.j
s:12:64853)

Error occurred prerendering page 
"/shop/accounting/reconciliation". Read more: 
https://nextjs.org/docs/messages/prerender-error

 Γ¿» useSearchParams() should be wrapped in a suspense 
boundary at page "/shop/accounting/journal". Read 
more: https://nextjs.org/docs/messages/missing-suspense
-with-csr-bailout
    at o (C:\Users\OMEN\projects\revlo-vr\.next\server\
chunks\55112.js:61:31102)
    at c (C:\Users\OMEN\projects\revlo-vr\.next\server\
chunks\55112.js:61:42099)
    at o (C:\Users\OMEN\projects\revlo-vr\.next\server\
chunks\30443.js:1:1189)
    at nj (C:\Users\OMEN\projects\revlo-vr\node_modules
\next\dist\compiled\next-server\app-page.runtime.prod.j
s:12:46251)
    at nM (C:\Users\OMEN\projects\revlo-vr\node_modules
\next\dist\compiled\next-server\app-page.runtime.prod.j
s:12:47571)
    at nM (C:\Users\OMEN\projects\revlo-vr\node_modules
\next\dist\compiled\next-server\app-page.runtime.prod.j
s:12:61546)
    at nN (C:\Users\OMEN\projects\revlo-vr\node_modules
\next\dist\compiled\next-server\app-page.runtime.prod.j
s:12:64546)
    at nB (C:\Users\OMEN\projects\revlo-vr\node_modules
\next\dist\compiled\next-server\app-page.runtime.prod.j
s:12:67538)
    at nD (C:\Users\OMEN\projects\revlo-vr\node_modules
\next\dist\compiled\next-server\app-page.runtime.prod.j
s:12:66680)
    at nN (C:\Users\OMEN\projects\revlo-vr\node_modules
\next\dist\compiled\next-server\app-page.runtime.prod.j
s:12:64853)
    at nB (C:\Users\OMEN\projects\revlo-vr\node_modules
\next\dist\compiled\next-server\app-page.runtime.prod.j
s:12:67538)
    at nD (C:\Users\OMEN\projects\revlo-vr\node_modules
\next\dist\compiled\next-server\app-page.runtime.prod.j
s:12:66680)
    at nN (C:\Users\OMEN\projects\revlo-vr\node_modules
\next\dist\compiled\next-server\app-page.runtime.prod.j
s:12:64853)
    at nB (C:\Users\OMEN\projects\revlo-vr\node_modules
\next\dist\compiled\next-server\app-page.runtime.prod.j
s:12:67538)
    at nD (C:\Users\OMEN\projects\revlo-vr\node_modules
\next\dist\compiled\next-server\app-page.runtime.prod.j
s:12:66680)
    at nN (C:\Users\OMEN\projects\revlo-vr\node_modules
\next\dist\compiled\next-server\app-page.runtime.prod.j
s:12:64853)

Error occurred prerendering page 
"/shop/accounting/journal". Read more: 
https://nextjs.org/docs/messages/prerender-error

 Γ¿» useSearchParams() should be wrapped in a suspense 
boundary at page "/shop/accounting/tax". Read more: htt
ps://nextjs.org/docs/messages/missing-suspense-with-csr
-bailout
    at o (C:\Users\OMEN\projects\revlo-vr\.next\server\
chunks\55112.js:61:31102)
    at c (C:\Users\OMEN\projects\revlo-vr\.next\server\
chunks\55112.js:61:42099)
    at o (C:\Users\OMEN\projects\revlo-vr\.next\server\
chunks\30443.js:1:1189)
    at nj (C:\Users\OMEN\projects\revlo-vr\node_modules
\next\dist\compiled\next-server\app-page.runtime.prod.j
s:12:46251)
    at nM (C:\Users\OMEN\projects\revlo-vr\node_modules
\next\dist\compiled\next-server\app-page.runtime.prod.j
s:12:47571)
    at nM (C:\Users\OMEN\projects\revlo-vr\node_modules
\next\dist\compiled\next-server\app-page.runtime.prod.j
s:12:61546)
    at nN (C:\Users\OMEN\projects\revlo-vr\node_modules
\next\dist\compiled\next-server\app-page.runtime.prod.j
s:12:64546)
    at nB (C:\Users\OMEN\projects\revlo-vr\node_modules
\next\dist\compiled\next-server\app-page.runtime.prod.j
s:12:67538)
    at nD (C:\Users\OMEN\projects\revlo-vr\node_modules
\next\dist\compiled\next-server\app-page.runtime.prod.j
s:12:66680)
    at nN (C:\Users\OMEN\projects\revlo-vr\node_modules
\next\dist\compiled\next-server\app-page.runtime.prod.j
s:12:64853)

Error occurred prerendering page 
"/shop/accounting/tax". Read more: 
https://nextjs.org/docs/messages/prerender-error

 Γ¿» useSearchParams() should be wrapped in a suspense 
boundary at page "/shop/accounting/payables". Read 
more: https://nextjs.org/docs/messages/missing-suspense
-with-csr-bailout
    at o (C:\Users\OMEN\projects\revlo-vr\.next\server\
chunks\55112.js:61:31102)
    at c (C:\Users\OMEN\projects\revlo-vr\.next\server\
chunks\55112.js:61:42099)
    at o (C:\Users\OMEN\projects\revlo-vr\.next\server\
chunks\30443.js:1:1189)
    at nj (C:\Users\OMEN\projects\revlo-vr\node_modules
\next\dist\compiled\next-server\app-page.runtime.prod.j
s:12:46251)
    at nM (C:\Users\OMEN\projects\revlo-vr\node_modules
\next\dist\compiled\next-server\app-page.runtime.prod.j
s:12:47571)
    at nM (C:\Users\OMEN\projects\revlo-vr\node_modules
\next\dist\compiled\next-server\app-page.runtime.prod.j
s:12:61546)
    at nN (C:\Users\OMEN\projects\revlo-vr\node_modules
\next\dist\compiled\next-server\app-page.runtime.prod.j
s:12:64546)
    at nB (C:\Users\OMEN\projects\revlo-vr\node_modules
\next\dist\compiled\next-server\app-page.runtime.prod.j
s:12:67538)
    at nD (C:\Users\OMEN\projects\revlo-vr\node_modules
\next\dist\compiled\next-server\app-page.runtime.prod.j
s:12:66680)
    at nN (C:\Users\OMEN\projects\revlo-vr\node_modules
\next\dist\compiled\next-server\app-page.runtime.prod.j
s:12:64853)

Error occurred prerendering page 
"/shop/accounting/payables". Read more: 
https://nextjs.org/docs/messages/prerender-error

 Γ¿» useSearchParams() should be wrapped in a suspense 
boundary at page "/shop/accounting/accounts". Read 
more: https://nextjs.org/docs/messages/missing-suspense
-with-csr-bailout
    at o (C:\Users\OMEN\projects\revlo-vr\.next\server\
chunks\55112.js:61:31102)
    at c (C:\Users\OMEN\projects\revlo-vr\.next\server\
chunks\55112.js:61:42099)
    at o (C:\Users\OMEN\projects\revlo-vr\.next\server\
chunks\30443.js:1:1189)
    at nj (C:\Users\OMEN\projects\revlo-vr\node_modules
\next\dist\compiled\next-server\app-page.runtime.prod.j
s:12:46251)
    at nM (C:\Users\OMEN\projects\revlo-vr\node_modules
\next\dist\compiled\next-server\app-page.runtime.prod.j
s:12:47571)
    at nM (C:\Users\OMEN\projects\revlo-vr\node_modules
\next\dist\compiled\next-server\app-page.runtime.prod.j
s:12:61546)
    at nN (C:\Users\OMEN\projects\revlo-vr\node_modules
\next\dist\compiled\next-server\app-page.runtime.prod.j
s:12:64546)
    at nB (C:\Users\OMEN\projects\revlo-vr\node_modules
\next\dist\compiled\next-server\app-page.runtime.prod.j
s:12:67538)
    at nD (C:\Users\OMEN\projects\revlo-vr\node_modules
\next\dist\compiled\next-server\app-page.runtime.prod.j
s:12:66680)
    at nN (C:\Users\OMEN\projects\revlo-vr\node_modules
\next\dist\compiled\next-server\app-page.runtime.prod.j
s:12:64853)

Error occurred prerendering page 
"/shop/accounting/accounts". Read more: 
https://nextjs.org/docs/messages/prerender-error

 Γ¿» useSearchParams() should be wrapped in a suspense 
boundary at page "/shop/accounting/assets". Read more: 
https://nextjs.org/docs/messages/missing-suspense-with-
csr-bailout
    at o (C:\Users\OMEN\projects\revlo-vr\.next\server\
chunks\55112.js:61:31102)
    at c (C:\Users\OMEN\projects\revlo-vr\.next\server\
chunks\55112.js:61:42099)
    at o (C:\Users\OMEN\projects\revlo-vr\.next\server\
chunks\30443.js:1:1189)
    at nj (C:\Users\OMEN\projects\revlo-vr\node_modules
\next\dist\compiled\next-server\app-page.runtime.prod.j
s:12:46251)
    at nM (C:\Users\OMEN\projects\revlo-vr\node_modules
\next\dist\compiled\next-server\app-page.runtime.prod.j
s:12:47571)
    at nM (C:\Users\OMEN\projects\revlo-vr\node_modules
\next\dist\compiled\next-server\app-page.runtime.prod.j
s:12:61546)
    at nN (C:\Users\OMEN\projects\revlo-vr\node_modules
\next\dist\compiled\next-server\app-page.runtime.prod.j
s:12:64546)
    at nB (C:\Users\OMEN\projects\revlo-vr\node_modules
\next\dist\compiled\next-server\app-page.runtime.prod.j
s:12:67538)
    at nD (C:\Users\OMEN\projects\revlo-vr\node_modules
\next\dist\compiled\next-server\app-page.runtime.prod.j
s:12:66680)
    at nN (C:\Users\OMEN\projects\revlo-vr\node_modules
\next\dist\compiled\next-server\app-page.runtime.prod.j
s:12:64853)
    at nB (C:\Users\OMEN\projects\revlo-vr\node_modules
\next\dist\compiled\next-server\app-page.runtime.prod.j
s:12:67538)
    at nD (C:\Users\OMEN\projects\revlo-vr\node_modules
\next\dist\compiled\next-server\app-page.runtime.prod.j
s:12:66680)
    at nN (C:\Users\OMEN\projects\revlo-vr\node_modules
\next\dist\compiled\next-server\app-page.runtime.prod.j
s:12:64853)
    at nB (C:\Users\OMEN\projects\revlo-vr\node_modules
\next\dist\compiled\next-server\app-page.runtime.prod.j
s:12:67538)
    at nD (C:\Users\OMEN\projects\revlo-vr\node_modules
\next\dist\compiled\next-server\app-page.runtime.prod.j
s:12:66680)
    at nN (C:\Users\OMEN\projects\revlo-vr\node_modules
\next\dist\compiled\next-server\app-page.runtime.prod.j
s:12:64853)

Error occurred prerendering page 
"/shop/accounting/assets". Read more: 
https://nextjs.org/docs/messages/prerender-error

 Γ¿» useSearchParams() should be wrapped in a suspense 
boundary at page "/shop/accounting/receivables". Read 
more: https://nextjs.org/docs/messages/missing-suspense
-with-csr-bailout
    at o (C:\Users\OMEN\projects\revlo-vr\.next\server\
chunks\55112.js:61:31102)
    at c (C:\Users\OMEN\projects\revlo-vr\.next\server\
chunks\55112.js:61:42099)
    at o (C:\Users\OMEN\projects\revlo-vr\.next\server\
chunks\30443.js:1:1189)
    at nj (C:\Users\OMEN\projects\revlo-vr\node_modules
\next\dist\compiled\next-server\app-page.runtime.prod.j
s:12:46251)
    at nM (C:\Users\OMEN\projects\revlo-vr\node_modules
\next\dist\compiled\next-server\app-page.runtime.prod.j
s:12:47571)
    at nM (C:\Users\OMEN\projects\revlo-vr\node_modules
\next\dist\compiled\next-server\app-page.runtime.prod.j
s:12:61546)
    at nN (C:\Users\OMEN\projects\revlo-vr\node_modules
\next\dist\compiled\next-server\app-page.runtime.prod.j
s:12:64546)
    at nB (C:\Users\OMEN\projects\revlo-vr\node_modules
\next\dist\compiled\next-server\app-page.runtime.prod.j
s:12:67538)
    at nD (C:\Users\OMEN\projects\revlo-vr\node_modules
\next\dist\compiled\next-server\app-page.runtime.prod.j
s:12:66680)
    at nN (C:\Users\OMEN\projects\revlo-vr\node_modules
\next\dist\compiled\next-server\app-page.runtime.prod.j
s:12:64853)
    at nB (C:\Users\OMEN\projects\revlo-vr\node_modules
\next\dist\compiled\next-server\app-page.runtime.prod.j
s:12:67538)
    at nD (C:\Users\OMEN\projects\revlo-vr\node_modules
\next\dist\compiled\next-server\app-page.runtime.prod.j
s:12:66680)
    at nN (C:\Users\OMEN\projects\revlo-vr\node_modules
\next\dist\compiled\next-server\app-page.runtime.prod.j
s:12:64853)
    at nB (C:\Users\OMEN\projects\revlo-vr\node_modules
\next\dist\compiled\next-server\app-page.runtime.prod.j
s:12:67538)
    at nD (C:\Users\OMEN\projects\revlo-vr\node_modules
\next\dist\compiled\next-server\app-page.runtime.prod.j
s:12:66680)
    at nN (C:\Users\OMEN\projects\revlo-vr\node_modules
\next\dist\compiled\next-server\app-page.runtime.prod.j
s:12:64853)

Error occurred prerendering page 
"/shop/accounting/receivables". Read more: 
https://nextjs.org/docs/messages/prerender-error

 Γ¿» useSearchParams() should be wrapped in a suspense 
boundary at page "/shop/accounting/transactions". Read 
more: https://nextjs.org/docs/messages/missing-suspense
-with-csr-bailout
    at o (C:\Users\OMEN\projects\revlo-vr\.next\server\
chunks\55112.js:61:31102)
    at c (C:\Users\OMEN\projects\revlo-vr\.next\server\
chunks\55112.js:61:42099)
    at o (C:\Users\OMEN\projects\revlo-vr\.next\server\
chunks\30443.js:1:1189)
    at nj (C:\Users\OMEN\projects\revlo-vr\node_modules
\next\dist\compiled\next-server\app-page.runtime.prod.j
s:12:46251)
    at nM (C:\Users\OMEN\projects\revlo-vr\node_modules
\next\dist\compiled\next-server\app-page.runtime.prod.j
s:12:47571)
    at nM (C:\Users\OMEN\projects\revlo-vr\node_modules
\next\dist\compiled\next-server\app-page.runtime.prod.j
s:12:61546)
    at nN (C:\Users\OMEN\projects\revlo-vr\node_modules
\next\dist\compiled\next-server\app-page.runtime.prod.j
s:12:64546)
    at nB (C:\Users\OMEN\projects\revlo-vr\node_modules
\next\dist\compiled\next-server\app-page.runtime.prod.j
s:12:67538)
    at nD (C:\Users\OMEN\projects\revlo-vr\node_modules
\next\dist\compiled\next-server\app-page.runtime.prod.j
s:12:66680)
    at nN (C:\Users\OMEN\projects\revlo-vr\node_modules
\next\dist\compiled\next-server\app-page.runtime.prod.j
s:12:64853)
    at nB (C:\Users\OMEN\projects\revlo-vr\node_modules
\next\dist\compiled\next-server\app-page.runtime.prod.j
s:12:67538)
    at nD (C:\Users\OMEN\projects\revlo-vr\node_modules
\next\dist\compiled\next-server\app-page.runtime.prod.j
s:12:66680)
    at nN (C:\Users\OMEN\projects\revlo-vr\node_modules
\next\dist\compiled\next-server\app-page.runtime.prod.j
s:12:64853)
    at nB (C:\Users\OMEN\projects\revlo-vr\node_modules
\next\dist\compiled\next-server\app-page.runtime.prod.j
s:12:67538)
    at nD (C:\Users\OMEN\projects\revlo-vr\node_modules
\next\dist\compiled\next-server\app-page.runtime.prod.j
s:12:66680)
    at nN (C:\Users\OMEN\projects\revlo-vr\node_modules
\next\dist\compiled\next-server\app-page.runtime.prod.j
s:12:64853)

Error occurred prerendering page 
"/shop/accounting/transactions". Read more: 
https://nextjs.org/docs/messages/prerender-error

 Γ¿» useSearchParams() should be wrapped in a suspense 
boundary at page "/shop/accounting/till". Read more: ht
tps://nextjs.org/docs/messages/missing-suspense-with-cs
r-bailout
    at o (C:\Users\OMEN\projects\revlo-vr\.next\server\
chunks\55112.js:61:31102)
    at c (C:\Users\OMEN\projects\revlo-vr\.next\server\
chunks\55112.js:61:42099)
    at o (C:\Users\OMEN\projects\revlo-vr\.next\server\
chunks\30443.js:1:1189)
    at nj (C:\Users\OMEN\projects\revlo-vr\node_modules
\next\dist\compiled\next-server\app-page.runtime.prod.j
s:12:46251)
    at nM (C:\Users\OMEN\projects\revlo-vr\node_modules
\next\dist\compiled\next-server\app-page.runtime.prod.j
s:12:47571)
    at nM (C:\Users\OMEN\projects\revlo-vr\node_modules
\next\dist\compiled\next-server\app-page.runtime.prod.j
s:12:61546)
    at nN (C:\Users\OMEN\projects\revlo-vr\node_modules
\next\dist\compiled\next-server\app-page.runtime.prod.j
s:12:64546)
    at nB (C:\Users\OMEN\projects\revlo-vr\node_modules
\next\dist\compiled\next-server\app-page.runtime.prod.j
s:12:67538)
    at nD (C:\Users\OMEN\projects\revlo-vr\node_modules
\next\dist\compiled\next-server\app-page.runtime.prod.j
s:12:66680)
    at nN (C:\Users\OMEN\projects\revlo-vr\node_modules
\next\dist\compiled\next-server\app-page.runtime.prod.j
s:12:64853)
    at nB (C:\Users\OMEN\projects\revlo-vr\node_modules
\next\dist\compiled\next-server\app-page.runtime.prod.j
s:12:67538)
    at nD (C:\Users\OMEN\projects\revlo-vr\node_modules
\next\dist\compiled\next-server\app-page.runtime.prod.j
s:12:66680)
    at nN (C:\Users\OMEN\projects\revlo-vr\node_modules
\next\dist\compiled\next-server\app-page.runtime.prod.j
s:12:64853)
    at nB (C:\Users\OMEN\projects\revlo-vr\node_modules
\next\dist\compiled\next-server\app-page.runtime.prod.j
s:12:67538)
    at nD (C:\Users\OMEN\projects\revlo-vr\node_modules
\next\dist\compiled\next-server\app-page.runtime.prod.j
s:12:66680)
    at nN (C:\Users\OMEN\projects\revlo-vr\node_modules
\next\dist\compiled\next-server\app-page.runtime.prod.j
s:12:64853)

Error occurred prerendering page 
"/shop/accounting/till". Read more: 
https://nextjs.org/docs/messages/prerender-error

 Γ¿» useSearchParams() should be wrapped in a suspense 
boundary at page "/settings/assets-register". Read 
more: https://nextjs.org/docs/messages/missing-suspense
-with-csr-bailout
    at o (C:\Users\OMEN\projects\revlo-vr\.next\server\
chunks\55112.js:61:31102)
    at c (C:\Users\OMEN\projects\revlo-vr\.next\server\
chunks\55112.js:61:42099)
    at o (C:\Users\OMEN\projects\revlo-vr\.next\server\
chunks\30443.js:1:1189)
    at nj (C:\Users\OMEN\projects\revlo-vr\node_modules
\next\dist\compiled\next-server\app-page.runtime.prod.j
s:12:46251)
    at nM (C:\Users\OMEN\projects\revlo-vr\node_modules
\next\dist\compiled\next-server\app-page.runtime.prod.j
s:12:47571)
    at nM (C:\Users\OMEN\projects\revlo-vr\node_modules
\next\dist\compiled\next-server\app-page.runtime.prod.j
s:12:61546)
    at nN (C:\Users\OMEN\projects\revlo-vr\node_modules
\next\dist\compiled\next-server\app-page.runtime.prod.j
s:12:64546)
    at nB (C:\Users\OMEN\projects\revlo-vr\node_modules
\next\dist\compiled\next-server\app-page.runtime.prod.j
s:12:67538)
    at nD (C:\Users\OMEN\projects\revlo-vr\node_modules
\next\dist\compiled\next-server\app-page.runtime.prod.j
s:12:66680)
    at nN (C:\Users\OMEN\projects\revlo-vr\node_modules
\next\dist\compiled\next-server\app-page.runtime.prod.j
s:12:64853)

Error occurred prerendering page 
"/settings/assets-register". Read more: 
https://nextjs.org/docs/messages/prerender-error

 Γ¿» useSearchParams() should be wrapped in a suspense 
boundary at page "/shop/inventory/adjust". Read more: h
ttps://nextjs.org/docs/messages/missing-suspense-with-c
sr-bailout
    at o (C:\Users\OMEN\projects\revlo-vr\.next\server\
chunks\55112.js:61:31102)
    at c (C:\Users\OMEN\projects\revlo-vr\.next\server\
chunks\55112.js:61:42099)
    at o (C:\Users\OMEN\projects\revlo-vr\.next\server\
chunks\30443.js:1:1189)
    at nj (C:\Users\OMEN\projects\revlo-vr\node_modules
\next\dist\compiled\next-server\app-page.runtime.prod.j
s:12:46251)
    at nM (C:\Users\OMEN\projects\revlo-vr\node_modules
\next\dist\compiled\next-server\app-page.runtime.prod.j
s:12:47571)
    at nM (C:\Users\OMEN\projects\revlo-vr\node_modules
\next\dist\compiled\next-server\app-page.runtime.prod.j
s:12:61546)
    at nN (C:\Users\OMEN\projects\revlo-vr\node_modules
\next\dist\compiled\next-server\app-page.runtime.prod.j
s:12:64546)
    at nB (C:\Users\OMEN\projects\revlo-vr\node_modules
\next\dist\compiled\next-server\app-page.runtime.prod.j
s:12:67538)
    at nD (C:\Users\OMEN\projects\revlo-vr\node_modules
\next\dist\compiled\next-server\app-page.runtime.prod.j
s:12:66680)
    at nN (C:\Users\OMEN\projects\revlo-vr\node_modules
\next\dist\compiled\next-server\app-page.runtime.prod.j
s:12:64853)

Error occurred prerendering page 
"/shop/inventory/adjust". Read more: 
https://nextjs.org/docs/messages/prerender-error

 Γ¿» useSearchParams() should be wrapped in a suspense 
boundary at page "/shop/employees". Read more: https://
nextjs.org/docs/messages/missing-suspense-with-csr-bail
out
    at o (C:\Users\OMEN\projects\revlo-vr\.next\server\
chunks\55112.js:61:31102)
    at c (C:\Users\OMEN\projects\revlo-vr\.next\server\
chunks\55112.js:61:42099)
    at o (C:\Users\OMEN\projects\revlo-vr\.next\server\
chunks\30443.js:1:1189)
    at nj (C:\Users\OMEN\projects\revlo-vr\node_modules
\next\dist\compiled\next-server\app-page.runtime.prod.j
s:12:46251)
    at nM (C:\Users\OMEN\projects\revlo-vr\node_modules
\next\dist\compiled\next-server\app-page.runtime.prod.j
s:12:47571)
    at nM (C:\Users\OMEN\projects\revlo-vr\node_modules
\next\dist\compiled\next-server\app-page.runtime.prod.j
s:12:61546)
    at nN (C:\Users\OMEN\projects\revlo-vr\node_modules
\next\dist\compiled\next-server\app-page.runtime.prod.j
s:12:64546)
    at nB (C:\Users\OMEN\projects\revlo-vr\node_modules
\next\dist\compiled\next-server\app-page.runtime.prod.j
s:12:67538)
    at nD (C:\Users\OMEN\projects\revlo-vr\node_modules
\next\dist\compiled\next-server\app-page.runtime.prod.j
s:12:66680)
    at nN (C:\Users\OMEN\projects\revlo-vr\node_modules
\next\dist\compiled\next-server\app-page.runtime.prod.j
s:12:64853)

Error occurred prerendering page "/shop/employees". 
Read more: 
https://nextjs.org/docs/messages/prerender-error

 Γ¿» useSearchParams() should be wrapped in a suspense 
boundary at page "/shop/employees/add". Read more: http
s://nextjs.org/docs/messages/missing-suspense-with-csr-
bailout
    at o (C:\Users\OMEN\projects\revlo-vr\.next\server\
chunks\55112.js:61:31102)
    at c (C:\Users\OMEN\projects\revlo-vr\.next\server\
chunks\55112.js:61:42099)
    at o (C:\Users\OMEN\projects\revlo-vr\.next\server\
chunks\30443.js:1:1189)
    at nj (C:\Users\OMEN\projects\revlo-vr\node_modules
\next\dist\compiled\next-server\app-page.runtime.prod.j
s:12:46251)
    at nM (C:\Users\OMEN\projects\revlo-vr\node_modules
\next\dist\compiled\next-server\app-page.runtime.prod.j
s:12:47571)
    at nM (C:\Users\OMEN\projects\revlo-vr\node_modules
\next\dist\compiled\next-server\app-page.runtime.prod.j
s:12:61546)
    at nN (C:\Users\OMEN\projects\revlo-vr\node_modules
\next\dist\compiled\next-server\app-page.runtime.prod.j
s:12:64546)
    at nB (C:\Users\OMEN\projects\revlo-vr\node_modules
\next\dist\compiled\next-server\app-page.runtime.prod.j
s:12:67538)
    at nD (C:\Users\OMEN\projects\revlo-vr\node_modules
\next\dist\compiled\next-server\app-page.runtime.prod.j
s:12:66680)
    at nN (C:\Users\OMEN\projects\revlo-vr\node_modules
\next\dist\compiled\next-server\app-page.runtime.prod.j
s:12:64853)
    at nB (C:\Users\OMEN\projects\revlo-vr\node_modules
\next\dist\compiled\next-server\app-page.runtime.prod.j
s:12:67538)
    at nD (C:\Users\OMEN\projects\revlo-vr\node_modules
\next\dist\compiled\next-server\app-page.runtime.prod.j
s:12:66680)
    at nN (C:\Users\OMEN\projects\revlo-vr\node_modules
\next\dist\compiled\next-server\app-page.runtime.prod.j
s:12:64853)
    at nB (C:\Users\OMEN\projects\revlo-vr\node_modules
\next\dist\compiled\next-server\app-page.runtime.prod.j
s:12:67538)
    at nD (C:\Users\OMEN\projects\revlo-vr\node_modules
\next\dist\compiled\next-server\app-page.runtime.prod.j
s:12:66680)
    at nN (C:\Users\OMEN\projects\revlo-vr\node_modules
\next\dist\compiled\next-server\app-page.runtime.prod.j
s:12:64853)

Error occurred prerendering page 
"/shop/employees/add". Read more: 
https://nextjs.org/docs/messages/prerender-error

 Γ¿» useSearchParams() should be wrapped in a suspense 
boundary at page "/shop/accounting". Read more: https:/
/nextjs.org/docs/messages/missing-suspense-with-csr-bai
lout
    at o (C:\Users\OMEN\projects\revlo-vr\.next\server\
chunks\55112.js:61:31102)
    at c (C:\Users\OMEN\projects\revlo-vr\.next\server\
chunks\55112.js:61:42099)
    at o (C:\Users\OMEN\projects\revlo-vr\.next\server\
chunks\30443.js:1:1189)
    at nj (C:\Users\OMEN\projects\revlo-vr\node_modules
\next\dist\compiled\next-server\app-page.runtime.prod.j
s:12:46251)
    at nM (C:\Users\OMEN\projects\revlo-vr\node_modules
\next\dist\compiled\next-server\app-page.runtime.prod.j
s:12:47571)
    at nM (C:\Users\OMEN\projects\revlo-vr\node_modules
\next\dist\compiled\next-server\app-page.runtime.prod.j
s:12:61546)
    at nN (C:\Users\OMEN\projects\revlo-vr\node_modules
\next\dist\compiled\next-server\app-page.runtime.prod.j
s:12:64546)
    at nB (C:\Users\OMEN\projects\revlo-vr\node_modules
\next\dist\compiled\next-server\app-page.runtime.prod.j
s:12:67538)
    at nD (C:\Users\OMEN\projects\revlo-vr\node_modules
\next\dist\compiled\next-server\app-page.runtime.prod.j
s:12:66680)
    at nN (C:\Users\OMEN\projects\revlo-vr\node_modules
\next\dist\compiled\next-server\app-page.runtime.prod.j
s:12:64853)
    at nB (C:\Users\OMEN\projects\revlo-vr\node_modules
\next\dist\compiled\next-server\app-page.runtime.prod.j
s:12:67538)
    at nD (C:\Users\OMEN\projects\revlo-vr\node_modules
\next\dist\compiled\next-server\app-page.runtime.prod.j
s:12:66680)
    at nN (C:\Users\OMEN\projects\revlo-vr\node_modules
\next\dist\compiled\next-server\app-page.runtime.prod.j
s:12:64853)
    at nB (C:\Users\OMEN\projects\revlo-vr\node_modules
\next\dist\compiled\next-server\app-page.runtime.prod.j
s:12:67538)
    at nD (C:\Users\OMEN\projects\revlo-vr\node_modules
\next\dist\compiled\next-server\app-page.runtime.prod.j
s:12:66680)
    at nN (C:\Users\OMEN\projects\revlo-vr\node_modules
\next\dist\compiled\next-server\app-page.runtime.prod.j
s:12:64853)

Error occurred prerendering page "/shop/accounting". 
Read more: 
https://nextjs.org/docs/messages/prerender-error

 Γ¿» useSearchParams() should be wrapped in a suspense 
boundary at page "/shop". Read more: https://nextjs.org
/docs/messages/missing-suspense-with-csr-bailout
    at o (C:\Users\OMEN\projects\revlo-vr\.next\server\
chunks\55112.js:61:31102)
    at c (C:\Users\OMEN\projects\revlo-vr\.next\server\
chunks\55112.js:61:42099)
    at o (C:\Users\OMEN\projects\revlo-vr\.next\server\
chunks\30443.js:1:1189)
    at nj (C:\Users\OMEN\projects\revlo-vr\node_modules
\next\dist\compiled\next-server\app-page.runtime.prod.j
s:12:46251)
    at nM (C:\Users\OMEN\projects\revlo-vr\node_modules
\next\dist\compiled\next-server\app-page.runtime.prod.j
s:12:47571)
    at nM (C:\Users\OMEN\projects\revlo-vr\node_modules
\next\dist\compiled\next-server\app-page.runtime.prod.j
s:12:61546)
    at nN (C:\Users\OMEN\projects\revlo-vr\node_modules
\next\dist\compiled\next-server\app-page.runtime.prod.j
s:12:64546)
    at nB (C:\Users\OMEN\projects\revlo-vr\node_modules
\next\dist\compiled\next-server\app-page.runtime.prod.j
s:12:67538)
    at nD (C:\Users\OMEN\projects\revlo-vr\node_modules
\next\dist\compiled\next-server\app-page.runtime.prod.j
s:12:66680)
    at nN (C:\Users\OMEN\projects\revlo-vr\node_modules
\next\dist\compiled\next-server\app-page.runtime.prod.j
s:12:64853)

Error occurred prerendering page "/shop". Read more: 
https://nextjs.org/docs/messages/prerender-error

 Γ¿» useSearchParams() should be wrapped in a suspense 
boundary at page "/shop/inventory/add". Read more: http
s://nextjs.org/docs/messages/missing-suspense-with-csr-
bailout
    at o (C:\Users\OMEN\projects\revlo-vr\.next\server\
chunks\55112.js:61:31102)
    at c (C:\Users\OMEN\projects\revlo-vr\.next\server\
chunks\55112.js:61:42099)
    at o (C:\Users\OMEN\projects\revlo-vr\.next\server\
chunks\30443.js:1:1189)
    at nj (C:\Users\OMEN\projects\revlo-vr\node_modules
\next\dist\compiled\next-server\app-page.runtime.prod.j
s:12:46251)
    at nM (C:\Users\OMEN\projects\revlo-vr\node_modules
\next\dist\compiled\next-server\app-page.runtime.prod.j
s:12:47571)
    at nM (C:\Users\OMEN\projects\revlo-vr\node_modules
\next\dist\compiled\next-server\app-page.runtime.prod.j
s:12:61546)
    at nN (C:\Users\OMEN\projects\revlo-vr\node_modules
\next\dist\compiled\next-server\app-page.runtime.prod.j
s:12:64546)
    at nB (C:\Users\OMEN\projects\revlo-vr\node_modules
\next\dist\compiled\next-server\app-page.runtime.prod.j
s:12:67538)
    at nD (C:\Users\OMEN\projects\revlo-vr\node_modules
\next\dist\compiled\next-server\app-page.runtime.prod.j
s:12:66680)
    at nN (C:\Users\OMEN\projects\revlo-vr\node_modules
\next\dist\compiled\next-server\app-page.runtime.prod.j
s:12:64853)
    at nB (C:\Users\OMEN\projects\revlo-vr\node_modules
\next\dist\compiled\next-server\app-page.runtime.prod.j
s:12:67538)
    at nD (C:\Users\OMEN\projects\revlo-vr\node_modules
\next\dist\compiled\next-server\app-page.runtime.prod.j
s:12:66680)
    at nN (C:\Users\OMEN\projects\revlo-vr\node_modules
\next\dist\compiled\next-server\app-page.runtime.prod.j
s:12:64853)
    at nB (C:\Users\OMEN\projects\revlo-vr\node_modules
\next\dist\compiled\next-server\app-page.runtime.prod.j
s:12:67538)
    at nD (C:\Users\OMEN\projects\revlo-vr\node_modules
\next\dist\compiled\next-server\app-page.runtime.prod.j
s:12:66680)
    at nN (C:\Users\OMEN\projects\revlo-vr\node_modules
\next\dist\compiled\next-server\app-page.runtime.prod.j
s:12:64853)

Error occurred prerendering page 
"/shop/inventory/add". Read more: 
https://nextjs.org/docs/messages/prerender-error

 Γ¿» useSearchParams() should be wrapped in a suspense 
boundary at page "/shop/inventory". Read more: https://
nextjs.org/docs/messages/missing-suspense-with-csr-bail
out
    at o (C:\Users\OMEN\projects\revlo-vr\.next\server\
chunks\55112.js:61:31102)
    at c (C:\Users\OMEN\projects\revlo-vr\.next\server\
chunks\55112.js:61:42099)
    at o (C:\Users\OMEN\projects\revlo-vr\.next\server\
chunks\30443.js:1:1189)
    at nj (C:\Users\OMEN\projects\revlo-vr\node_modules
\next\dist\compiled\next-server\app-page.runtime.prod.j
s:12:46251)
    at nM (C:\Users\OMEN\projects\revlo-vr\node_modules
\next\dist\compiled\next-server\app-page.runtime.prod.j
s:12:47571)
    at nM (C:\Users\OMEN\projects\revlo-vr\node_modules
\next\dist\compiled\next-server\app-page.runtime.prod.j
s:12:61546)
    at nN (C:\Users\OMEN\projects\revlo-vr\node_modules
\next\dist\compiled\next-server\app-page.runtime.prod.j
s:12:64546)
    at nB (C:\Users\OMEN\projects\revlo-vr\node_modules
\next\dist\compiled\next-server\app-page.runtime.prod.j
s:12:67538)
    at nD (C:\Users\OMEN\projects\revlo-vr\node_modules
\next\dist\compiled\next-server\app-page.runtime.prod.j
s:12:66680)
    at nN (C:\Users\OMEN\projects\revlo-vr\node_modules
\next\dist\compiled\next-server\app-page.runtime.prod.j
s:12:64853)

Error occurred prerendering page "/shop/inventory". 
Read more: 
https://nextjs.org/docs/messages/prerender-error

 Γ¿» useSearchParams() should be wrapped in a suspense 
boundary at page "/shop/profile". Read more: https://ne
xtjs.org/docs/messages/missing-suspense-with-csr-bailou
t
    at o (C:\Users\OMEN\projects\revlo-vr\.next\server\
chunks\55112.js:61:31102)
    at c (C:\Users\OMEN\projects\revlo-vr\.next\server\
chunks\55112.js:61:42099)
    at o (C:\Users\OMEN\projects\revlo-vr\.next\server\
chunks\30443.js:1:1189)
    at nj (C:\Users\OMEN\projects\revlo-vr\node_modules
\next\dist\compiled\next-server\app-page.runtime.prod.j
s:12:46251)
    at nM (C:\Users\OMEN\projects\revlo-vr\node_modules
\next\dist\compiled\next-server\app-page.runtime.prod.j
s:12:47571)
    at nM (C:\Users\OMEN\projects\revlo-vr\node_modules
\next\dist\compiled\next-server\app-page.runtime.prod.j
s:12:61546)
    at nN (C:\Users\OMEN\projects\revlo-vr\node_modules
\next\dist\compiled\next-server\app-page.runtime.prod.j
s:12:64546)
    at nB (C:\Users\OMEN\projects\revlo-vr\node_modules
\next\dist\compiled\next-server\app-page.runtime.prod.j
s:12:67538)
    at nD (C:\Users\OMEN\projects\revlo-vr\node_modules
\next\dist\compiled\next-server\app-page.runtime.prod.j
s:12:66680)
    at nN (C:\Users\OMEN\projects\revlo-vr\node_modules
\next\dist\compiled\next-server\app-page.runtime.prod.j
s:12:64853)
    at nB (C:\Users\OMEN\projects\revlo-vr\node_modules
\next\dist\compiled\next-server\app-page.runtime.prod.j
s:12:67538)
    at nD (C:\Users\OMEN\projects\revlo-vr\node_modules
\next\dist\compiled\next-server\app-page.runtime.prod.j
s:12:66680)
    at nN (C:\Users\OMEN\projects\revlo-vr\node_modules
\next\dist\compiled\next-server\app-page.runtime.prod.j
s:12:64853)
    at nB (C:\Users\OMEN\projects\revlo-vr\node_modules
\next\dist\compiled\next-server\app-page.runtime.prod.j
s:12:67538)
    at nD (C:\Users\OMEN\projects\revlo-vr\node_modules
\next\dist\compiled\next-server\app-page.runtime.prod.j
s:12:66680)
    at nN (C:\Users\OMEN\projects\revlo-vr\node_modules
\next\dist\compiled\next-server\app-page.runtime.prod.j
s:12:64853)

Error occurred prerendering page "/shop/profile". Read 
more: https://nextjs.org/docs/messages/prerender-error

 Γ¿» useSearchParams() should be wrapped in a suspense 
boundary at page "/reports/company-report". Read more: 
https://nextjs.org/docs/messages/missing-suspense-with-
csr-bailout
    at o (C:\Users\OMEN\projects\revlo-vr\.next\server\
chunks\55112.js:61:31102)
    at c (C:\Users\OMEN\projects\revlo-vr\.next\server\
chunks\55112.js:61:42099)
    at o (C:\Users\OMEN\projects\revlo-vr\.next\server\
chunks\30443.js:1:1189)
    at nj (C:\Users\OMEN\projects\revlo-vr\node_modules
\next\dist\compiled\next-server\app-page.runtime.prod.j
s:12:46251)
    at nM (C:\Users\OMEN\projects\revlo-vr\node_modules
\next\dist\compiled\next-server\app-page.runtime.prod.j
s:12:47571)
    at nM (C:\Users\OMEN\projects\revlo-vr\node_modules
\next\dist\compiled\next-server\app-page.runtime.prod.j
s:12:61546)
    at nN (C:\Users\OMEN\projects\revlo-vr\node_modules
\next\dist\compiled\next-server\app-page.runtime.prod.j
s:12:64546)
    at nB (C:\Users\OMEN\projects\revlo-vr\node_modules
\next\dist\compiled\next-server\app-page.runtime.prod.j
s:12:67538)
    at nD (C:\Users\OMEN\projects\revlo-vr\node_modules
\next\dist\compiled\next-server\app-page.runtime.prod.j
s:12:66680)
    at nN (C:\Users\OMEN\projects\revlo-vr\node_modules
\next\dist\compiled\next-server\app-page.runtime.prod.j
s:12:64853)

Error occurred prerendering page 
"/reports/company-report". Read more: 
https://nextjs.org/docs/messages/prerender-error

 Γ¿» useSearchParams() should be wrapped in a suspense 
boundary at page "/shop/accounting/ledger". Read more: 
https://nextjs.org/docs/messages/missing-suspense-with-
csr-bailout
    at o (C:\Users\OMEN\projects\revlo-vr\.next\server\
chunks\55112.js:61:31102)
    at c (C:\Users\OMEN\projects\revlo-vr\.next\server\
chunks\55112.js:61:42099)
    at o (C:\Users\OMEN\projects\revlo-vr\.next\server\
chunks\30443.js:1:1189)
    at nj (C:\Users\OMEN\projects\revlo-vr\node_modules
\next\dist\compiled\next-server\app-page.runtime.prod.j
s:12:46251)
    at nM (C:\Users\OMEN\projects\revlo-vr\node_modules
\next\dist\compiled\next-server\app-page.runtime.prod.j
s:12:47571)
    at nM (C:\Users\OMEN\projects\revlo-vr\node_modules
\next\dist\compiled\next-server\app-page.runtime.prod.j
s:12:61546)
    at nN (C:\Users\OMEN\projects\revlo-vr\node_modules
\next\dist\compiled\next-server\app-page.runtime.prod.j
s:12:64546)
    at nB (C:\Users\OMEN\projects\revlo-vr\node_modules
\next\dist\compiled\next-server\app-page.runtime.prod.j
s:12:67538)
    at nD (C:\Users\OMEN\projects\revlo-vr\node_modules
\next\dist\compiled\next-server\app-page.runtime.prod.j
s:12:66680)
    at nN (C:\Users\OMEN\projects\revlo-vr\node_modules
\next\dist\compiled\next-server\app-page.runtime.prod.j
s:12:64853)

Error occurred prerendering page 
"/shop/accounting/ledger". Read more: 
https://nextjs.org/docs/messages/prerender-error

 Γ¿» useSearchParams() should be wrapped in a suspense 
boundary at page "/shop/inventory/bulk-import". Read 
more: https://nextjs.org/docs/messages/missing-suspense
-with-csr-bailout
    at o (C:\Users\OMEN\projects\revlo-vr\.next\server\
chunks\55112.js:61:31102)
    at c (C:\Users\OMEN\projects\revlo-vr\.next\server\
chunks\55112.js:61:42099)
    at o (C:\Users\OMEN\projects\revlo-vr\.next\server\
chunks\30443.js:1:1189)
    at nj (C:\Users\OMEN\projects\revlo-vr\node_modules
\next\dist\compiled\next-server\app-page.runtime.prod.j
s:12:46251)
    at nM (C:\Users\OMEN\projects\revlo-vr\node_modules
\next\dist\compiled\next-server\app-page.runtime.prod.j
s:12:47571)
    at nM (C:\Users\OMEN\projects\revlo-vr\node_modules
\next\dist\compiled\next-server\app-page.runtime.prod.j
s:12:61546)
    at nN (C:\Users\OMEN\projects\revlo-vr\node_modules
\next\dist\compiled\next-server\app-page.runtime.prod.j
s:12:64546)
    at nB (C:\Users\OMEN\projects\revlo-vr\node_modules
\next\dist\compiled\next-server\app-page.runtime.prod.j
s:12:67538)
    at nD (C:\Users\OMEN\projects\revlo-vr\node_modules
\next\dist\compiled\next-server\app-page.runtime.prod.j
s:12:66680)
    at nN (C:\Users\OMEN\projects\revlo-vr\node_modules
\next\dist\compiled\next-server\app-page.runtime.prod.j
s:12:64853)
    at nB (C:\Users\OMEN\projects\revlo-vr\node_modules
\next\dist\compiled\next-server\app-page.runtime.prod.j
s:12:67538)
    at nD (C:\Users\OMEN\projects\revlo-vr\node_modules
\next\dist\compiled\next-server\app-page.runtime.prod.j
s:12:66680)
    at nN (C:\Users\OMEN\projects\revlo-vr\node_modules
\next\dist\compiled\next-server\app-page.runtime.prod.j
s:12:64853)
    at nB (C:\Users\OMEN\projects\revlo-vr\node_modules
\next\dist\compiled\next-server\app-page.runtime.prod.j
s:12:67538)
    at nD (C:\Users\OMEN\projects\revlo-vr\node_modules
\next\dist\compiled\next-server\app-page.runtime.prod.j
s:12:66680)
    at nN (C:\Users\OMEN\projects\revlo-vr\node_modules
\next\dist\compiled\next-server\app-page.runtime.prod.j
s:12:64853)

Error occurred prerendering page 
"/shop/inventory/bulk-import". Read more: 
https://nextjs.org/docs/messages/prerender-error

 Γ¿» useSearchParams() should be wrapped in a suspense 
boundary at page "/shop/purchases/add". Read more: http
s://nextjs.org/docs/messages/missing-suspense-with-csr-
bailout
    at o (C:\Users\OMEN\projects\revlo-vr\.next\server\
chunks\55112.js:61:31102)
    at c (C:\Users\OMEN\projects\revlo-vr\.next\server\
chunks\55112.js:61:42099)
    at o (C:\Users\OMEN\projects\revlo-vr\.next\server\
chunks\30443.js:1:1189)
    at nj (C:\Users\OMEN\projects\revlo-vr\node_modules
\next\dist\compiled\next-server\app-page.runtime.prod.j
s:12:46251)
    at nM (C:\Users\OMEN\projects\revlo-vr\node_modules
\next\dist\compiled\next-server\app-page.runtime.prod.j
s:12:47571)
    at nM (C:\Users\OMEN\projects\revlo-vr\node_modules
\next\dist\compiled\next-server\app-page.runtime.prod.j
s:12:61546)
    at nN (C:\Users\OMEN\projects\revlo-vr\node_modules
\next\dist\compiled\next-server\app-page.runtime.prod.j
s:12:64546)
    at nB (C:\Users\OMEN\projects\revlo-vr\node_modules
\next\dist\compiled\next-server\app-page.runtime.prod.j
s:12:67538)
    at nD (C:\Users\OMEN\projects\revlo-vr\node_modules
\next\dist\compiled\next-server\app-page.runtime.prod.j
s:12:66680)
    at nN (C:\Users\OMEN\projects\revlo-vr\node_modules
\next\dist\compiled\next-server\app-page.runtime.prod.j
s:12:64853)

Error occurred prerendering page 
"/shop/purchases/add". Read more: 
https://nextjs.org/docs/messages/prerender-error

 Γ¿» useSearchParams() should be wrapped in a suspense 
boundary at page "/shop/reports/low-stock". Read more: 
https://nextjs.org/docs/messages/missing-suspense-with-
csr-bailout
    at o (C:\Users\OMEN\projects\revlo-vr\.next\server\
chunks\55112.js:61:31102)
    at c (C:\Users\OMEN\projects\revlo-vr\.next\server\
chunks\55112.js:61:42099)
    at o (C:\Users\OMEN\projects\revlo-vr\.next\server\
chunks\30443.js:1:1189)
    at nj (C:\Users\OMEN\projects\revlo-vr\node_modules
\next\dist\compiled\next-server\app-page.runtime.prod.j
s:12:46251)
    at nM (C:\Users\OMEN\projects\revlo-vr\node_modules
\next\dist\compiled\next-server\app-page.runtime.prod.j
s:12:47571)
    at nM (C:\Users\OMEN\projects\revlo-vr\node_modules
\next\dist\compiled\next-server\app-page.runtime.prod.j
s:12:61546)
    at nN (C:\Users\OMEN\projects\revlo-vr\node_modules
\next\dist\compiled\next-server\app-page.runtime.prod.j
s:12:64546)
    at nB (C:\Users\OMEN\projects\revlo-vr\node_modules
\next\dist\compiled\next-server\app-page.runtime.prod.j
s:12:67538)
    at nD (C:\Users\OMEN\projects\revlo-vr\node_modules
\next\dist\compiled\next-server\app-page.runtime.prod.j
s:12:66680)
    at nN (C:\Users\OMEN\projects\revlo-vr\node_modules
\next\dist\compiled\next-server\app-page.runtime.prod.j
s:12:64853)

Error occurred prerendering page 
"/shop/reports/low-stock". Read more: 
https://nextjs.org/docs/messages/prerender-error

 Γ¿» useSearchParams() should be wrapped in a suspense 
boundary at page "/shop/reports/aging/vendor". Read 
more: https://nextjs.org/docs/messages/missing-suspense
-with-csr-bailout
    at o (C:\Users\OMEN\projects\revlo-vr\.next\server\
chunks\55112.js:61:31102)
    at c (C:\Users\OMEN\projects\revlo-vr\.next\server\
chunks\55112.js:61:42099)
    at o (C:\Users\OMEN\projects\revlo-vr\.next\server\
chunks\30443.js:1:1189)
    at nj (C:\Users\OMEN\projects\revlo-vr\node_modules
\next\dist\compiled\next-server\app-page.runtime.prod.j
s:12:46251)
    at nM (C:\Users\OMEN\projects\revlo-vr\node_modules
\next\dist\compiled\next-server\app-page.runtime.prod.j
s:12:47571)
    at nM (C:\Users\OMEN\projects\revlo-vr\node_modules
\next\dist\compiled\next-server\app-page.runtime.prod.j
s:12:61546)
    at nN (C:\Users\OMEN\projects\revlo-vr\node_modules
\next\dist\compiled\next-server\app-page.runtime.prod.j
s:12:64546)
    at nB (C:\Users\OMEN\projects\revlo-vr\node_modules
\next\dist\compiled\next-server\app-page.runtime.prod.j
s:12:67538)
    at nD (C:\Users\OMEN\projects\revlo-vr\node_modules
\next\dist\compiled\next-server\app-page.runtime.prod.j
s:12:66680)
    at nN (C:\Users\OMEN\projects\revlo-vr\node_modules
\next\dist\compiled\next-server\app-page.runtime.prod.j
s:12:64853)

Error occurred prerendering page 
"/shop/reports/aging/vendor". Read more: 
https://nextjs.org/docs/messages/prerender-error

 Γ¿» useSearchParams() should be wrapped in a suspense 
boundary at page "/shop/purchases/create". Read more: h
ttps://nextjs.org/docs/messages/missing-suspense-with-c
sr-bailout
    at o (C:\Users\OMEN\projects\revlo-vr\.next\server\
chunks\55112.js:61:31102)
    at c (C:\Users\OMEN\projects\revlo-vr\.next\server\
chunks\55112.js:61:42099)
    at o (C:\Users\OMEN\projects\revlo-vr\.next\server\
chunks\30443.js:1:1189)
    at nj (C:\Users\OMEN\projects\revlo-vr\node_modules
\next\dist\compiled\next-server\app-page.runtime.prod.j
s:12:46251)
    at nM (C:\Users\OMEN\projects\revlo-vr\node_modules
\next\dist\compiled\next-server\app-page.runtime.prod.j
s:12:47571)
    at nM (C:\Users\OMEN\projects\revlo-vr\node_modules
\next\dist\compiled\next-server\app-page.runtime.prod.j
s:12:61546)
    at nN (C:\Users\OMEN\projects\revlo-vr\node_modules
\next\dist\compiled\next-server\app-page.runtime.prod.j
s:12:64546)
    at nB (C:\Users\OMEN\projects\revlo-vr\node_modules
\next\dist\compiled\next-server\app-page.runtime.prod.j
s:12:67538)
    at nD (C:\Users\OMEN\projects\revlo-vr\node_modules
\next\dist\compiled\next-server\app-page.runtime.prod.j
s:12:66680)
    at nN (C:\Users\OMEN\projects\revlo-vr\node_modules
\next\dist\compiled\next-server\app-page.runtime.prod.j
s:12:64853)
    at nB (C:\Users\OMEN\projects\revlo-vr\node_modules
\next\dist\compiled\next-server\app-page.runtime.prod.j
s:12:67538)
    at nD (C:\Users\OMEN\projects\revlo-vr\node_modules
\next\dist\compiled\next-server\app-page.runtime.prod.j
s:12:66680)
    at nN (C:\Users\OMEN\projects\revlo-vr\node_modules
\next\dist\compiled\next-server\app-page.runtime.prod.j
s:12:64853)
    at nB (C:\Users\OMEN\projects\revlo-vr\node_modules
\next\dist\compiled\next-server\app-page.runtime.prod.j
s:12:67538)
    at nD (C:\Users\OMEN\projects\revlo-vr\node_modules
\next\dist\compiled\next-server\app-page.runtime.prod.j
s:12:66680)
    at nN (C:\Users\OMEN\projects\revlo-vr\node_modules
\next\dist\compiled\next-server\app-page.runtime.prod.j
s:12:64853)

Error occurred prerendering page 
"/shop/purchases/create". Read more: 
https://nextjs.org/docs/messages/prerender-error

 Γ¿» useSearchParams() should be wrapped in a suspense 
boundary at page "/shop/reports/aging/customer". Read 
more: https://nextjs.org/docs/messages/missing-suspense
-with-csr-bailout
    at o (C:\Users\OMEN\projects\revlo-vr\.next\server\
chunks\55112.js:61:31102)
    at c (C:\Users\OMEN\projects\revlo-vr\.next\server\
chunks\55112.js:61:42099)
    at o (C:\Users\OMEN\projects\revlo-vr\.next\server\
chunks\30443.js:1:1189)
    at nj (C:\Users\OMEN\projects\revlo-vr\node_modules
\next\dist\compiled\next-server\app-page.runtime.prod.j
s:12:46251)
    at nM (C:\Users\OMEN\projects\revlo-vr\node_modules
\next\dist\compiled\next-server\app-page.runtime.prod.j
s:12:47571)
    at nM (C:\Users\OMEN\projects\revlo-vr\node_modules
\next\dist\compiled\next-server\app-page.runtime.prod.j
s:12:61546)
    at nN (C:\Users\OMEN\projects\revlo-vr\node_modules
\next\dist\compiled\next-server\app-page.runtime.prod.j
s:12:64546)
    at nB (C:\Users\OMEN\projects\revlo-vr\node_modules
\next\dist\compiled\next-server\app-page.runtime.prod.j
s:12:67538)
    at nD (C:\Users\OMEN\projects\revlo-vr\node_modules
\next\dist\compiled\next-server\app-page.runtime.prod.j
s:12:66680)
    at nN (C:\Users\OMEN\projects\revlo-vr\node_modules
\next\dist\compiled\next-server\app-page.runtime.prod.j
s:12:64853)

Error occurred prerendering page 
"/shop/reports/aging/customer". Read more: 
https://nextjs.org/docs/messages/prerender-error

 Γ¿» useSearchParams() should be wrapped in a suspense 
boundary at page "/shop/reports/ledger". Read more: htt
ps://nextjs.org/docs/messages/missing-suspense-with-csr
-bailout
    at o (C:\Users\OMEN\projects\revlo-vr\.next\server\
chunks\55112.js:61:31102)
    at c (C:\Users\OMEN\projects\revlo-vr\.next\server\
chunks\55112.js:61:42099)
    at o (C:\Users\OMEN\projects\revlo-vr\.next\server\
chunks\30443.js:1:1189)
    at nj (C:\Users\OMEN\projects\revlo-vr\node_modules
\next\dist\compiled\next-server\app-page.runtime.prod.j
s:12:46251)
    at nM (C:\Users\OMEN\projects\revlo-vr\node_modules
\next\dist\compiled\next-server\app-page.runtime.prod.j
s:12:47571)
    at nM (C:\Users\OMEN\projects\revlo-vr\node_modules
\next\dist\compiled\next-server\app-page.runtime.prod.j
s:12:61546)
    at nN (C:\Users\OMEN\projects\revlo-vr\node_modules
\next\dist\compiled\next-server\app-page.runtime.prod.j
s:12:64546)
    at nB (C:\Users\OMEN\projects\revlo-vr\node_modules
\next\dist\compiled\next-server\app-page.runtime.prod.j
s:12:67538)
    at nD (C:\Users\OMEN\projects\revlo-vr\node_modules
\next\dist\compiled\next-server\app-page.runtime.prod.j
s:12:66680)
    at nN (C:\Users\OMEN\projects\revlo-vr\node_modules
\next\dist\compiled\next-server\app-page.runtime.prod.j
s:12:64853)
    at nB (C:\Users\OMEN\projects\revlo-vr\node_modules
\next\dist\compiled\next-server\app-page.runtime.prod.j
s:12:67538)
    at nD (C:\Users\OMEN\projects\revlo-vr\node_modules
\next\dist\compiled\next-server\app-page.runtime.prod.j
s:12:66680)
    at nN (C:\Users\OMEN\projects\revlo-vr\node_modules
\next\dist\compiled\next-server\app-page.runtime.prod.j
s:12:64853)
    at nB (C:\Users\OMEN\projects\revlo-vr\node_modules
\next\dist\compiled\next-server\app-page.runtime.prod.j
s:12:67538)
    at nD (C:\Users\OMEN\projects\revlo-vr\node_modules
\next\dist\compiled\next-server\app-page.runtime.prod.j
s:12:66680)
    at nN (C:\Users\OMEN\projects\revlo-vr\node_modules
\next\dist\compiled\next-server\app-page.runtime.prod.j
s:12:64853)

Error occurred prerendering page 
"/shop/reports/ledger". Read more: 
https://nextjs.org/docs/messages/prerender-error

 Γ¿» useSearchParams() should be wrapped in a suspense 
boundary at page "/shop/pos". Read more: https://nextjs
.org/docs/messages/missing-suspense-with-csr-bailout
    at o (C:\Users\OMEN\projects\revlo-vr\.next\server\
chunks\55112.js:61:31102)
    at c (C:\Users\OMEN\projects\revlo-vr\.next\server\
chunks\55112.js:61:42099)
    at o (C:\Users\OMEN\projects\revlo-vr\.next\server\
chunks\30443.js:1:1189)
    at nj (C:\Users\OMEN\projects\revlo-vr\node_modules
\next\dist\compiled\next-server\app-page.runtime.prod.j
s:12:46251)
    at nM (C:\Users\OMEN\projects\revlo-vr\node_modules
\next\dist\compiled\next-server\app-page.runtime.prod.j
s:12:47571)
    at nM (C:\Users\OMEN\projects\revlo-vr\node_modules
\next\dist\compiled\next-server\app-page.runtime.prod.j
s:12:61546)
    at nN (C:\Users\OMEN\projects\revlo-vr\node_modules
\next\dist\compiled\next-server\app-page.runtime.prod.j
s:12:64546)
    at nB (C:\Users\OMEN\projects\revlo-vr\node_modules
\next\dist\compiled\next-server\app-page.runtime.prod.j
s:12:67538)
    at nD (C:\Users\OMEN\projects\revlo-vr\node_modules
\next\dist\compiled\next-server\app-page.runtime.prod.j
s:12:66680)
    at nN (C:\Users\OMEN\projects\revlo-vr\node_modules
\next\dist\compiled\next-server\app-page.runtime.prod.j
s:12:64853)

Error occurred prerendering page "/shop/pos". Read 
more: https://nextjs.org/docs/messages/prerender-error

 Γ¿» useSearchParams() should be wrapped in a suspense 
boundary at page "/shop/reports/balance-sheet". Read 
more: https://nextjs.org/docs/messages/missing-suspense
-with-csr-bailout
    at o (C:\Users\OMEN\projects\revlo-vr\.next\server\
chunks\55112.js:61:31102)
    at c (C:\Users\OMEN\projects\revlo-vr\.next\server\
chunks\55112.js:61:42099)
    at o (C:\Users\OMEN\projects\revlo-vr\.next\server\
chunks\30443.js:1:1189)
    at nj (C:\Users\OMEN\projects\revlo-vr\node_modules
\next\dist\compiled\next-server\app-page.runtime.prod.j
s:12:46251)
    at nM (C:\Users\OMEN\projects\revlo-vr\node_modules
\next\dist\compiled\next-server\app-page.runtime.prod.j
s:12:47571)
    at nM (C:\Users\OMEN\projects\revlo-vr\node_modules
\next\dist\compiled\next-server\app-page.runtime.prod.j
s:12:61546)
    at nN (C:\Users\OMEN\projects\revlo-vr\node_modules
\next\dist\compiled\next-server\app-page.runtime.prod.j
s:12:64546)
    at nB (C:\Users\OMEN\projects\revlo-vr\node_modules
\next\dist\compiled\next-server\app-page.runtime.prod.j
s:12:67538)
    at nD (C:\Users\OMEN\projects\revlo-vr\node_modules
\next\dist\compiled\next-server\app-page.runtime.prod.j
s:12:66680)
    at nN (C:\Users\OMEN\projects\revlo-vr\node_modules
\next\dist\compiled\next-server\app-page.runtime.prod.j
s:12:64853)
    at nB (C:\Users\OMEN\projects\revlo-vr\node_modules
\next\dist\compiled\next-server\app-page.runtime.prod.j
s:12:67538)
    at nD (C:\Users\OMEN\projects\revlo-vr\node_modules
\next\dist\compiled\next-server\app-page.runtime.prod.j
s:12:66680)
    at nN (C:\Users\OMEN\projects\revlo-vr\node_modules
\next\dist\compiled\next-server\app-page.runtime.prod.j
s:12:64853)
    at nB (C:\Users\OMEN\projects\revlo-vr\node_modules
\next\dist\compiled\next-server\app-page.runtime.prod.j
s:12:67538)
    at nD (C:\Users\OMEN\projects\revlo-vr\node_modules
\next\dist\compiled\next-server\app-page.runtime.prod.j
s:12:66680)
    at nN (C:\Users\OMEN\projects\revlo-vr\node_modules
\next\dist\compiled\next-server\app-page.runtime.prod.j
s:12:64853)

Error occurred prerendering page 
"/shop/reports/balance-sheet". Read more: 
https://nextjs.org/docs/messages/prerender-error

 Γ¿» useSearchParams() should be wrapped in a suspense 
boundary at page "/shop/reports/finance". Read more: ht
tps://nextjs.org/docs/messages/missing-suspense-with-cs
r-bailout
    at o (C:\Users\OMEN\projects\revlo-vr\.next\server\
chunks\55112.js:61:31102)
    at c (C:\Users\OMEN\projects\revlo-vr\.next\server\
chunks\55112.js:61:42099)
    at o (C:\Users\OMEN\projects\revlo-vr\.next\server\
chunks\30443.js:1:1189)
    at nj (C:\Users\OMEN\projects\revlo-vr\node_modules
\next\dist\compiled\next-server\app-page.runtime.prod.j
s:12:46251)
    at nM (C:\Users\OMEN\projects\revlo-vr\node_modules
\next\dist\compiled\next-server\app-page.runtime.prod.j
s:12:47571)
    at nM (C:\Users\OMEN\projects\revlo-vr\node_modules
\next\dist\compiled\next-server\app-page.runtime.prod.j
s:12:61546)
    at nN (C:\Users\OMEN\projects\revlo-vr\node_modules
\next\dist\compiled\next-server\app-page.runtime.prod.j
s:12:64546)
    at nB (C:\Users\OMEN\projects\revlo-vr\node_modules
\next\dist\compiled\next-server\app-page.runtime.prod.j
s:12:67538)
    at nD (C:\Users\OMEN\projects\revlo-vr\node_modules
\next\dist\compiled\next-server\app-page.runtime.prod.j
s:12:66680)
    at nN (C:\Users\OMEN\projects\revlo-vr\node_modules
\next\dist\compiled\next-server\app-page.runtime.prod.j
s:12:64853)
    at nB (C:\Users\OMEN\projects\revlo-vr\node_modules
\next\dist\compiled\next-server\app-page.runtime.prod.j
s:12:67538)
    at nD (C:\Users\OMEN\projects\revlo-vr\node_modules
\next\dist\compiled\next-server\app-page.runtime.prod.j
s:12:66680)
    at nN (C:\Users\OMEN\projects\revlo-vr\node_modules
\next\dist\compiled\next-server\app-page.runtime.prod.j
s:12:64853)
    at nB (C:\Users\OMEN\projects\revlo-vr\node_modules
\next\dist\compiled\next-server\app-page.runtime.prod.j
s:12:67538)
    at nD (C:\Users\OMEN\projects\revlo-vr\node_modules
\next\dist\compiled\next-server\app-page.runtime.prod.j
s:12:66680)
    at nN (C:\Users\OMEN\projects\revlo-vr\node_modules
\next\dist\compiled\next-server\app-page.runtime.prod.j
s:12:64853)

Error occurred prerendering page 
"/shop/reports/finance". Read more: 
https://nextjs.org/docs/messages/prerender-error

 Γ¿» useSearchParams() should be wrapped in a suspense 
boundary at page "/shop/reports/top-products". Read 
more: https://nextjs.org/docs/messages/missing-suspense
-with-csr-bailout
    at o (C:\Users\OMEN\projects\revlo-vr\.next\server\
chunks\55112.js:61:31102)
    at c (C:\Users\OMEN\projects\revlo-vr\.next\server\
chunks\55112.js:61:42099)
    at o (C:\Users\OMEN\projects\revlo-vr\.next\server\
chunks\30443.js:1:1189)
    at nj (C:\Users\OMEN\projects\revlo-vr\node_modules
\next\dist\compiled\next-server\app-page.runtime.prod.j
s:12:46251)
    at nM (C:\Users\OMEN\projects\revlo-vr\node_modules
\next\dist\compiled\next-server\app-page.runtime.prod.j
s:12:47571)
    at nM (C:\Users\OMEN\projects\revlo-vr\node_modules
\next\dist\compiled\next-server\app-page.runtime.prod.j
s:12:61546)
    at nN (C:\Users\OMEN\projects\revlo-vr\node_modules
\next\dist\compiled\next-server\app-page.runtime.prod.j
s:12:64546)
    at nB (C:\Users\OMEN\projects\revlo-vr\node_modules
\next\dist\compiled\next-server\app-page.runtime.prod.j
s:12:67538)
    at nD (C:\Users\OMEN\projects\revlo-vr\node_modules
\next\dist\compiled\next-server\app-page.runtime.prod.j
s:12:66680)
    at nN (C:\Users\OMEN\projects\revlo-vr\node_modules
\next\dist\compiled\next-server\app-page.runtime.prod.j
s:12:64853)

Error occurred prerendering page 
"/shop/reports/top-products". Read more: 
https://nextjs.org/docs/messages/prerender-error

 Γ¿» useSearchParams() should be wrapped in a suspense 
boundary at page "/shop/reports". Read more: https://ne
xtjs.org/docs/messages/missing-suspense-with-csr-bailou
t
    at o (C:\Users\OMEN\projects\revlo-vr\.next\server\
chunks\55112.js:61:31102)
    at c (C:\Users\OMEN\projects\revlo-vr\.next\server\
chunks\55112.js:61:42099)
    at o (C:\Users\OMEN\projects\revlo-vr\.next\server\
chunks\30443.js:1:1189)
    at nj (C:\Users\OMEN\projects\revlo-vr\node_modules
\next\dist\compiled\next-server\app-page.runtime.prod.j
s:12:46251)
    at nM (C:\Users\OMEN\projects\revlo-vr\node_modules
\next\dist\compiled\next-server\app-page.runtime.prod.j
s:12:47571)
    at nM (C:\Users\OMEN\projects\revlo-vr\node_modules
\next\dist\compiled\next-server\app-page.runtime.prod.j
s:12:61546)
    at nN (C:\Users\OMEN\projects\revlo-vr\node_modules
\next\dist\compiled\next-server\app-page.runtime.prod.j
s:12:64546)
    at nB (C:\Users\OMEN\projects\revlo-vr\node_modules
\next\dist\compiled\next-server\app-page.runtime.prod.j
s:12:67538)
    at nD (C:\Users\OMEN\projects\revlo-vr\node_modules
\next\dist\compiled\next-server\app-page.runtime.prod.j
s:12:66680)
    at nN (C:\Users\OMEN\projects\revlo-vr\node_modules
\next\dist\compiled\next-server\app-page.runtime.prod.j
s:12:64853)

Error occurred prerendering page "/shop/reports". Read 
more: https://nextjs.org/docs/messages/prerender-error

 Γ¿» useSearchParams() should be wrapped in a suspense 
boundary at page "/shop/manual-entry". Read more: https
://nextjs.org/docs/messages/missing-suspense-with-csr-b
ailout
    at o (C:\Users\OMEN\projects\revlo-vr\.next\server\
chunks\55112.js:61:31102)
    at c (C:\Users\OMEN\projects\revlo-vr\.next\server\
chunks\55112.js:61:42099)
    at o (C:\Users\OMEN\projects\revlo-vr\.next\server\
chunks\30443.js:1:1189)
    at nj (C:\Users\OMEN\projects\revlo-vr\node_modules
\next\dist\compiled\next-server\app-page.runtime.prod.j
s:12:46251)
    at nM (C:\Users\OMEN\projects\revlo-vr\node_modules
\next\dist\compiled\next-server\app-page.runtime.prod.j
s:12:47571)
    at nM (C:\Users\OMEN\projects\revlo-vr\node_modules
\next\dist\compiled\next-server\app-page.runtime.prod.j
s:12:61546)
    at nN (C:\Users\OMEN\projects\revlo-vr\node_modules
\next\dist\compiled\next-server\app-page.runtime.prod.j
s:12:64546)
    at nB (C:\Users\OMEN\projects\revlo-vr\node_modules
\next\dist\compiled\next-server\app-page.runtime.prod.j
s:12:67538)
    at nD (C:\Users\OMEN\projects\revlo-vr\node_modules
\next\dist\compiled\next-server\app-page.runtime.prod.j
s:12:66680)
    at nN (C:\Users\OMEN\projects\revlo-vr\node_modules
\next\dist\compiled\next-server\app-page.runtime.prod.j
s:12:64853)
    at nB (C:\Users\OMEN\projects\revlo-vr\node_modules
\next\dist\compiled\next-server\app-page.runtime.prod.j
s:12:67538)
    at nD (C:\Users\OMEN\projects\revlo-vr\node_modules
\next\dist\compiled\next-server\app-page.runtime.prod.j
s:12:66680)
    at nN (C:\Users\OMEN\projects\revlo-vr\node_modules
\next\dist\compiled\next-server\app-page.runtime.prod.j
s:12:64853)
    at nB (C:\Users\OMEN\projects\revlo-vr\node_modules
\next\dist\compiled\next-server\app-page.runtime.prod.j
s:12:67538)
    at nD (C:\Users\OMEN\projects\revlo-vr\node_modules
\next\dist\compiled\next-server\app-page.runtime.prod.j
s:12:66680)
    at nN (C:\Users\OMEN\projects\revlo-vr\node_modules
\next\dist\compiled\next-server\app-page.runtime.prod.j
s:12:64853)

Error occurred prerendering page "/shop/manual-entry". 
Read more: 
https://nextjs.org/docs/messages/prerender-error

 Γ¿» useSearchParams() should be wrapped in a suspense 
boundary at page "/shop/reports/categories". Read 
more: https://nextjs.org/docs/messages/missing-suspense
-with-csr-bailout
    at o (C:\Users\OMEN\projects\revlo-vr\.next\server\
chunks\55112.js:61:31102)
    at c (C:\Users\OMEN\projects\revlo-vr\.next\server\
chunks\55112.js:61:42099)
    at o (C:\Users\OMEN\projects\revlo-vr\.next\server\
chunks\30443.js:1:1189)
    at nj (C:\Users\OMEN\projects\revlo-vr\node_modules
\next\dist\compiled\next-server\app-page.runtime.prod.j
s:12:46251)
    at nM (C:\Users\OMEN\projects\revlo-vr\node_modules
\next\dist\compiled\next-server\app-page.runtime.prod.j
s:12:47571)
    at nM (C:\Users\OMEN\projects\revlo-vr\node_modules
\next\dist\compiled\next-server\app-page.runtime.prod.j
s:12:61546)
    at nN (C:\Users\OMEN\projects\revlo-vr\node_modules
\next\dist\compiled\next-server\app-page.runtime.prod.j
s:12:64546)
    at nB (C:\Users\OMEN\projects\revlo-vr\node_modules
\next\dist\compiled\next-server\app-page.runtime.prod.j
s:12:67538)
    at nD (C:\Users\OMEN\projects\revlo-vr\node_modules
\next\dist\compiled\next-server\app-page.runtime.prod.j
s:12:66680)
    at nN (C:\Users\OMEN\projects\revlo-vr\node_modules
\next\dist\compiled\next-server\app-page.runtime.prod.j
s:12:64853)
    at nB (C:\Users\OMEN\projects\revlo-vr\node_modules
\next\dist\compiled\next-server\app-page.runtime.prod.j
s:12:67538)
    at nD (C:\Users\OMEN\projects\revlo-vr\node_modules
\next\dist\compiled\next-server\app-page.runtime.prod.j
s:12:66680)
    at nN (C:\Users\OMEN\projects\revlo-vr\node_modules
\next\dist\compiled\next-server\app-page.runtime.prod.j
s:12:64853)
    at nB (C:\Users\OMEN\projects\revlo-vr\node_modules
\next\dist\compiled\next-server\app-page.runtime.prod.j
s:12:67538)
    at nD (C:\Users\OMEN\projects\revlo-vr\node_modules
\next\dist\compiled\next-server\app-page.runtime.prod.j
s:12:66680)
    at nN (C:\Users\OMEN\projects\revlo-vr\node_modules
\next\dist\compiled\next-server\app-page.runtime.prod.j
s:12:64853)

Error occurred prerendering page 
"/shop/reports/categories". Read more: 
https://nextjs.org/docs/messages/prerender-error

 Γ¿» useSearchParams() should be wrapped in a suspense 
boundary at page "/shop/dashboard". Read more: https://
nextjs.org/docs/messages/missing-suspense-with-csr-bail
out
    at o (C:\Users\OMEN\projects\revlo-vr\.next\server\
chunks\55112.js:61:31102)
    at c (C:\Users\OMEN\projects\revlo-vr\.next\server\
chunks\55112.js:61:42099)
    at o (C:\Users\OMEN\projects\revlo-vr\.next\server\
chunks\30443.js:1:1189)
    at nj (C:\Users\OMEN\projects\revlo-vr\node_modules
\next\dist\compiled\next-server\app-page.runtime.prod.j
s:12:46251)
    at nM (C:\Users\OMEN\projects\revlo-vr\node_modules
\next\dist\compiled\next-server\app-page.runtime.prod.j
s:12:47571)
    at nM (C:\Users\OMEN\projects\revlo-vr\node_modules
\next\dist\compiled\next-server\app-page.runtime.prod.j
s:12:61546)
    at nN (C:\Users\OMEN\projects\revlo-vr\node_modules
\next\dist\compiled\next-server\app-page.runtime.prod.j
s:12:64546)
    at nB (C:\Users\OMEN\projects\revlo-vr\node_modules
\next\dist\compiled\next-server\app-page.runtime.prod.j
s:12:67538)
    at nD (C:\Users\OMEN\projects\revlo-vr\node_modules
\next\dist\compiled\next-server\app-page.runtime.prod.j
s:12:66680)
    at nN (C:\Users\OMEN\projects\revlo-vr\node_modules
\next\dist\compiled\next-server\app-page.runtime.prod.j
s:12:64853)
    at nB (C:\Users\OMEN\projects\revlo-vr\node_modules
\next\dist\compiled\next-server\app-page.runtime.prod.j
s:12:67538)
    at nD (C:\Users\OMEN\projects\revlo-vr\node_modules
\next\dist\compiled\next-server\app-page.runtime.prod.j
s:12:66680)
    at nN (C:\Users\OMEN\projects\revlo-vr\node_modules
\next\dist\compiled\next-server\app-page.runtime.prod.j
s:12:64853)
    at nB (C:\Users\OMEN\projects\revlo-vr\node_modules
\next\dist\compiled\next-server\app-page.runtime.prod.j
s:12:67538)
    at nD (C:\Users\OMEN\projects\revlo-vr\node_modules
\next\dist\compiled\next-server\app-page.runtime.prod.j
s:12:66680)
    at nN (C:\Users\OMEN\projects\revlo-vr\node_modules
\next\dist\compiled\next-server\app-page.runtime.prod.j
s:12:64853)

Error occurred prerendering page "/shop/dashboard". 
Read more: 
https://nextjs.org/docs/messages/prerender-error

 Γ¿» useSearchParams() should be wrapped in a suspense 
boundary at page "/shop/reports/sales". Read more: http
s://nextjs.org/docs/messages/missing-suspense-with-csr-
bailout
    at o (C:\Users\OMEN\projects\revlo-vr\.next\server\
chunks\55112.js:61:31102)
    at c (C:\Users\OMEN\projects\revlo-vr\.next\server\
chunks\55112.js:61:42099)
    at o (C:\Users\OMEN\projects\revlo-vr\.next\server\
chunks\30443.js:1:1189)
    at nj (C:\Users\OMEN\projects\revlo-vr\node_modules
\next\dist\compiled\next-server\app-page.runtime.prod.j
s:12:46251)
    at nM (C:\Users\OMEN\projects\revlo-vr\node_modules
\next\dist\compiled\next-server\app-page.runtime.prod.j
s:12:47571)
    at nM (C:\Users\OMEN\projects\revlo-vr\node_modules
\next\dist\compiled\next-server\app-page.runtime.prod.j
s:12:61546)
    at nN (C:\Users\OMEN\projects\revlo-vr\node_modules
\next\dist\compiled\next-server\app-page.runtime.prod.j
s:12:64546)
    at nB (C:\Users\OMEN\projects\revlo-vr\node_modules
\next\dist\compiled\next-server\app-page.runtime.prod.j
s:12:67538)
    at nD (C:\Users\OMEN\projects\revlo-vr\node_modules
\next\dist\compiled\next-server\app-page.runtime.prod.j
s:12:66680)
    at nN (C:\Users\OMEN\projects\revlo-vr\node_modules
\next\dist\compiled\next-server\app-page.runtime.prod.j
s:12:64853)
    at nB (C:\Users\OMEN\projects\revlo-vr\node_modules
\next\dist\compiled\next-server\app-page.runtime.prod.j
s:12:67538)
    at nD (C:\Users\OMEN\projects\revlo-vr\node_modules
\next\dist\compiled\next-server\app-page.runtime.prod.j
s:12:66680)
    at nN (C:\Users\OMEN\projects\revlo-vr\node_modules
\next\dist\compiled\next-server\app-page.runtime.prod.j
s:12:64853)
    at nB (C:\Users\OMEN\projects\revlo-vr\node_modules
\next\dist\compiled\next-server\app-page.runtime.prod.j
s:12:67538)
    at nD (C:\Users\OMEN\projects\revlo-vr\node_modules
\next\dist\compiled\next-server\app-page.runtime.prod.j
s:12:66680)
    at nN (C:\Users\OMEN\projects\revlo-vr\node_modules
\next\dist\compiled\next-server\app-page.runtime.prod.j
s:12:64853)

Error occurred prerendering page 
"/shop/reports/sales". Read more: 
https://nextjs.org/docs/messages/prerender-error

 Γ¿» useSearchParams() should be wrapped in a suspense 
boundary at page "/telegram-expenses". Read more: https
://nextjs.org/docs/messages/missing-suspense-with-csr-b
ailout
    at o (C:\Users\OMEN\projects\revlo-vr\.next\server\
chunks\55112.js:61:31102)
    at c (C:\Users\OMEN\projects\revlo-vr\.next\server\
chunks\55112.js:61:42099)
    at o (C:\Users\OMEN\projects\revlo-vr\.next\server\
chunks\30443.js:1:1189)
    at nj (C:\Users\OMEN\projects\revlo-vr\node_modules
\next\dist\compiled\next-server\app-page.runtime.prod.j
s:12:46251)
    at nM (C:\Users\OMEN\projects\revlo-vr\node_modules
\next\dist\compiled\next-server\app-page.runtime.prod.j
s:12:47571)
    at nM (C:\Users\OMEN\projects\revlo-vr\node_modules
\next\dist\compiled\next-server\app-page.runtime.prod.j
s:12:61546)
    at nN (C:\Users\OMEN\projects\revlo-vr\node_modules
\next\dist\compiled\next-server\app-page.runtime.prod.j
s:12:64546)
    at nB (C:\Users\OMEN\projects\revlo-vr\node_modules
\next\dist\compiled\next-server\app-page.runtime.prod.j
s:12:67538)
    at nD (C:\Users\OMEN\projects\revlo-vr\node_modules
\next\dist\compiled\next-server\app-page.runtime.prod.j
s:12:66680)
    at nN (C:\Users\OMEN\projects\revlo-vr\node_modules
\next\dist\compiled\next-server\app-page.runtime.prod.j
s:12:64853)

Error occurred prerendering page "/telegram-expenses". 
Read more: 
https://nextjs.org/docs/messages/prerender-error

prisma:query SELECT COUNT(*) AS "_count$_all" FROM (SELECT "public"."users"."_id" FROM "public"."users" WHERE ("public"."users"."createdAt" >= $1 AND "public"."users"."createdAt" < $2) OFFSET $3) AS "sub"
 Γ¿» useSearchParams() should be wrapped in a suspense 
boundary at page "/shop/settings". Read more: https://n
extjs.org/docs/messages/missing-suspense-with-csr-bailo
ut
    at o (C:\Users\OMEN\projects\revlo-vr\.next\server\
chunks\55112.js:61:31102)
    at c (C:\Users\OMEN\projects\revlo-vr\.next\server\
chunks\55112.js:61:42099)
    at o (C:\Users\OMEN\projects\revlo-vr\.next\server\
chunks\30443.js:1:1189)
    at nj (C:\Users\OMEN\projects\revlo-vr\node_modules
\next\dist\compiled\next-server\app-page.runtime.prod.j
s:12:46251)
    at nM (C:\Users\OMEN\projects\revlo-vr\node_modules
\next\dist\compiled\next-server\app-page.runtime.prod.j
s:12:47571)
    at nM (C:\Users\OMEN\projects\revlo-vr\node_modules
\next\dist\compiled\next-server\app-page.runtime.prod.j
s:12:61546)
    at nN (C:\Users\OMEN\projects\revlo-vr\node_modules
\next\dist\compiled\next-server\app-page.runtime.prod.j
s:12:64546)
    at nB (C:\Users\OMEN\projects\revlo-vr\node_modules
\next\dist\compiled\next-server\app-page.runtime.prod.j
s:12:67538)
    at nD (C:\Users\OMEN\projects\revlo-vr\node_modules
\next\dist\compiled\next-server\app-page.runtime.prod.j
s:12:66680)
    at nN (C:\Users\OMEN\projects\revlo-vr\node_modules
\next\dist\compiled\next-server\app-page.runtime.prod.j
s:12:64853)

Error occurred prerendering page "/shop/settings". 
Read more: 
https://nextjs.org/docs/messages/prerender-error

 Γ¿» useSearchParams() should be wrapped in a suspense 
boundary at page "/shop/settings/whatsapp". Read more: 
https://nextjs.org/docs/messages/missing-suspense-with-
csr-bailout
    at o (C:\Users\OMEN\projects\revlo-vr\.next\server\
chunks\55112.js:61:31102)
    at c (C:\Users\OMEN\projects\revlo-vr\.next\server\
chunks\55112.js:61:42099)
    at o (C:\Users\OMEN\projects\revlo-vr\.next\server\
chunks\30443.js:1:1189)
    at nj (C:\Users\OMEN\projects\revlo-vr\node_modules
\next\dist\compiled\next-server\app-page.runtime.prod.j
s:12:46251)
    at nM (C:\Users\OMEN\projects\revlo-vr\node_modules
\next\dist\compiled\next-server\app-page.runtime.prod.j
s:12:47571)
    at nM (C:\Users\OMEN\projects\revlo-vr\node_modules
\next\dist\compiled\next-server\app-page.runtime.prod.j
s:12:61546)
    at nN (C:\Users\OMEN\projects\revlo-vr\node_modules
\next\dist\compiled\next-server\app-page.runtime.prod.j
s:12:64546)
    at nB (C:\Users\OMEN\projects\revlo-vr\node_modules
\next\dist\compiled\next-server\app-page.runtime.prod.j
s:12:67538)
    at nD (C:\Users\OMEN\projects\revlo-vr\node_modules
\next\dist\compiled\next-server\app-page.runtime.prod.j
s:12:66680)
    at nN (C:\Users\OMEN\projects\revlo-vr\node_modules
\next\dist\compiled\next-server\app-page.runtime.prod.j
s:12:64853)

Error occurred prerendering page 
"/shop/settings/whatsapp". Read more: 
https://nextjs.org/docs/messages/prerender-error

 Γ¿» useSearchParams() should be wrapped in a suspense 
boundary at page "/signup". Read more: https://nextjs.o
rg/docs/messages/missing-suspense-with-csr-bailout
    at o (C:\Users\OMEN\projects\revlo-vr\.next\server\
chunks\55112.js:61:31102)
    at c (C:\Users\OMEN\projects\revlo-vr\.next\server\
chunks\55112.js:61:42099)
    at o (C:\Users\OMEN\projects\revlo-vr\.next\server\
chunks\30443.js:1:1189)
    at nj (C:\Users\OMEN\projects\revlo-vr\node_modules
\next\dist\compiled\next-server\app-page.runtime.prod.j
s:12:46251)
    at nM (C:\Users\OMEN\projects\revlo-vr\node_modules
\next\dist\compiled\next-server\app-page.runtime.prod.j
s:12:47571)
    at nM (C:\Users\OMEN\projects\revlo-vr\node_modules
\next\dist\compiled\next-server\app-page.runtime.prod.j
s:12:61546)
    at nN (C:\Users\OMEN\projects\revlo-vr\node_modules
\next\dist\compiled\next-server\app-page.runtime.prod.j
s:12:64546)
    at nB (C:\Users\OMEN\projects\revlo-vr\node_modules
\next\dist\compiled\next-server\app-page.runtime.prod.j
s:12:67538)
    at nD (C:\Users\OMEN\projects\revlo-vr\node_modules
\next\dist\compiled\next-server\app-page.runtime.prod.j
s:12:66680)
    at nN (C:\Users\OMEN\projects\revlo-vr\node_modules
\next\dist\compiled\next-server\app-page.runtime.prod.j
s:12:64853)
    at nB (C:\Users\OMEN\projects\revlo-vr\node_modules
\next\dist\compiled\next-server\app-page.runtime.prod.j
s:12:67538)
    at nD (C:\Users\OMEN\projects\revlo-vr\node_modules
\next\dist\compiled\next-server\app-page.runtime.prod.j
s:12:66680)
    at nN (C:\Users\OMEN\projects\revlo-vr\node_modules
\next\dist\compiled\next-server\app-page.runtime.prod.j
s:12:64853)
    at nB (C:\Users\OMEN\projects\revlo-vr\node_modules
\next\dist\compiled\next-server\app-page.runtime.prod.j
s:12:67538)
    at nD (C:\Users\OMEN\projects\revlo-vr\node_modules
\next\dist\compiled\next-server\app-page.runtime.prod.j
s:12:66680)
    at nN (C:\Users\OMEN\projects\revlo-vr\node_modules
\next\dist\compiled\next-server\app-page.runtime.prod.j
s:12:64853)

Error occurred prerendering page "/signup". Read more: 
https://nextjs.org/docs/messages/prerender-error

 Γ¿» useSearchParams() should be wrapped in a suspense 
boundary at page "/shop/sales". Read more: https://next
js.org/docs/messages/missing-suspense-with-csr-bailout
    at o (C:\Users\OMEN\projects\revlo-vr\.next\server\
chunks\55112.js:61:31102)
    at c (C:\Users\OMEN\projects\revlo-vr\.next\server\
chunks\55112.js:61:42099)
    at o (C:\Users\OMEN\projects\revlo-vr\.next\server\
chunks\30443.js:1:1189)
    at nj (C:\Users\OMEN\projects\revlo-vr\node_modules
\next\dist\compiled\next-server\app-page.runtime.prod.j
s:12:46251)
    at nM (C:\Users\OMEN\projects\revlo-vr\node_modules
\next\dist\compiled\next-server\app-page.runtime.prod.j
s:12:47571)
    at nM (C:\Users\OMEN\projects\revlo-vr\node_modules
\next\dist\compiled\next-server\app-page.runtime.prod.j
s:12:61546)
    at nN (C:\Users\OMEN\projects\revlo-vr\node_modules
\next\dist\compiled\next-server\app-page.runtime.prod.j
s:12:64546)
    at nB (C:\Users\OMEN\projects\revlo-vr\node_modules
\next\dist\compiled\next-server\app-page.runtime.prod.j
s:12:67538)
    at nD (C:\Users\OMEN\projects\revlo-vr\node_modules
\next\dist\compiled\next-server\app-page.runtime.prod.j
s:12:66680)
    at nN (C:\Users\OMEN\projects\revlo-vr\node_modules
\next\dist\compiled\next-server\app-page.runtime.prod.j
s:12:64853)
    at nB (C:\Users\OMEN\projects\revlo-vr\node_modules
\next\dist\compiled\next-server\app-page.runtime.prod.j
s:12:67538)
    at nD (C:\Users\OMEN\projects\revlo-vr\node_modules
\next\dist\compiled\next-server\app-page.runtime.prod.j
s:12:66680)
    at nN (C:\Users\OMEN\projects\revlo-vr\node_modules
\next\dist\compiled\next-server\app-page.runtime.prod.j
s:12:64853)
    at nB (C:\Users\OMEN\projects\revlo-vr\node_modules
\next\dist\compiled\next-server\app-page.runtime.prod.j
s:12:67538)
    at nD (C:\Users\OMEN\projects\revlo-vr\node_modules
\next\dist\compiled\next-server\app-page.runtime.prod.j
s:12:66680)
    at nN (C:\Users\OMEN\projects\revlo-vr\node_modules
\next\dist\compiled\next-server\app-page.runtime.prod.j
s:12:64853)

Error occurred prerendering page "/shop/sales". Read 
more: https://nextjs.org/docs/messages/prerender-error

 Γ¿» useSearchParams() should be wrapped in a suspense 
boundary at page "/shop/vendors". Read more: https://ne
xtjs.org/docs/messages/missing-suspense-with-csr-bailou
t
    at o (C:\Users\OMEN\projects\revlo-vr\.next\server\
chunks\55112.js:61:31102)
    at c (C:\Users\OMEN\projects\revlo-vr\.next\server\
chunks\55112.js:61:42099)
    at o (C:\Users\OMEN\projects\revlo-vr\.next\server\
chunks\30443.js:1:1189)
    at nj (C:\Users\OMEN\projects\revlo-vr\node_modules
\next\dist\compiled\next-server\app-page.runtime.prod.j
s:12:46251)
    at nM (C:\Users\OMEN\projects\revlo-vr\node_modules
\next\dist\compiled\next-server\app-page.runtime.prod.j
s:12:47571)
    at nM (C:\Users\OMEN\projects\revlo-vr\node_modules
\next\dist\compiled\next-server\app-page.runtime.prod.j
s:12:61546)
    at nN (C:\Users\OMEN\projects\revlo-vr\node_modules
\next\dist\compiled\next-server\app-page.runtime.prod.j
s:12:64546)
    at nB (C:\Users\OMEN\projects\revlo-vr\node_modules
\next\dist\compiled\next-server\app-page.runtime.prod.j
s:12:67538)
    at nD (C:\Users\OMEN\projects\revlo-vr\node_modules
\next\dist\compiled\next-server\app-page.runtime.prod.j
s:12:66680)
    at nN (C:\Users\OMEN\projects\revlo-vr\node_modules
\next\dist\compiled\next-server\app-page.runtime.prod.j
s:12:64853)

Error occurred prerendering page "/shop/vendors". Read 
more: https://nextjs.org/docs/messages/prerender-error

 Γ¿» useSearchParams() should be wrapped in a suspense 
boundary at page "/shop/vendors/add". Read more: https:
//nextjs.org/docs/messages/missing-suspense-with-csr-ba
ilout
    at o (C:\Users\OMEN\projects\revlo-vr\.next\server\
chunks\55112.js:61:31102)
    at c (C:\Users\OMEN\projects\revlo-vr\.next\server\
chunks\55112.js:61:42099)
    at o (C:\Users\OMEN\projects\revlo-vr\.next\server\
chunks\30443.js:1:1189)
    at nj (C:\Users\OMEN\projects\revlo-vr\node_modules
\next\dist\compiled\next-server\app-page.runtime.prod.j
s:12:46251)
    at nM (C:\Users\OMEN\projects\revlo-vr\node_modules
\next\dist\compiled\next-server\app-page.runtime.prod.j
s:12:47571)
    at nM (C:\Users\OMEN\projects\revlo-vr\node_modules
\next\dist\compiled\next-server\app-page.runtime.prod.j
s:12:61546)
    at nN (C:\Users\OMEN\projects\revlo-vr\node_modules
\next\dist\compiled\next-server\app-page.runtime.prod.j
s:12:64546)
    at nB (C:\Users\OMEN\projects\revlo-vr\node_modules
\next\dist\compiled\next-server\app-page.runtime.prod.j
s:12:67538)
    at nD (C:\Users\OMEN\projects\revlo-vr\node_modules
\next\dist\compiled\next-server\app-page.runtime.prod.j
s:12:66680)
    at nN (C:\Users\OMEN\projects\revlo-vr\node_modules
\next\dist\compiled\next-server\app-page.runtime.prod.j
s:12:64853)
    at nB (C:\Users\OMEN\projects\revlo-vr\node_modules
\next\dist\compiled\next-server\app-page.runtime.prod.j
s:12:67538)
    at nD (C:\Users\OMEN\projects\revlo-vr\node_modules
\next\dist\compiled\next-server\app-page.runtime.prod.j
s:12:66680)
    at nN (C:\Users\OMEN\projects\revlo-vr\node_modules
\next\dist\compiled\next-server\app-page.runtime.prod.j
s:12:64853)
    at nB (C:\Users\OMEN\projects\revlo-vr\node_modules
\next\dist\compiled\next-server\app-page.runtime.prod.j
s:12:67538)
    at nD (C:\Users\OMEN\projects\revlo-vr\node_modules
\next\dist\compiled\next-server\app-page.runtime.prod.j
s:12:66680)
    at nN (C:\Users\OMEN\projects\revlo-vr\node_modules
\next\dist\compiled\next-server\app-page.runtime.prod.j
s:12:64853)

Error occurred prerendering page "/shop/vendors/add". 
Read more: 
https://nextjs.org/docs/messages/prerender-error

 Γ¿» useSearchParams() should be wrapped in a suspense 
boundary at page "/verify-device". Read more: https://n
extjs.org/docs/messages/missing-suspense-with-csr-bailo
ut
    at o (C:\Users\OMEN\projects\revlo-vr\.next\server\
chunks\55112.js:61:31102)
    at c (C:\Users\OMEN\projects\revlo-vr\.next\server\
chunks\55112.js:61:42099)
    at o (C:\Users\OMEN\projects\revlo-vr\.next\server\
chunks\30443.js:1:1189)
    at nj (C:\Users\OMEN\projects\revlo-vr\node_modules
\next\dist\compiled\next-server\app-page.runtime.prod.j
s:12:46251)
    at nM (C:\Users\OMEN\projects\revlo-vr\node_modules
\next\dist\compiled\next-server\app-page.runtime.prod.j
s:12:47571)
    at nM (C:\Users\OMEN\projects\revlo-vr\node_modules
\next\dist\compiled\next-server\app-page.runtime.prod.j
s:12:61546)
    at nN (C:\Users\OMEN\projects\revlo-vr\node_modules
\next\dist\compiled\next-server\app-page.runtime.prod.j
s:12:64546)
    at nB (C:\Users\OMEN\projects\revlo-vr\node_modules
\next\dist\compiled\next-server\app-page.runtime.prod.j
s:12:67538)
    at nD (C:\Users\OMEN\projects\revlo-vr\node_modules
\next\dist\compiled\next-server\app-page.runtime.prod.j
s:12:66680)
    at nN (C:\Users\OMEN\projects\revlo-vr\node_modules
\next\dist\compiled\next-server\app-page.runtime.prod.j
s:12:64853)

Error occurred prerendering page "/verify-device". 
Read more: 
https://nextjs.org/docs/messages/prerender-error

 Γ¿» useSearchParams() should be wrapped in a suspense 
boundary at page "/verify-email". Read more: https://ne
xtjs.org/docs/messages/missing-suspense-with-csr-bailou
t
    at o (C:\Users\OMEN\projects\revlo-vr\.next\server\
chunks\55112.js:61:31102)
    at c (C:\Users\OMEN\projects\revlo-vr\.next\server\
chunks\55112.js:61:42099)
    at o (C:\Users\OMEN\projects\revlo-vr\.next\server\
chunks\30443.js:1:1189)
    at nj (C:\Users\OMEN\projects\revlo-vr\node_modules
\next\dist\compiled\next-server\app-page.runtime.prod.j
s:12:46251)
    at nM (C:\Users\OMEN\projects\revlo-vr\node_modules
\next\dist\compiled\next-server\app-page.runtime.prod.j
s:12:47571)
    at nM (C:\Users\OMEN\projects\revlo-vr\node_modules
\next\dist\compiled\next-server\app-page.runtime.prod.j
s:12:61546)
    at nN (C:\Users\OMEN\projects\revlo-vr\node_modules
\next\dist\compiled\next-server\app-page.runtime.prod.j
s:12:64546)
    at nB (C:\Users\OMEN\projects\revlo-vr\node_modules
\next\dist\compiled\next-server\app-page.runtime.prod.j
s:12:67538)
    at nD (C:\Users\OMEN\projects\revlo-vr\node_modules
\next\dist\compiled\next-server\app-page.runtime.prod.j
s:12:66680)
    at nN (C:\Users\OMEN\projects\revlo-vr\node_modules
\next\dist\compiled\next-server\app-page.runtime.prod.j
s:12:64853)

Error occurred prerendering page "/verify-email". Read 
more: https://nextjs.org/docs/messages/prerender-error

 Γ¿» useSearchParams() should be wrapped in a suspense 
boundary at page "/telegram-expenses/settings". Read 
more: https://nextjs.org/docs/messages/missing-suspense
-with-csr-bailout
    at o (C:\Users\OMEN\projects\revlo-vr\.next\server\
chunks\55112.js:61:31102)
    at c (C:\Users\OMEN\projects\revlo-vr\.next\server\
chunks\55112.js:61:42099)
    at o (C:\Users\OMEN\projects\revlo-vr\.next\server\
chunks\30443.js:1:1189)
    at nj (C:\Users\OMEN\projects\revlo-vr\node_modules
\next\dist\compiled\next-server\app-page.runtime.prod.j
s:12:46251)
    at nM (C:\Users\OMEN\projects\revlo-vr\node_modules
\next\dist\compiled\next-server\app-page.runtime.prod.j
s:12:47571)
    at nM (C:\Users\OMEN\projects\revlo-vr\node_modules
\next\dist\compiled\next-server\app-page.runtime.prod.j
s:12:61546)
    at nN (C:\Users\OMEN\projects\revlo-vr\node_modules
\next\dist\compiled\next-server\app-page.runtime.prod.j
s:12:64546)
    at nB (C:\Users\OMEN\projects\revlo-vr\node_modules
\next\dist\compiled\next-server\app-page.runtime.prod.j
s:12:67538)
    at nD (C:\Users\OMEN\projects\revlo-vr\node_modules
\next\dist\compiled\next-server\app-page.runtime.prod.j
s:12:66680)
    at nN (C:\Users\OMEN\projects\revlo-vr\node_modules
\next\dist\compiled\next-server\app-page.runtime.prod.j
s:12:64853)

Error occurred prerendering page 
"/telegram-expenses/settings". Read more: 
https://nextjs.org/docs/messages/prerender-error

 Γ¿» useSearchParams() should be wrapped in a suspense 
boundary at page "/terms". Read more: https://nextjs.or
g/docs/messages/missing-suspense-with-csr-bailout
    at o (C:\Users\OMEN\projects\revlo-vr\.next\server\
chunks\55112.js:61:31102)
    at c (C:\Users\OMEN\projects\revlo-vr\.next\server\
chunks\55112.js:61:42099)
    at o (C:\Users\OMEN\projects\revlo-vr\.next\server\
chunks\30443.js:1:1189)
    at nj (C:\Users\OMEN\projects\revlo-vr\node_modules
\next\dist\compiled\next-server\app-page.runtime.prod.j
s:12:46251)
    at nM (C:\Users\OMEN\projects\revlo-vr\node_modules
\next\dist\compiled\next-server\app-page.runtime.prod.j
s:12:47571)
    at nM (C:\Users\OMEN\projects\revlo-vr\node_modules
\next\dist\compiled\next-server\app-page.runtime.prod.j
s:12:61546)
    at nN (C:\Users\OMEN\projects\revlo-vr\node_modules
\next\dist\compiled\next-server\app-page.runtime.prod.j
s:12:64546)
    at nB (C:\Users\OMEN\projects\revlo-vr\node_modules
\next\dist\compiled\next-server\app-page.runtime.prod.j
s:12:67538)
    at nD (C:\Users\OMEN\projects\revlo-vr\node_modules
\next\dist\compiled\next-server\app-page.runtime.prod.j
s:12:66680)
    at nN (C:\Users\OMEN\projects\revlo-vr\node_modules
\next\dist\compiled\next-server\app-page.runtime.prod.j
s:12:64853)

Error occurred prerendering page "/terms". Read more: 
https://nextjs.org/docs/messages/prerender-error

 Γ¿» useSearchParams() should be wrapped in a suspense 
boundary at page "/workshop". Read more: https://nextjs
.org/docs/messages/missing-suspense-with-csr-bailout
    at o (C:\Users\OMEN\projects\revlo-vr\.next\server\
chunks\55112.js:61:31102)
    at c (C:\Users\OMEN\projects\revlo-vr\.next\server\
chunks\55112.js:61:42099)
    at o (C:\Users\OMEN\projects\revlo-vr\.next\server\
chunks\30443.js:1:1189)
    at nj (C:\Users\OMEN\projects\revlo-vr\node_modules
\next\dist\compiled\next-server\app-page.runtime.prod.j
s:12:46251)
    at nM (C:\Users\OMEN\projects\revlo-vr\node_modules
\next\dist\compiled\next-server\app-page.runtime.prod.j
s:12:47571)
    at nM (C:\Users\OMEN\projects\revlo-vr\node_modules
\next\dist\compiled\next-server\app-page.runtime.prod.j
s:12:61546)
    at nN (C:\Users\OMEN\projects\revlo-vr\node_modules
\next\dist\compiled\next-server\app-page.runtime.prod.j
s:12:64546)
    at nB (C:\Users\OMEN\projects\revlo-vr\node_modules
\next\dist\compiled\next-server\app-page.runtime.prod.j
s:12:67538)
    at nD (C:\Users\OMEN\projects\revlo-vr\node_modules
\next\dist\compiled\next-server\app-page.runtime.prod.j
s:12:66680)
    at nN (C:\Users\OMEN\projects\revlo-vr\node_modules
\next\dist\compiled\next-server\app-page.runtime.prod.j
s:12:64853)
    at nB (C:\Users\OMEN\projects\revlo-vr\node_modules
\next\dist\compiled\next-server\app-page.runtime.prod.j
s:12:67538)
    at nD (C:\Users\OMEN\projects\revlo-vr\node_modules
\next\dist\compiled\next-server\app-page.runtime.prod.j
s:12:66680)
    at nN (C:\Users\OMEN\projects\revlo-vr\node_modules
\next\dist\compiled\next-server\app-page.runtime.prod.j
s:12:64853)
    at nB (C:\Users\OMEN\projects\revlo-vr\node_modules
\next\dist\compiled\next-server\app-page.runtime.prod.j
s:12:67538)
    at nD (C:\Users\OMEN\projects\revlo-vr\node_modules
\next\dist\compiled\next-server\app-page.runtime.prod.j
s:12:66680)
    at nN (C:\Users\OMEN\projects\revlo-vr\node_modules
\next\dist\compiled\next-server\app-page.runtime.prod.j
s:12:64853)

Error occurred prerendering page "/workshop". Read 
more: https://nextjs.org/docs/messages/prerender-error

 Γ¿» useSearchParams() should be wrapped in a suspense 
boundary at page "/shop/purchases". Read more: https://
nextjs.org/docs/messages/missing-suspense-with-csr-bail
out
    at o (C:\Users\OMEN\projects\revlo-vr\.next\server\
chunks\55112.js:61:31102)
    at c (C:\Users\OMEN\projects\revlo-vr\.next\server\
chunks\55112.js:61:42099)
    at o (C:\Users\OMEN\projects\revlo-vr\.next\server\
chunks\30443.js:1:1189)
    at nj (C:\Users\OMEN\projects\revlo-vr\node_modules
\next\dist\compiled\next-server\app-page.runtime.prod.j
s:12:46251)
    at nM (C:\Users\OMEN\projects\revlo-vr\node_modules
\next\dist\compiled\next-server\app-page.runtime.prod.j
s:12:47571)
    at nM (C:\Users\OMEN\projects\revlo-vr\node_modules
\next\dist\compiled\next-server\app-page.runtime.prod.j
s:12:61546)
    at nN (C:\Users\OMEN\projects\revlo-vr\node_modules
\next\dist\compiled\next-server\app-page.runtime.prod.j
s:12:64546)
    at nB (C:\Users\OMEN\projects\revlo-vr\node_modules
\next\dist\compiled\next-server\app-page.runtime.prod.j
s:12:67538)
    at nD (C:\Users\OMEN\projects\revlo-vr\node_modules
\next\dist\compiled\next-server\app-page.runtime.prod.j
s:12:66680)
    at nN (C:\Users\OMEN\projects\revlo-vr\node_modules
\next\dist\compiled\next-server\app-page.runtime.prod.j
s:12:64853)

Error occurred prerendering page "/shop/purchases". 
Read more: 
https://nextjs.org/docs/messages/prerender-error

 Γ¿» useSearchParams() should be wrapped in a suspense 
boundary at page "/reports/daily-reports". Read more: h
ttps://nextjs.org/docs/messages/missing-suspense-with-c
sr-bailout
    at o (C:\Users\OMEN\projects\revlo-vr\.next\server\
chunks\55112.js:61:31102)
    at c (C:\Users\OMEN\projects\revlo-vr\.next\server\
chunks\55112.js:61:42099)
    at o (C:\Users\OMEN\projects\revlo-vr\.next\server\
chunks\30443.js:1:1189)
    at nj (C:\Users\OMEN\projects\revlo-vr\node_modules
\next\dist\compiled\next-server\app-page.runtime.prod.j
s:12:46251)
    at nM (C:\Users\OMEN\projects\revlo-vr\node_modules
\next\dist\compiled\next-server\app-page.runtime.prod.j
s:12:47571)
    at nM (C:\Users\OMEN\projects\revlo-vr\node_modules
\next\dist\compiled\next-server\app-page.runtime.prod.j
s:12:61546)
    at nN (C:\Users\OMEN\projects\revlo-vr\node_modules
\next\dist\compiled\next-server\app-page.runtime.prod.j
s:12:64546)
    at nB (C:\Users\OMEN\projects\revlo-vr\node_modules
\next\dist\compiled\next-server\app-page.runtime.prod.j
s:12:67538)
    at nD (C:\Users\OMEN\projects\revlo-vr\node_modules
\next\dist\compiled\next-server\app-page.runtime.prod.j
s:12:66680)
    at nN (C:\Users\OMEN\projects\revlo-vr\node_modules
\next\dist\compiled\next-server\app-page.runtime.prod.j
s:12:64853)
    at nB (C:\Users\OMEN\projects\revlo-vr\node_modules
\next\dist\compiled\next-server\app-page.runtime.prod.j
s:12:67538)
    at nD (C:\Users\OMEN\projects\revlo-vr\node_modules
\next\dist\compiled\next-server\app-page.runtime.prod.j
s:12:66680)
    at nN (C:\Users\OMEN\projects\revlo-vr\node_modules
\next\dist\compiled\next-server\app-page.runtime.prod.j
s:12:64853)
    at nB (C:\Users\OMEN\projects\revlo-vr\node_modules
\next\dist\compiled\next-server\app-page.runtime.prod.j
s:12:67538)
    at nD (C:\Users\OMEN\projects\revlo-vr\node_modules
\next\dist\compiled\next-server\app-page.runtime.prod.j
s:12:66680)
    at nN (C:\Users\OMEN\projects\revlo-vr\node_modules
\next\dist\compiled\next-server\app-page.runtime.prod.j
s:12:64853)
    at nM (C:\Users\OMEN\projects\revlo-vr\node_modules
\next\dist\compiled\next-server\app-page.runtime.prod.j
s:12:61156)
    at nN (C:\Users\OMEN\projects\revlo-vr\node_modules
\next\dist\compiled\next-server\app-page.runtime.prod.j
s:12:64546)
    at nI (C:\Users\OMEN\projects\revlo-vr\node_modules
\next\dist\compiled\next-server\app-page.runtime.prod.j
s:12:47010)
    at nM (C:\Users\OMEN\projects\revlo-vr\node_modules
\next\dist\compiled\next-server\app-page.runtime.prod.j
s:12:47717)
    at nN (C:\Users\OMEN\projects\revlo-vr\node_modules
\next\dist\compiled\next-server\app-page.runtime.prod.j
s:12:64546)
    at nM (C:\Users\OMEN\projects\revlo-vr\node_modules
\next\dist\compiled\next-server\app-page.runtime.prod.j
s:12:61156)

Error occurred prerendering page 
"/reports/daily-reports". Read more: 
https://nextjs.org/docs/messages/prerender-error

[WhatsApp Manager] Module Loaded / Hot Reloaded
[WhatsApp Manager] Module Loaded (Force Fresh v4)
[WhatsApp Manager] New instance created (Constructor)
[WhatsApp Manager] Module Loaded / Hot Reloaded
[WhatsApp Manager] Module Loaded (Force Fresh v4)
[WhatsApp Manager] New instance created (Constructor)
[WhatsApp Manager] Module Loaded / Hot Reloaded
[WhatsApp Manager] Module Loaded (Force Fresh v4)
[WhatsApp Manager] New instance created (Constructor)
 Γ£ô Generating static pages (317/317)

> Export encountered errors on following paths:
	/_not-found/page: /_not-found
	/about/page: /about
	/accounting/page: /accounting
	/accounting/receivables/page: /accounting/receivables
	/admin/analytics/page: /admin/analytics
	/admin/backup-restore/page: /admin/backup-restore
	/admin/check-transactions/page: 
/admin/check-transactions
	/admin/companies/page: /admin/companies
	/admin/contact-messages/page: /admin/contact-messages
	/admin/error-logs/page: /admin/error-logs
	/admin/fiscal-years/page: /admin/fiscal-years
	/admin/fix-data/page: /admin/fix-data
	/admin/live-transactions/page: 
/admin/live-transactions
	/admin/maintenance/page: /admin/maintenance
	/admin/page: /admin
	/admin/performance-metrics/page: 
/admin/performance-metrics
	/admin/security/page: /admin/security
	/admin/users/page: /admin/users
	/chat/page: /chat
	/contact/page: /contact
	/dashboard/page: /dashboard
	/demo/page: /demo
	/download/page: /download
	/forgot-password/page: /forgot-password
	/login/page: /login
	/manufacturing/accounting/page: 
/manufacturing/accounting
	/manufacturing/bom/page: /manufacturing/bom
	/manufacturing/customers/add/page: 
/manufacturing/customers/add
	/manufacturing/customers/page: 
/manufacturing/customers
	/manufacturing/employees/add/page: 
/manufacturing/employees/add
	/manufacturing/employees/page: 
/manufacturing/employees
	/manufacturing/expenses/add/page: 
/manufacturing/expenses/add
	/manufacturing/expenses/page: /manufacturing/expenses
	/manufacturing/factories/add/page: 
/manufacturing/factories/add
	/manufacturing/factories/page: 
/manufacturing/factories
	/manufacturing/inventory/add/page: 
/manufacturing/inventory/add
	/manufacturing/inventory/page: 
/manufacturing/inventory
	/manufacturing/material-purchases/add/page: 
/manufacturing/material-purchases/add
	/manufacturing/material-purchases/page: 
/manufacturing/material-purchases
	/manufacturing/page: /manufacturing
	/manufacturing/production-orders/add/page: 
/manufacturing/production-orders/add
	/manufacturing/production-orders/page: 
/manufacturing/production-orders
	/manufacturing/products/add/page: 
/manufacturing/products/add
	/manufacturing/products/page: /manufacturing/products
	/manufacturing/reports/page: /manufacturing/reports
	/manufacturing/sales/add/page: 
/manufacturing/sales/add
	/manufacturing/sales/page: /manufacturing/sales
	/manufacturing/vendors/add/page: 
/manufacturing/vendors/add
	/manufacturing/vendors/page: /manufacturing/vendors
	/page: /
	/privacy/page: /privacy
	/profile/page: /profile
	/projects/accounting/accounts/add/page: 
/projects/accounting/accounts/add
	/projects/accounting/accounts/edit/page: 
/projects/accounting/accounts/edit
	/projects/accounting/accounts/page: 
/projects/accounting/accounts
	/projects/accounting/add/page: 
/projects/accounting/add
	/projects/accounting/page: /projects/accounting
	/projects/accounting/receivables/page: 
/projects/accounting/receivables
	/projects/accounting/reports/page: 
/projects/accounting/reports
	/projects/accounting/reports/payment-schedule/page: 
/projects/accounting/reports/payment-schedule
	/projects/accounting/transactions/add/page: 
/projects/accounting/transactions/add
	/projects/accounting/transactions/page: 
/projects/accounting/transactions
	/projects/accounting/transactions/transfer/page: 
/projects/accounting/transactions/transfer
	/projects/customers/add/page: /projects/customers/add
	/projects/customers/edit/page: 
/projects/customers/edit
	/projects/customers/page: /projects/customers
	/projects/customers/payments/page: 
/projects/customers/payments
	/projects/employees/add/page: /projects/employees/add
	/projects/employees/page: /projects/employees
	/projects/expenses/add/page: /projects/expenses/add
	/projects/expenses/bulk-import/page: 
/projects/expenses/bulk-import
	/projects/expenses/edit/page: /projects/expenses/edit
	/projects/expenses/import/page: 
/projects/expenses/import
	/projects/expenses/page: /projects/expenses
	/projects/inventory/expenses/page: 
/projects/inventory/expenses
	/projects/inventory/manufacturing/page: 
/projects/inventory/manufacturing
	/projects/inventory/page: /projects/inventory
	/projects/inventory/projects/page: 
/projects/inventory/projects
	/projects/inventory/store/add/page: 
/projects/inventory/store/add
	/projects/inventory/store/page: 
/projects/inventory/store
	/projects/main/add/page: /projects/main/add
	/projects/main/page: /projects/main
	/projects/vendors/add/page: /projects/vendors/add
	/projects/vendors/page: /projects/vendors
	/recycle-bin/page: /recycle-bin
	/reports/bank/page: /reports/bank
	/reports/bankbook/page: /reports/bankbook
	/reports/cashbook/page: /reports/cashbook
	/reports/company-report/page: /reports/company-report
	/reports/custom/page: /reports/custom
	/reports/daily-reports/page: /reports/daily-reports
	/reports/debts/page: /reports/debts
	/reports/expenses/page: /reports/expenses
	/reports/financial-summary/page: 
/reports/financial-summary
	/reports/inventory/page: /reports/inventory
	/reports/page: /reports
	/reports/payment-schedule/page: 
/reports/payment-schedule
	/reports/profit-loss/page: /reports/profit-loss
	/reports/project-reports/page: 
/reports/project-reports
	/reports/scheduled/page: /reports/scheduled
	/sales/add/page: /sales/add
	/sales/new/page: /sales/new
	/sales/page: /sales
	/settings/accounts/page: /settings/accounts
	/settings/assets-register/page: 
/settings/assets-register
	/settings/assets/add/page: /settings/assets/add
	/settings/assets/page: /settings/assets
	/settings/backup/page: /settings/backup
	/settings/categories/page: /settings/categories
	/settings/company-profile/page: 
/settings/company-profile
	/settings/currency/page: /settings/currency
	/settings/language/page: /settings/language
	/settings/notifications/page: /settings/notifications
	/settings/page: /settings
	/settings/personalization/page: 
/settings/personalization
	/settings/security/page: /settings/security
	/settings/shareholders/page: /settings/shareholders
	/settings/users/page: /settings/users
	/settings/whatsapp/page: /settings/whatsapp
	/shop/accounting/accounts/page: 
/shop/accounting/accounts
	/shop/accounting/assets/page: /shop/accounting/assets
	/shop/accounting/journal/page: 
/shop/accounting/journal
	/shop/accounting/ledger/page: /shop/accounting/ledger
	/shop/accounting/page: /shop/accounting
	/shop/accounting/payables/page: 
/shop/accounting/payables
	/shop/accounting/receivables/page: 
/shop/accounting/receivables
	/shop/accounting/reconciliation/page: 
/shop/accounting/reconciliation
	/shop/accounting/tax/page: /shop/accounting/tax
	/shop/accounting/till/page: /shop/accounting/till
	/shop/accounting/transactions/page: 
/shop/accounting/transactions
	/shop/customers/add/page: /shop/customers/add
	/shop/customers/page: /shop/customers
	/shop/dashboard/page: /shop/dashboard
	/shop/employees/add/page: /shop/employees/add
	/shop/employees/page: /shop/employees
	/shop/inventory/add/page: /shop/inventory/add
	/shop/inventory/adjust/page: /shop/inventory/adjust
	/shop/inventory/bulk-import/page: 
/shop/inventory/bulk-import
	/shop/inventory/page: /shop/inventory
	/shop/manual-entry/page: /shop/manual-entry
	/shop/page: /shop
	/shop/pos/page: /shop/pos
	/shop/profile/page: /shop/profile
	/shop/purchases/add/page: /shop/purchases/add
	/shop/purchases/create/page: /shop/purchases/create
	/shop/purchases/page: /shop/purchases
	/shop/reports/aging/customer/page: 
/shop/reports/aging/customer
	/shop/reports/aging/vendor/page: 
/shop/reports/aging/vendor
	/shop/reports/balance-sheet/page: 
/shop/reports/balance-sheet
	/shop/reports/categories/page: 
/shop/reports/categories
	/shop/reports/finance/page: /shop/reports/finance
	/shop/reports/ledger/page: /shop/reports/ledger
	/shop/reports/low-stock/page: /shop/reports/low-stock
	/shop/reports/page: /shop/reports
	/shop/reports/sales/page: /shop/reports/sales
	/shop/reports/top-products/page: 
/shop/reports/top-products
	/shop/sales/page: /shop/sales
	/shop/settings/page: /shop/settings
	/shop/settings/whatsapp/page: /shop/settings/whatsapp
	/shop/vendors/add/page: /shop/vendors/add
	/shop/vendors/page: /shop/vendors
	/signup/page: /signup
	/telegram-expenses/page: /telegram-expenses
	/telegram-expenses/settings/page: 
/telegram-expenses/settings
	/terms/page: /terms
	/verify-device/page: /verify-device
	/verify-email/page: /verify-email
	/workshop/page: /workshop
