
> revlo-app@0.1.0 build
> next build

  Γû▓ Next.js 14.2.5
  - Environments: .env

   Creating an optimized production build ...
> [PWA] Compile server
> [PWA] Compile server
> [PWA] Compile client (static)
> [PWA] Auto register service worker with: C:\Users\OMEN\projects\revlo-vr\node_modules\next-pwa\register.js
> [PWA] Service worker: C:\Users\OMEN\projects\revlo-vr\public\sw.js
> [PWA]   url: /sw.js
> [PWA]   scope: /
 Γ£ô Compiled successfully
   Linting and checking validity of types ...

./app/admin/contact-messages/page.tsx
30:6  Warning: React Hook useEffect has a missing dependency: 'fetchMessages'. Either include it or remove the dependency array.  react-hooks/exhaustive-deps

./app/admin/error-logs/page.tsx
55:6  Warning: React Hook useEffect has a missing dependency: 'fetchErrorLogs'. Either include it or remove the dependency array.  react-hooks/exhaustive-deps

./app/admin/fiscal-years/[id]/reports/page.tsx
60:6  Warning: React Hook useEffect has a missing dependency: 'fetchReports'. Either include it or remove the dependency array.  react-hooks/exhaustive-deps

./app/admin/live-transactions/page.tsx
62:6  Warning: React Hook useEffect has a missing dependency: 'fetchLiveData'. Either include it or remove the dependency array.  react-hooks/exhaustive-deps

./app/admin/maintenance/page.tsx
107:6  Warning: React Hook useEffect has a missing dependency: 'fetchMaintenanceData'. Either include it or remove the dependency array.  react-hooks/exhaustive-deps

./app/admin/performance-metrics/page.tsx
66:6  Warning: React Hook useEffect has a missing dependency: 'fetchMetrics'. Either include it or remove the dependency array.  react-hooks/exhaustive-deps

./app/admin/security/page.tsx
104:6  Warning: React Hook useEffect has a missing dependency: 'fetchSecurityData'. Either include it or remove the dependency array.  react-hooks/exhaustive-deps

./app/chat/page.tsx
351:199  Warning: Image elements must have an alt prop, either with meaningful text, or an empty string for decorative images.  jsx-a11y/alt-text

./app/manufacturing/bom/page.tsx
48:8  Warning: React Hook useEffect has a missing dependency: 'router'. Either include it or remove the dependency array.  react-hooks/exhaustive-deps

./app/manufacturing/customers/page.tsx
38:8  Warning: React Hook useEffect has a missing dependency: 'fetchCustomers'. Either include it or remove the dependency array.  react-hooks/exhaustive-deps

./app/manufacturing/customers/[id]/page.tsx
23:8  Warning: React Hook useEffect has a missing dependency: 'fetchCustomer'. Either include it or remove the dependency array.  react-hooks/exhaustive-deps

./app/manufacturing/factories/[id]/page.tsx
61:6  Warning: React Hook useEffect has a missing dependency: 'fetchFactoryDetails'. Either include it or remove the dependency array.  react-hooks/exhaustive-deps

./app/manufacturing/inventory/page.tsx
54:8  Warning: React Hook useEffect has a missing dependency: 'fetchInventory'. Either include it or remove the dependency array.  react-hooks/exhaustive-deps

./app/manufacturing/material-purchases/page.tsx
32:6  Warning: React Hook useEffect has a missing dependency: 'fetchPurchases'. Either include it or remove the dependency array.  react-hooks/exhaustive-deps

./app/manufacturing/production-orders/[id]/page.tsx
75:6  Warning: React Hook useEffect has a missing dependency: 'fetchProductionOrder'. Either include it or remove the dependency array.  react-hooks/exhaustive-deps

./app/manufacturing/products/edit/[id]/page.tsx
34:6  Warning: React Hook useEffect has a missing dependency: 'fetchProduct'. Either include it or remove the dependency array.  react-hooks/exhaustive-deps

./app/manufacturing/products/page.tsx
34:6  Warning: React Hook useEffect has a missing dependency: 'fetchProducts'. Either include it or remove the dependency array.  react-hooks/exhaustive-deps

./app/manufacturing/reports/page.tsx
46:6  Warning: React Hook useEffect has a missing dependency: 'fetchReport'. Either include it or remove the dependency array.  react-hooks/exhaustive-deps

./app/manufacturing/vendors/[id]/page.tsx
129:6  Warning: React Hook useEffect has a missing dependency: 'fetchVendorDetails'. Either include it or remove the dependency array.  react-hooks/exhaustive-deps

./app/projects/accounting/accounts/[id]/page.tsx
146:6  Warning: React Hook useEffect has a missing dependency: 'fetchAccountDetails'. Either include it or remove the dependency array.  react-hooks/exhaustive-deps

./app/projects/accounting/transactions/[id]/page.tsx
91:6  Warning: React Hook useEffect has a missing dependency: 'fetchTransactionDetails'. Either include it or remove the dependency array.  react-hooks/exhaustive-deps

./app/projects/customers/payments/page.tsx
80:6  Warning: React Hook useEffect has missing dependencies: 'fetchCustomerPayments' and 'fetchProjectsForCustomer'. Either include them or remove the dependency array.  react-hooks/exhaustive-deps

./app/projects/customers/[id]/page.tsx
79:6  Warning: React Hook useEffect has a missing dependency: 'fetchCustomerDetails'. Either include it or remove the dependency array.  react-hooks/exhaustive-deps
96:6  Warning: React Hook useEffect has a missing dependency: 'fetchCustomerDetails'. Either include it or remove the dependency array.  react-hooks/exhaustive-deps
114:6  Warning: React Hook useEffect has a missing dependency: 'fetchCustomerDetails'. Either include it or remove the dependency array.  react-hooks/exhaustive-deps
138:6  Warning: React Hook useEffect has a missing dependency: 'fetchCustomerDetails'. Either include it or remove the dependency array.  react-hooks/exhaustive-deps

./app/projects/employees/page.tsx
437:6  Warning: React Hook useEffect has a missing dependency: 'refreshData'. Either include it or remove the dependency array.  react-hooks/exhaustive-deps
557:6  Warning: React Hook useEffect has a missing dependency: 'viewMode'. Either include it or remove the dependency array.  react-hooks/exhaustive-deps

./app/projects/employees/[id]/page.tsx
483:6  Warning: React Hook useEffect has a missing dependency: 'refreshData'. Either include it or remove the dependency array.  react-hooks/exhaustive-deps
500:6  Warning: React Hook useEffect has missing dependencies: 'fetchEmployeeDetails', 'fetchSalaryExpenses', and 'fetchSalarySummary'. Either include them or remove the dependency array.  react-hooks/exhaustive-deps

./app/projects/inventory/manufacturing/page.tsx
180:6  Warning: React Hook useEffect has a missing dependency: 'fetchManufacturingUsed'. Either include it or remove the dependency array.  react-hooks/exhaustive-deps

./app/projects/inventory/projects/page.tsx
156:6  Warning: React Hook useEffect has a missing dependency: 'fetchProjectMaterialUsages'. Either include it or remove the dependency array.  react-hooks/exhaustive-deps
169:6  Warning: React Hook useEffect has a missing dependency: 'fetchProjectMaterialUsages'. Either include it or remove the dependency array.  react-hooks/exhaustive-deps
189:6  Warning: React Hook useEffect has a missing dependency: 'fetchProjectMaterialUsages'. Either include it or remove the dependency array.  react-hooks/exhaustive-deps

./app/projects/main/edit/[id]/page.tsx
138:6  Warning: React Hook useEffect has a missing dependency: 'fetchProject'. Either include it or remove the dependency array.  react-hooks/exhaustive-deps

./app/projects/vendors/[id]/page.tsx
129:6  Warning: React Hook useEffect has a missing dependency: 'fetchVendorDetails'. Either include it or remove the dependency array.  react-hooks/exhaustive-deps

./app/reports/company-report/page.tsx
227:8  Warning: React Hook useEffect has a missing dependency: 'fetchReport'. Either include it or remove the dependency array.  react-hooks/exhaustive-deps

./app/reports/project-reports/page.tsx
430:6  Warning: React Hook useEffect has a missing dependency: 'getDateRange'. Either include it or remove the dependency array.  react-hooks/exhaustive-deps

./app/sales/edit/[id]/page.tsx
43:8  Warning: React Hook useEffect has a missing dependency: 'fetchInitialData'. Either include it or remove the dependency array.  react-hooks/exhaustive-deps

./app/sales/[id]/page.tsx
26:8  Warning: React Hook useEffect has a missing dependency: 'fetchSaleDetails'. Either include it or remove the dependency array.  react-hooks/exhaustive-deps

./app/settings/notifications/page.tsx
145:6  Warning: React Hook useEffect has a missing dependency: 'fetchNotifications'. Either include it or remove the dependency array.  react-hooks/exhaustive-deps

./app/settings/personalization/page.tsx
221:21  Warning: Using `<img>` could result in slower LCP and higher bandwidth. Consider using `<Image />` from `next/image` to automatically optimize images. This may incur additional usage or cost from your provider. See: https://nextjs.org/docs/messages/no-img-element  @next/next/no-img-element

./app/settings/security/page.tsx
80:15  Warning: Using `<img>` could result in slower LCP and higher bandwidth. Consider using `<Image />` from `next/image` to automatically optimize images. This may incur additional usage or cost from your provider. See: https://nextjs.org/docs/messages/no-img-element  @next/next/no-img-element

./app/settings/users/page.tsx
496:53  Warning: React Hook useEffect has a missing dependency: 'fetchUsers'. Either include it or remove the dependency array.  react-hooks/exhaustive-deps

./app/shop/accounting/page.tsx
101:8  Warning: React Hook useEffect has a missing dependency: 'fetchData'. Either include it or remove the dependency array.  react-hooks/exhaustive-deps

./app/shop/accounting/transactions/page.tsx
68:8  Warning: React Hook useEffect has a missing dependency: 'fetchTransactions'. Either include it or remove the dependency array.  react-hooks/exhaustive-deps
72:8  Warning: React Hook useEffect has a missing dependency: 'fetchTransactions'. Either include it or remove the dependency array.  react-hooks/exhaustive-deps

./app/shop/customers/page.tsx
40:8  Warning: React Hook useEffect has a missing dependency: 'fetchCustomers'. Either include it or remove the dependency array.  react-hooks/exhaustive-deps

./app/shop/customers/[id]/page.tsx
36:8  Warning: React Hook useEffect has a missing dependency: 'fetchCustomerData'. Either include it or remove the dependency array.  react-hooks/exhaustive-deps

./app/shop/employees/[id]/page.tsx
73:8  Warning: React Hook useEffect has a missing dependency: 'fetchEmployee'. Either include it or remove the dependency array.  react-hooks/exhaustive-deps

./app/shop/inventory/add/page.tsx
141:8  Warning: React Hook useEffect has a missing dependency: 'toast'. Either include it or remove the dependency array.  react-hooks/exhaustive-deps

./app/shop/inventory/page.tsx
39:8  Warning: React Hook useEffect has a missing dependency: 'fetchProducts'. Either include it or remove the dependency array.  react-hooks/exhaustive-deps

./app/shop/pos/page.tsx
291:8  Warning: React Hook useEffect has a missing dependency: 'handleScan'. Either include it or remove the dependency array.  react-hooks/exhaustive-deps

./app/shop/purchases/page.tsx
78:8  Warning: React Hook useEffect has a missing dependency: 'fetchPurchases'. Either include it or remove the dependency array.  react-hooks/exhaustive-deps

./app/shop/reports/categories/page.tsx
29:8  Warning: React Hook useEffect has a missing dependency: 'fetchData'. Either include it or remove the dependency array.  react-hooks/exhaustive-deps

./app/shop/reports/finance/page.tsx
58:8  Warning: React Hook useEffect has a missing dependency: 'fetchReport'. Either include it or remove the dependency array.  react-hooks/exhaustive-deps

./app/shop/reports/ledger/page.tsx
23:8  Warning: React Hook useEffect has a missing dependency: 'fetchLedger'. Either include it or remove the dependency array.  react-hooks/exhaustive-deps

./app/shop/reports/page.tsx
72:8  Warning: React Hook useEffect has a missing dependency: 'fetchOverviewStats'. Either include it or remove the dependency array.  react-hooks/exhaustive-deps

./app/shop/reports/sales/page.tsx
24:8  Warning: React Hook useEffect has a missing dependency: 'fetchReport'. Either include it or remove the dependency array.  react-hooks/exhaustive-deps

./app/shop/vendors/page.tsx
38:8  Warning: React Hook useEffect has a missing dependency: 'fetchVendors'. Either include it or remove the dependency array.  react-hooks/exhaustive-deps

./app/shop/vendors/[id]/page.tsx
35:8  Warning: React Hook useEffect has a missing dependency: 'fetchVendorData'. Either include it or remove the dependency array.  react-hooks/exhaustive-deps

./app/telegram-expenses/page.tsx
55:6  Warning: React Hook useEffect has a missing dependency: 'fetchPendingExpenses'. Either include it or remove the dependency array.  react-hooks/exhaustive-deps

./components/common/FloatingChat.tsx
47:6  Warning: React Hook useEffect has a missing dependency: 'fetchChatRoom'. Either include it or remove the dependency array.  react-hooks/exhaustive-deps
354:17  Warning: Image elements must have an alt prop, either with meaningful text, or an empty string for decorative images.  jsx-a11y/alt-text

./components/expenses/MaterialExpenseForm.tsx
100:8  Warning: React Hook useEffect has a missing dependency: 'processReceiptFile'. Either include it or remove the dependency array.  react-hooks/exhaustive-deps

./components/expenses/VendorSelect.tsx
36:8  Warning: React Hook useEffect has a missing dependency: 'fetchVendors'. Either include it or remove the dependency array.  react-hooks/exhaustive-deps

./components/modals/VendorPaymentModal.tsx
60:8  Warning: React Hook useEffect has a missing dependency: 'fetchAccounts'. Either include it or remove the dependency array.  react-hooks/exhaustive-deps

info  - Need to disable some ESLint rules? Learn more here: https://nextjs.org/docs/basic-features/eslint#disabling-rules
node.exe : Failed to compile.
At line:1 char:1
+ & "C:\Program 
Files\nodejs/node.exe" 
"C:\Program 
Files\nodejs/node_mo ...
+ ~~~~~~~~~~~~~~~~~~~~~~~~~~~
~~~~~~~~~~~~~~~~~~~~~~~~~~~~~
~~~~~~~~~~~~~
    + CategoryInfo           
   : NotSpecified: (Failed   
  to compile.:String) [],    
 RemoteException
    + FullyQualifiedErrorId  
   : NativeCommandError
 

./app/projects/accounting/pag
e.tsx:175:9
Type error: Object literal 
may only specify known 
properties, and 
'totalExpenses' does not 
exist in type 'OverviewStats 
| ((prevState: OverviewStats 
| null) => OverviewStats | 
null)'.

[0m [90m 173 |[39m        
 totalIncome[33m:[39m stats
Data[33m.[39mtotalIncome[3
3m,[39m [90m// Total 
income (all time)[39m[0m
[0m [90m 174 |[39m        
 totalExpensesThisMonth[33m:
[39m statsData[33m.[39mtot
alExpensesThisMonth[33m,[39
m[0m
[0m[31m[1m>[22m[39m[90m
 175 |[39m         
totalExpenses[33m:[39m stat
sData[33m.[39mtotalExpenses
[33m,[39m [90m// Total 
expenses (all time, 
excluding fixed 
assets)[39m[0m
[0m [90m     |[39m        
 [31m[1m^[22m[39m[0m
[0m [90m 176 |[39m        
 fixedAssetExpenses[33m:[39
m statsData[33m.[39mfixedAs
setExpenses [33m||[39m 
[35m0[39m[33m,[39m 
[90m// Fixed asset expenses 
(all time)[39m[0m
[0m [90m 177 |[39m        
 fixedAssetExpensesThisMonth
[33m:[39m statsData[33m.[3
9mfixedAssetExpensesThisMonth
 [33m||[39m 
[35m0[39m[33m,[39m 
[90m// Fixed asset expenses 
this month[39m[0m
[0m [90m 178 |[39m        
 totalPayablesReceived[33m:
[39m statsData[33m.[39mtota
lPayablesReceived 
[33m||[39m 
[35m0[39m[33m,[39m[0m
