-----------------------------------------
Testing Transaction Edit Bug
Found Transaction ID: a0cb279e-3134-409a-8455-f2c1b7a1a075
Original Account ID: 3c156507-ea0a-4974-8a54-92f1e9dd519a | Balance: 1512.330000000075
Amount: -2150
Target Account ID: b7977303-0409-4c53-8330-0ab36481fad5 | Balance: 0

--- Simulating PUT request ---
Transaction 'accountId' updated in database.
prisma:info Starting a postgresql pool with 33 connections.
prisma:query SELECT "public"."transactions"."_id", "public"."transactions"."description", "public"."transactions"."amount", "public"."transactions"."type"::text, "public"."transactions"."transactionDate", "public"."transactions"."note", "public"."transactions"."createdAt", "public"."transactions"."updatedAt", "public"."transactions"."accountId", "public"."transactions"."fromAccountId", "public"."transactions"."toAccountId", "public"."transactions"."projectId", "public"."transactions"."expenseId", "public"."transactions"."customerId", "public"."transactions"."vendorId", "public"."transactions"."userId", "public"."transactions"."employeeId", "public"."transactions"."category", "public"."transactions"."companyId", "public"."transactions"."fiscalYearId", "public"."transactions"."shareholderId", "public"."transactions"."fixedAssetId" FROM "public"."transactions" WHERE ("public"."transactions"."accountId" = $1 OR "public"."transactions"."fromAccountId" = $2 OR "public"."transactions"."toAccountId" = $3) ORDER BY "public"."transactions"."transactionDate" ASC, "public"."transactions"."createdAt" ASC OFFSET $4
prisma:query UPDATE "public"."accounts" SET "balance" = $1, "updatedAt" = $2 WHERE ("public"."accounts"."_id" = $3 AND 1=1) RETURNING "public"."accounts"."_id", "public"."accounts"."name", "public"."accounts"."balance", "public"."accounts"."currency", "public"."accounts"."createdAt", "public"."accounts"."updatedAt", "public"."accounts"."companyId", "public"."accounts"."description", "public"."accounts"."isActive", "public"."accounts"."type"
prisma:query SELECT "public"."transactions"."_id", "public"."transactions"."description", "public"."transactions"."amount", "public"."transactions"."type"::text, "public"."transactions"."transactionDate", "public"."transactions"."note", "public"."transactions"."createdAt", "public"."transactions"."updatedAt", "public"."transactions"."accountId", "public"."transactions"."fromAccountId", "public"."transactions"."toAccountId", "public"."transactions"."projectId", "public"."transactions"."expenseId", "public"."transactions"."customerId", "public"."transactions"."vendorId", "public"."transactions"."userId", "public"."transactions"."employeeId", "public"."transactions"."category", "public"."transactions"."companyId", "public"."transactions"."fiscalYearId", "public"."transactions"."shareholderId", "public"."transactions"."fixedAssetId" FROM "public"."transactions" WHERE ("public"."transactions"."accountId" = $1 OR "public"."transactions"."fromAccountId" = $2 OR "public"."transactions"."toAccountId" = $3) ORDER BY "public"."transactions"."transactionDate" ASC, "public"."transactions"."createdAt" ASC OFFSET $4
prisma:query UPDATE "public"."accounts" SET "balance" = $1, "updatedAt" = $2 WHERE ("public"."accounts"."_id" = $3 AND 1=1) RETURNING "public"."accounts"."_id", "public"."accounts"."name", "public"."accounts"."balance", "public"."accounts"."currency", "public"."accounts"."createdAt", "public"."accounts"."updatedAt", "public"."accounts"."companyId", "public"."accounts"."description", "public"."accounts"."isActive", "public"."accounts"."type"
Recalculation finished.

--- Results ---
Original Account Balance: 3662.330000000075 (Expected: -637.669999999925)
Target Account Balance: -2150 (Expected: 2150)

--- Reverting ---
prisma:query SELECT "public"."transactions"."_id", "public"."transactions"."description", "public"."transactions"."amount", "public"."transactions"."type"::text, "public"."transactions"."transactionDate", "public"."transactions"."note", "public"."transactions"."createdAt", "public"."transactions"."updatedAt", "public"."transactions"."accountId", "public"."transactions"."fromAccountId", "public"."transactions"."toAccountId", "public"."transactions"."projectId", "public"."transactions"."expenseId", "public"."transactions"."customerId", "public"."transactions"."vendorId", "public"."transactions"."userId", "public"."transactions"."employeeId", "public"."transactions"."category", "public"."transactions"."companyId", "public"."transactions"."fiscalYearId", "public"."transactions"."shareholderId", "public"."transactions"."fixedAssetId" FROM "public"."transactions" WHERE ("public"."transactions"."accountId" = $1 OR "public"."transactions"."fromAccountId" = $2 OR "public"."transactions"."toAccountId" = $3) ORDER BY "public"."transactions"."transactionDate" ASC, "public"."transactions"."createdAt" ASC OFFSET $4
prisma:query UPDATE "public"."accounts" SET "balance" = $1, "updatedAt" = $2 WHERE ("public"."accounts"."_id" = $3 AND 1=1) RETURNING "public"."accounts"."_id", "public"."accounts"."name", "public"."accounts"."balance", "public"."accounts"."currency", "public"."accounts"."createdAt", "public"."accounts"."updatedAt", "public"."accounts"."companyId", "public"."accounts"."description", "public"."accounts"."isActive", "public"."accounts"."type"
prisma:query SELECT "public"."transactions"."_id", "public"."transactions"."description", "public"."transactions"."amount", "public"."transactions"."type"::text, "public"."transactions"."transactionDate", "public"."transactions"."note", "public"."transactions"."createdAt", "public"."transactions"."updatedAt", "public"."transactions"."accountId", "public"."transactions"."fromAccountId", "public"."transactions"."toAccountId", "public"."transactions"."projectId", "public"."transactions"."expenseId", "public"."transactions"."customerId", "public"."transactions"."vendorId", "public"."transactions"."userId", "public"."transactions"."employeeId", "public"."transactions"."category", "public"."transactions"."companyId", "public"."transactions"."fiscalYearId", "public"."transactions"."shareholderId", "public"."transactions"."fixedAssetId" FROM "public"."transactions" WHERE ("public"."transactions"."accountId" = $1 OR "public"."transactions"."fromAccountId" = $2 OR "public"."transactions"."toAccountId" = $3) ORDER BY "public"."transactions"."transactionDate" ASC, "public"."transactions"."createdAt" ASC OFFSET $4
prisma:query UPDATE "public"."accounts" SET "balance" = $1, "updatedAt" = $2 WHERE ("public"."accounts"."_id" = $3 AND 1=1) RETURNING "public"."accounts"."_id", "public"."accounts"."name", "public"."accounts"."balance", "public"."accounts"."currency", "public"."accounts"."createdAt", "public"."accounts"."updatedAt", "public"."accounts"."companyId", "public"."accounts"."description", "public"."accounts"."isActive", "public"."accounts"."type"
Reverted successfully.
