app/api/projects/accounting/accounts/[id]/route.ts(162,9): error TS2322: Type 'Decimal' is not assignable to type 'number | FloatFieldUpdateOperationsInput | undefined'.
